Component: ARM Compiler 5.06 update 3 (build 300) Tool: armlink [4d35c9]

==============================================================================

Section Cross References

    system_stm32f4xx.o(.text) refers to system_stm32f4xx.o(.data) for SystemCoreClock
    startup_stm32f4xx.o(STACK) refers (Special) to heapauxi.o(.text) for __use_two_region_memory
    startup_stm32f4xx.o(HEAP) refers (Special) to heapauxi.o(.text) for __use_two_region_memory
    startup_stm32f4xx.o(RESET) refers (Special) to heapauxi.o(.text) for __use_two_region_memory
    startup_stm32f4xx.o(RESET) refers to startup_stm32f4xx.o(STACK) for __initial_sp
    startup_stm32f4xx.o(RESET) refers to startup_stm32f4xx.o(.text) for Reset_Handler
    startup_stm32f4xx.o(RESET) refers to stm32f4xx_it.o(.text) for NMI_Handler
    startup_stm32f4xx.o(RESET) refers to usart3.o(.text) for DMA1_Stream1_IRQHandler
    startup_stm32f4xx.o(RESET) refers to rc.o(.text) for DMA1_Stream5_IRQHandler
    startup_stm32f4xx.o(RESET) refers to timer.o(.text) for TIM2_IRQHandler
    startup_stm32f4xx.o(RESET) refers to gun.o(.text) for TIM3_IRQHandler
    startup_stm32f4xx.o(RESET) refers to can2.o(.text) for CAN2_RX0_IRQHandler
    startup_stm32f4xx.o(RESET) refers to usart1.o(.text) for USART6_IRQHandler
    startup_stm32f4xx.o(.text) refers (Special) to heapauxi.o(.text) for __use_two_region_memory
    startup_stm32f4xx.o(.text) refers to system_stm32f4xx.o(.text) for SystemInit
    startup_stm32f4xx.o(.text) refers to __main.o(!!!main) for __main
    startup_stm32f4xx.o(.text) refers to startup_stm32f4xx.o(HEAP) for Heap_Mem
    startup_stm32f4xx.o(.text) refers to startup_stm32f4xx.o(STACK) for Stack_Mem
    main.o(.text) refers to bsp.o(.text) for BSP_Init
    main.o(.text) refers to noretval__2printf.o(.text) for __2printf
    bsp.o(.text) refers to misc.o(.text) for NVIC_PriorityGroupConfig
    bsp.o(.text) refers to delay.o(.text) for delay_init
    bsp.o(.text) refers to led.o(.text) for Led_Configuration
    bsp.o(.text) refers to laser.o(.text) for Laser_Configuration
    bsp.o(.text) refers to buzzer.o(.text) for Buzzer_Init
    bsp.o(.text) refers to usart1.o(.text) for USART1_Configuration
    bsp.o(.text) refers to usart3.o(.text) for USART3_DMA_Init
    bsp.o(.text) refers to can.o(.text) for CAN1_Mode_Init
    bsp.o(.text) refers to can2.o(.text) for CAN2_Mode_Init
    bsp.o(.text) refers to rc.o(.text) for RC_Init
    bsp.o(.text) refers to gun.o(.text) for PWM_Configuration
    bsp.o(.text) refers to controltask.o(.text) for WholeInitTask
    bsp.o(.text) refers to timer.o(.text) for TIM5_Int_Init
    delay.o(.text) refers to misc.o(.text) for SysTick_CLKSourceConfig
    delay.o(.text) refers to delay.o(.data) for fac_us
    usart1.o(.rev16_text) refers (Special) to use_no_semi_2.o(.text) for __use_no_semihosting
    usart1.o(.revsh_text) refers (Special) to use_no_semi_2.o(.text) for __use_no_semihosting
    usart1.o(.rrx_text) refers (Special) to use_no_semi_2.o(.text) for __use_no_semihosting
    usart1.o(.text) refers (Special) to use_no_semi_2.o(.text) for __use_no_semihosting
    usart1.o(.text) refers to stm32f4xx_rcc.o(.text) for RCC_AHB1PeriphClockCmd
    usart1.o(.text) refers to stm32f4xx_gpio.o(.text) for GPIO_PinAFConfig
    usart1.o(.text) refers to stm32f4xx_usart.o(.text) for USART_Init
    usart1.o(.text) refers to misc.o(.text) for NVIC_Init
    usart1.o(.text) refers to usart1.o(.data) for USART_RX_STA
    usart1.o(.text) refers to usart1.o(.bss) for USART_RX_BUF
    usart1.o(.bss) refers (Special) to use_no_semi_2.o(.text) for __use_no_semihosting
    usart1.o(.data) refers (Special) to use_no_semi_2.o(.text) for __use_no_semihosting
    usart3.o(.text) refers to stm32f4xx_rcc.o(.text) for RCC_AHB1PeriphClockCmd
    usart3.o(.text) refers to stm32f4xx_gpio.o(.text) for GPIO_PinAFConfig
    usart3.o(.text) refers to stm32f4xx_usart.o(.text) for USART_Init
    usart3.o(.text) refers to misc.o(.text) for NVIC_Init
    usart3.o(.text) refers to stm32f4xx_dma.o(.text) for DMA_DeInit
    usart3.o(.text) refers to usart3.o(.data) for isReceived
    usart3.o(.text) refers to usart3.o(.bss) for USART_RX_BUF3
    timer.o(.text) refers to stm32f4xx_rcc.o(.text) for RCC_APB1PeriphClockCmd
    timer.o(.text) refers to stm32f4xx_tim.o(.text) for TIM_TimeBaseInit
    timer.o(.text) refers to misc.o(.text) for NVIC_Init
    timer.o(.text) refers to controltask.o(.text) for Control_Task
    timer.o(.text) refers to imucontrol.o(.text) for IMUControlLoop
    timer.o(.text) refers to timer.o(.data) for TIM2Timeout
    buzzer.o(.text) refers to stm32f4xx_rcc.o(.text) for RCC_AHB1PeriphClockCmd
    buzzer.o(.text) refers to stm32f4xx_gpio.o(.text) for GPIO_Init
    buzzer.o(.text) refers to delay.o(.text) for delay_ms
    buzzer.o(.text) refers to rc.o(.bss) for RC_Ex_Ctl
    led.o(.text) refers to stm32f4xx_rcc.o(.text) for RCC_AHB1PeriphClockCmd
    led.o(.text) refers to stm32f4xx_gpio.o(.text) for GPIO_Init
[...]
    .text                                    0x08000a18   Section        0  timer.o(.text)
    .text                                    0x08000b14   Section        0  buzzer.o(.text)
    .text                                    0x08000bcc   Section        0  led.o(.text)
    .text                                    0x08000c30   Section        0  laser.o(.text)
    .text                                    0x08000c6c   Section        0  gun.o(.text)
    .text                                    0x08000e60   Section        0  can.o(.text)
    .text                                    0x08000fc4   Section        0  can2.o(.text)
    .text                                    0x08001184   Section        0  rc.o(.text)
    .text                                    0x08001520   Section        0  gimbalmotor.o(.text)
    .text                                    0x080016a8   Section        0  mpu6050_i2c.o(.text)
    .text                                    0x080019f0   Section        0  mpu6050_driver.o(.text)
    .text                                    0x08001eb4   Section        0  mpu6050_process.o(.text)
    .text                                    0x0800215c   Section        0  cmcontrol.o(.text)
    .text                                    0x08002698   Section        0  gimbalcontrol.o(.text)
    .text                                    0x08002d0c   Section        0  pid.o(.text)
    .text                                    0x08002f68   Section        0  imucontrol.o(.text)
    .text                                    0x08003098   Section        0  remotecontrol.o(.text)
    .text                                    0x080030f8   Section        0  shootcontrol.o(.text)
    .text                                    0x0800332c   Section        0  misc.o(.text)
    .text                                    0x0800340c   Section        0  stm32f4xx_can.o(.text)
    CheckITStatus                            0x08003c0f   Thumb Code    18  stm32f4xx_can.o(.text)
    .text                                    0x08003dfc   Section        0  stm32f4xx_dma.o(.text)
    .text                                    0x080041a4   Section        0  stm32f4xx_gpio.o(.text)
    .text                                    0x08004400   Section        0  stm32f4xx_rcc.o(.text)
    .text                                    0x08004988   Section        0  stm32f4xx_tim.o(.text)
    TI4_Config                               0x08005127   Thumb Code    80  stm32f4xx_tim.o(.text)
    TI3_Config                               0x08005189   Thumb Code    72  stm32f4xx_tim.o(.text)
    TI2_Config                               0x080051eb   Thumb Code    90  stm32f4xx_tim.o(.text)
    TI1_Config                               0x08005257   Thumb Code    58  stm32f4xx_tim.o(.text)
    .text                                    0x0800562c   Section        0  stm32f4xx_usart.o(.text)
    .text                                    0x08005a48   Section        0  controltask.o(.text)
    .text                                    0x08005ac0   Section        2  use_no_semi_2.o(.text)
    .text                                    0x08005ac4   Section        0  noretval__2printf.o(.text)
    .text                                    0x08005adc   Section        0  __printf.o(.text)
    .text                                    0x08005b44   Section        0  _printf_dec.o(.text)
    .text                                    0x08005bbc   Section        0  heapauxi.o(.text)
    .text                                    0x08005bc2   Section        2  use_no_semi.o(.text)
    .text                                    0x08005bc4   Section        0  _printf_intcommon.o(.text)
    .text                                    0x08005c78   Section        0  _printf_char_file.o(.text)
    .text                                    0x08005c9c   Section        0  _printf_char_common.o(.text)
    _printf_input_char                       0x08005c9d   Thumb Code    10  _printf_char_common.o(.text)
    .text                                    0x08005ccc   Section        0  ferror.o(.text)
    .text                                    0x08005cd4   Section       74  sys_stackheap_outer.o(.text)
    .text                                    0x08005d1e   Section        0  exit.o(.text)
    .text                                    0x08005d30   Section        8  libspace.o(.text)
    x$fpl$d2f                                0x08005d38   Section       98  d2f.o(x$fpl$d2f)
    $v0                                      0x08005d38   Number         0  d2f.o(x$fpl$d2f)
    x$fpl$dadd                               0x08005d9c   Section      336  daddsub_clz.o(x$fpl$dadd)
    $v0                                      0x08005d9c   Number         0  daddsub_clz.o(x$fpl$dadd)
    _dadd1                                   0x08005dad   Thumb Code     0  daddsub_clz.o(x$fpl$dadd)
    x$fpl$ddiv                               0x08005eec   Section      688  ddiv.o(x$fpl$ddiv)
    $v0                                      0x08005eec   Number         0  ddiv.o(x$fpl$ddiv)
    ddiv_entry                               0x08005ef3   Thumb Code     0  ddiv.o(x$fpl$ddiv)
    x$fpl$dfix                               0x0800619c   Section       94  dfix.o(x$fpl$dfix)
    $v0                                      0x0800619c   Number         0  dfix.o(x$fpl$dfix)
    x$fpl$dflt                               0x080061fa   Section       46  dflt_clz.o(x$fpl$dflt)
    $v0                                      0x080061fa   Number         0  dflt_clz.o(x$fpl$dflt)
    x$fpl$dmul                               0x08006228   Section      340  dmul.o(x$fpl$dmul)
    $v0                                      0x08006228   Number         0  dmul.o(x$fpl$dmul)
    x$fpl$dnaninf                            0x0800637c   Section      156  dnaninf.o(x$fpl$dnaninf)
    $v0                                      0x0800637c   Number         0  dnaninf.o(x$fpl$dnaninf)
    x$fpl$dretinf                            0x08006418   Section       12  dretinf.o(x$fpl$dretinf)
    $v0                                      0x08006418   Number         0  dretinf.o(x$fpl$dretinf)
    x$fpl$dsub                               0x08006424   Section      468  daddsub_clz.o(x$fpl$dsub)
    $v0                                      0x08006424   Number         0  daddsub_clz.o(x$fpl$dsub)
    _dsub1                                   0x08006435   Thumb Code     0  daddsub_clz.o(x$fpl$dsub)
    x$fpl$f2d                                0x080065f8   Section       86  f2d.o(x$fpl$f2d)
    $v0                                      0x080065f8   Number         0  f2d.o(x$fpl$f2d)
    x$fpl$fnaninf                            0x0800664e   Section      140  fnaninf.o(x$fpl$fnaninf)
    $v0                                      0x0800664e   Number         0  fnaninf.o(x$fpl$fnaninf)
    x$fpl$fpinit                             0x080066da   Section       10  fpinit.o(x$fpl$fpinit)
    $v0                                      0x080066da   Number         0  fpinit.o(x$fpl$fpinit)
    x$fpl$fretinf                            0x080066e4   Section       10  fretinf.o(x$fpl$fretinf)
    $v0                                      0x080066e4   Number         0  fretinf.o(x$fpl$fretinf)
    x$fpl$usenofp                            0x080066ee   Section        0  usenofp.o(x$fpl$usenofp)
    .data                                    0x20000000   Section       20  system_stm32f4xx.o(.data)
    .data                                    0x20000014   Section        4  delay.o(.data)
    fac_us                                   0x20000014   Data           1  delay.o(.data)
    fac_ms                                   0x20000016   Data           2  delay.o(.data)
    .data                                    0x20000018   Section        6  usart1.o(.data)
    .data                                    0x2000001e   Section        9  usart3.o(.data)
    Yaw_adjust                               0x20000022   Data           2  usart3.o(.data)
    Pitch_adjust                             0x20000024   Data           2  usart3.o(.data)
    isReceived                               0x20000026   Data           1  usart3.o(.data)
    .data                                    0x20000028   Section        5  timer.o(.data)
    .data                                    0x2000002e   Section        6  can2.o(.data)
    .data                                    0x20000034   Section        6  gimbalmotor.o(.data)
    .data                                    0x2000003c   Section       16  mpu6050_driver.o(.data)
    .data                                    0x2000004c   Section       36  mpu6050_process.o(.data)
    first_flag                               0x20000068   Data           4  mpu6050_process.o(.data)
    filter_cnt                               0x2000006c   Data           4  mpu6050_process.o(.data)
    .data                                    0x20000070   Section       12  cmcontrol.o(.data)
    .data                                    0x2000007c   Section       24  gimbalcontrol.o(.data)
    .data                                    0x20000094   Section        4  imucontrol.o(.data)
    IMU_count                                0x20000094   Data           4  imucontrol.o(.data)
    .data                                    0x20000098   Section        1  remotecontrol.o(.data)
    .data                                    0x2000009c   Section       18  shootcontrol.o(.data)
    friction_count                           0x200000a0   Data           4  shootcontrol.o(.data)
    friction_rc_ex                           0x200000a4   Data           1  shootcontrol.o(.data)
    gun_count                                0x200000a8   Data           4  shootcontrol.o(.data)
    .data                                    0x200000ae   Section       16  stm32f4xx_rcc.o(.data)
    APBAHBPrescTable                         0x200000ae   Data          16  stm32f4xx_rcc.o(.data)
    .data                                    0x200000c0   Section        4  controltask.o(.data)
    time_tick_1ms                            0x200000c0   Data           4  controltask.o(.data)
    .bss                                     0x200000c4   Section      200  usart1.o(.bss)
    .bss                                     0x2000018c   Section       70  usart3.o(.bss)
    .bss                                     0x200001d4   Section       40  can2.o(.bss)
    .bss                                     0x200001fc   Section       62  rc.o(.bss)
    .bss                                     0x2000023c   Section      100  mpu6050_driver.o(.bss)
    .bss                                     0x200002a0   Section       66  mpu6050_process.o(.bss)
    gyro_x_buffer                            0x200002c4   Data          10  mpu6050_process.o(.bss)
    gyro_y_buffer                            0x200002ce   Data          10  mpu6050_process.o(.bss)
    gyro_z_buffer                            0x200002d8   Data          10  mpu6050_process.o(.bss)
    .bss                                     0x200002e4   Section      248  gimbalcontrol.o(.bss)
    .bss                                     0x200003dc   Section       96  libspace.o(.bss)
    HEAP                                     0x20000440   Section      512  startup_stm32f4xx.o(HEAP)
    Heap_Mem                                 0x20000440   Data         512  startup_stm32f4xx.o(HEAP)
    STACK                                    0x20000640   Section     1024  startup_stm32f4xx.o(STACK)
    Stack_Mem                                0x20000640   Data        1024  startup_stm32f4xx.o(STACK)
    __initial_sp                             0x20000a40   Data           0  startup_stm32f4xx.o(STACK)

    Global Symbols

    Symbol Name                              Value     Ov Type        Size  Object(Section)

    BuildAttributes$$THM_ISAv4$E$P$D$K$B$S$7EM$VFPi3$EXTD16$VFPS$VFMA$PE$A:L22UL41UL21$X:L11$S22US41US21$IEEE1$IW$USESV6$~STKCKD$USESV7$~SHL$OSPACE$ROPI$EBA8$UX$STANDARDLIB$REQ8$PRES8$EABIv2 0x00000000   Number         0  anon$$obj.o ABSOLUTE
    __ARM_use_no_argv                        0x00000000   Number         0  main.o ABSOLUTE
    __ARM_exceptions_init                     - Undefined Weak Reference
    __alloca_initialize                       - Undefined Weak Reference
    __arm_preinit_                            - Undefined Weak Reference
    __cpp_initialize__aeabi_                  - Undefined Weak Reference
    __cxa_finalize                            - Undefined Weak Reference
    __rt_locale                               - Undefined Weak Reference
    __sigvec_lookup                           - Undefined Weak Reference
    _atexit_init                              - Undefined Weak Reference
    _call_atexit_fns                          - Undefined Weak Reference
    _clock_init                               - Undefined Weak Reference
    _fp_trap_init                             - Undefined Weak Reference
    _fp_trap_shutdown                         - Undefined Weak Reference
    _get_lc_collate                           - Undefined Weak Reference
    _get_lc_ctype                             - Undefined Weak Reference
    _get_lc_monetary                          - Undefined Weak Reference
    _get_lc_numeric                           - Undefined Weak Reference
    _get_lc_time                              - Undefined Weak Reference
    _getenv_init                              - Undefined Weak Reference
    _handle_redirection                       - Undefined Weak Reference
    _init_alloc                               - Undefined Weak Reference
    _init_user_alloc                          - Undefined Weak Reference
    _initio                                   - Undefined Weak Reference
    _mutex_acquire                            - Undefined Weak Reference
    _mutex_release                            - Undefined Weak Reference
    _printf_post_padding                      - Undefined Weak Reference
    _printf_pre_padding                       - Undefined Weak Reference
    _printf_truncate_signed                   - Undefined Weak Reference
    _printf_truncate_unsigned                 - Undefined Weak Reference
    _rand_init                                - Undefined Weak Reference
    _signal_finish                            - Undefined Weak Reference
    _signal_init                              - Undefined Weak Reference
    _terminate_alloc                          - Undefined Weak Reference
    _terminate_user_alloc                     - Undefined Weak Reference
    _terminateio                              - Undefined Weak Reference
    __Vectors_Size                           0x00000188   Number         0  startup_stm32f4xx.o ABSOLUTE
    __Vectors                                0x08000000   Data           4  startup_stm32f4xx.o(RESET)
    __Vectors_End                            0x08000188   Data           0  startup_stm32f4xx.o(RESET)
    __main                                   0x08000189   Thumb Code     8  __main.o(!!!main)
    __scatterload                            0x08000191   Thumb Code     0  __scatter.o(!!!scatter)
    __scatterload_rt2                        0x08000191   Thumb Code    44  __scatter.o(!!!scatter)
    __scatterload_rt2_thumb_only             0x08000191   Thumb Code     0  __scatter.o(!!!scatter)
    __scatterload_null                       0x0800019f   Thumb Code     0  __scatter.o(!!!scatter)
    __scatterload_copy                       0x080001c5   Thumb Code    26  __scatter_copy.o(!!handler_copy)
    __scatterload_zeroinit                   0x080001e1   Thumb Code    28  __scatter_zi.o(!!handler_zi)
    _printf_d                                0x080001fd   Thumb Code     0  _printf_d.o(.ARM.Collect$$_printf_percent$$00000009)
    _printf_percent                          0x080001fd   Thumb Code     0  _printf_percent.o(.ARM.Collect$$_printf_percent$$00000000)
    _printf_percent_end                      0x08000203   Thumb Code     0  _printf_percent_end.o(.ARM.Collect$$_printf_percent$$00000017)
    __rt_lib_init                            0x08000207   Thumb Code     0  libinit.o(.ARM.Collect$$libinit$$00000000)
    __rt_lib_init_fp_1                       0x08000209   Thumb Code     0  libinit2.o(.ARM.Collect$$libinit$$00000001)
    __rt_lib_init_alloca_1                   0x0800020d   Thumb Code     0  libinit2.o(.ARM.Collect$$libinit$$0000002E)
    __rt_lib_init_argv_1                     0x0800020d   Thumb Code     0  libinit2.o(.ARM.Collect$$libinit$$0000002C)
    __rt_lib_init_atexit_1                   0x0800020d   Thumb Code     0  libinit2.o(.ARM.Collect$$libinit$$0000001B)
    __rt_lib_init_clock_1                    0x0800020d   Thumb Code     0  libinit2.o(.ARM.Collect$$libinit$$00000021)
    __rt_lib_init_cpp_1                      0x0800020d   Thumb Code     0  libinit2.o(.ARM.Collect$$libinit$$00000032)
    __rt_lib_init_exceptions_1               0x0800020d   Thumb Code     0  libinit2.o(.ARM.Collect$$libinit$$00000030)
    __rt_lib_init_fp_trap_1                  0x0800020d   Thumb Code     0  libinit2.o(.ARM.Collect$$libinit$$0000001F)
    __rt_lib_init_getenv_1                   0x0800020d   Thumb Code     0  libinit2.o(.ARM.Collect$$libinit$$00000023)
    __rt_lib_init_heap_1                     0x0800020d   Thumb Code     0  libinit2.o(.ARM.Collect$$libinit$$0000000A)
    __rt_lib_init_lc_collate_1               0x0800020d   Thumb Code     0  libinit2.o(.ARM.Collect$$libinit$$00000011)
    __rt_lib_init_lc_ctype_1                 0x0800020d   Thumb Code     0  libinit2.o(.ARM.Collect$$libinit$$00000013)
    __rt_lib_init_lc_monetary_1              0x0800020d   Thumb Code     0  libinit2.o(.ARM.Collect$$libinit$$00000015)
    __rt_lib_init_lc_numeric_1               0x0800020d   Thumb Code     0  libinit2.o(.ARM.Collect$$libinit$$00000017)
    __rt_lib_init_lc_time_1                  0x0800020d   Thumb Code     0  libinit2.o(.ARM.Collect$$libinit$$00000019)
    __rt_lib_init_preinit_1                  0x0800020d   Thumb Code     0  libinit2.o(.ARM.Collect$$libinit$$00000004)
    __rt_lib_init_rand_1                     0x0800020d   Thumb Code     0  libinit2.o(.ARM.Collect$$libinit$$0000000E)
    __rt_lib_init_return                     0x0800020d   Thumb Code     0  libinit2.o(.ARM.Collect$$libinit$$00000033)
    __rt_lib_init_signal_1                   0x0800020d   Thumb Code     0  libinit2.o(.ARM.Collect$$libinit$$0000001D)
    __rt_lib_init_stdio_1                    0x0800020d   Thumb Code     0  libinit2.o(.ARM.Collect$$libinit$$00000025)
    __rt_lib_init_user_alloc_1               0x0800020d   Thumb Code     0  libinit2.o(.ARM.Collect$$libinit$$0000000C)
    __rt_lib_shutdown                        0x0800020f   Thumb Code     0  libshutdown.o(.ARM.Collect$$libshutdown$$00000000)
    __rt_lib_shutdown_cpp_1                  0x08000211   Thumb Code     0  libshutdown2.o(.ARM.Collect$$libshutdown$$00000002)
    __rt_lib_shutdown_fp_trap_1              0x08000211   Thumb Code     0  libshutdown2.o(.ARM.Collect$$libshutdown$$00000007)
    __rt_lib_shutdown_heap_1                 0x08000211   Thumb Code     0  libshutdown2.o(.ARM.Collect$$libshutdown$$0000000F)
    __rt_lib_shutdown_return                 0x08000211   Thumb Code     0  libshutdown2.o(.ARM.Collect$$libshutdown$$00000010)
    __rt_lib_shutdown_signal_1               0x08000211   Thumb Code     0  libshutdown2.o(.ARM.Collect$$libshutdown$$0000000A)
    __rt_lib_shutdown_stdio_1                0x08000211   Thumb Code     0  libshutdown2.o(.ARM.Collect$$libshutdown$$00000004)
    __rt_lib_shutdown_user_alloc_1           0x08000211   Thumb Code     0  libshutdown2.o(.ARM.Collect$$libshutdown$$0000000C)
    __rt_entry                               0x08000213   Thumb Code     0  __rtentry.o(.ARM.Collect$$rtentry$$00000000)
    __rt_entry_presh_1                       0x08000213   Thumb Code     0  __rtentry2.o(.ARM.Collect$$rtentry$$00000002)
    __rt_entry_sh                            0x08000213   Thumb Code     0  __rtentry4.o(.ARM.Collect$$rtentry$$00000004)
    __rt_entry_li                            0x08000219   Thumb Code     0  __rtentry2.o(.ARM.Collect$$rtentry$$0000000A)
    __rt_entry_postsh_1                      0x08000219   Thumb Code     0  __rtentry2.o(.ARM.Collect$$rtentry$$00000009)
    __rt_entry_main                          0x0800021d   Thumb Code     0  __rtentry2.o(.ARM.Collect$$rtentry$$0000000D)
    __rt_entry_postli_1                      0x0800021d   Thumb Code     0  __rtentry2.o(.ARM.Collect$$rtentry$$0000000C)
    __rt_exit                                0x08000225   Thumb Code     0  rtexit.o(.ARM.Collect$$rtexit$$00000000)
    __rt_exit_ls                             0x08000227   Thumb Code     0  rtexit2.o(.ARM.Collect$$rtexit$$00000003)
    __rt_exit_prels_1                        0x08000227   Thumb Code     0  rtexit2.o(.ARM.Collect$$rtexit$$00000002)
    __rt_exit_exit                           0x0800022b   Thumb Code     0  rtexit2.o(.ARM.Collect$$rtexit$$00000004)
    SystemInit                               0x0800030d   Thumb Code    88  system_stm32f4xx.o(.text)
    SystemCoreClockUpdate                    0x08000365   Thumb Code   174  system_stm32f4xx.o(.text)
    Reset_Handler                            0x08000441   Thumb Code     8  startup_stm32f4xx.o(.text)
    ADC_IRQHandler                           0x0800045b   Thumb Code     0  startup_stm32f4xx.o(.text)
    CAN1_RX0_IRQHandler                      0x0800045b   Thumb Code     0  startup_stm32f4xx.o(.text)
    CAN1_RX1_IRQHandler                      0x0800045b   Thumb Code     0  startup_stm32f4xx.o(.text)
    CAN1_SCE_IRQHandler                      0x0800045b   Thumb Code     0  startup_stm32f4xx.o(.text)
    CAN1_TX_IRQHandler                       0x0800045b   Thumb Code     0  startup_stm32f4xx.o(.text)
    CAN2_RX1_IRQHandler                      0x0800045b   Thumb Code     0  startup_stm32f4xx.o(.text)
    CAN2_SCE_IRQHandler                      0x0800045b   Thumb Code     0  startup_stm32f4xx.o(.text)
    CAN2_TX_IRQHandler                       0x0800045b   Thumb Code     0  startup_stm32f4xx.o(.text)
    CRYP_IRQHandler                          0x0800045b   Thumb Code     0  startup_stm32f4xx.o(.text)
    DCMI_IRQHandler                          0x0800045b   Thumb Code     0  startup_stm32f4xx.o(.text)
    DMA1_Stream0_IRQHandler                  0x0800045b   Thumb Code     0  startup_stm32f4xx.o(.text)
    DMA1_Stream2_IRQHandler                  0x0800045b   Thumb Code     0  startup_stm32f4xx.o(.text)
    DMA1_Stream3_IRQHandler                  0x0800045b   Thumb Code     0  startup_stm32f4xx.o(.text)
    DMA1_Stream4_IRQHandler                  0x0800045b   Thumb Code     0  startup_stm32f4xx.o(.text)
    DMA1_Stream6_IRQHandler                  0x0800045b   Thumb Code     0  startup_stm32f4xx.o(.text)
    DMA1_Stream7_IRQHandler                  0x0800045b   Thumb Code     0  startup_stm32f4xx.o(.text)
    DMA2_Stream0_IRQHandler                  0x0800045b   Thumb Code     0  startup_stm32f4xx.o(.text)
    DMA2_Stream1_IRQHandler                  0x0800045b   Thumb Code     0  startup_stm32f4xx.o(.text)
    DMA2_Stream2_IRQHandler                  0x0800045b   Thumb Code     0  startup_stm32f4xx.o(.text)
    DMA2_Stream3_IRQHandler                  0x0800045b   Thumb Code     0  startup_stm32f4xx.o(.text)
    DMA2_Stream4_IRQHandler                  0x0800045b   Thumb Code     0  startup_stm32f4xx.o(.text)
    DMA2_Stream5_IRQHandler                  0x0800045b   Thumb Code     0  startup_stm32f4xx.o(.text)
    DMA2_Stream6_IRQHandler                  0x0800045b   Thumb Code     0  startup_stm32f4xx.o(.text)
    DMA2_Stream7_IRQHandler                  0x0800045b   Thumb Code     0  startup_stm32f4xx.o(.text)
    ETH_IRQHandler                           0x0800045b   Thumb Code     0  startup_stm32f4xx.o(.text)
    ETH_WKUP_IRQHandler                      0x0800045b   Thumb Code     0  startup_stm32f4xx.o(.text)
    EXTI0_IRQHandler                         0x0800045b   Thumb Code     0  startup_stm32f4xx.o(.text)
    EXTI15_10_IRQHandler                     0x0800045b   Thumb Code     0  startup_stm32f4xx.o(.text)
    EXTI1_IRQHandler                         0x0800045b   Thumb Code     0  startup_stm32f4xx.o(.text)
    EXTI2_IRQHandler                         0x0800045b   Thumb Code     0  startup_stm32f4xx.o(.text)
    EXTI3_IRQHandler                         0x0800045b   Thumb Code     0  startup_stm32f4xx.o(.text)
    EXTI4_IRQHandler                         0x0800045b   Thumb Code     0  startup_stm32f4xx.o(.text)
    EXTI9_5_IRQHandler                       0x0800045b   Thumb Code     0  startup_stm32f4xx.o(.text)
    FLASH_IRQHandler                         0x0800045b   Thumb Code     0  startup_stm32f4xx.o(.text)
    FPU_IRQHandler                           0x0800045b   Thumb Code     0  startup_stm32f4xx.o(.text)
    FSMC_IRQHandler                          0x0800045b   Thumb Code     0  startup_stm32f4xx.o(.text)
    HASH_RNG_IRQHandler                      0x0800045b   Thumb Code     0  startup_stm32f4xx.o(.text)
    I2C1_ER_IRQHandler                       0x0800045b   Thumb Code     0  startup_stm32f4xx.o(.text)
    I2C1_EV_IRQHandler                       0x0800045b   Thumb Code     0  startup_stm32f4xx.o(.text)
    I2C2_ER_IRQHandler                       0x0800045b   Thumb Code     0  startup_stm32f4xx.o(.text)
    I2C2_EV_IRQHandler                       0x0800045b   Thumb Code     0  startup_stm32f4xx.o(.text)
    I2C3_ER_IRQHandler                       0x0800045b   Thumb Code     0  startup_stm32f4xx.o(.text)
    I2C3_EV_IRQHandler                       0x0800045b   Thumb Code     0  startup_stm32f4xx.o(.text)
    OTG_FS_IRQHandler                        0x0800045b   Thumb Code     0  startup_stm32f4xx.o(.text)
    OTG_FS_WKUP_IRQHandler                   0x0800045b   Thumb Code     0  startup_stm32f4xx.o(.text)
    OTG_HS_EP1_IN_IRQHandler                 0x0800045b   Thumb Code     0  startup_stm32f4xx.o(.text)
    OTG_HS_EP1_OUT_IRQHandler                0x0800045b   Thumb Code     0  startup_stm32f4xx.o(.text)
    OTG_HS_IRQHandler                        0x0800045b   Thumb Code     0  startup_stm32f4xx.o(.text)
    OTG_HS_WKUP_IRQHandler                   0x0800045b   Thumb Code     0  startup_stm32f4xx.o(.text)
    PVD_IRQHandler                           0x0800045b   Thumb Code     0  startup_stm32f4xx.o(.text)
    RCC_IRQHandler                           0x0800045b   Thumb Code     0  startup_stm32f4xx.o(.text)
    RTC_Alarm_IRQHandler                     0x0800045b   Thumb Code     0  startup_stm32f4xx.o(.text)
    RTC_WKUP_IRQHandler                      0x0800045b   Thumb Code     0  startup_stm32f4xx.o(.text)
    SDIO_IRQHandler                          0x0800045b   Thumb Code     0  startup_stm32f4xx.o(.text)
    SPI1_IRQHandler                          0x0800045b   Thumb Code     0  startup_stm32f4xx.o(.text)
    SPI2_IRQHandler                          0x0800045b   Thumb Code     0  startup_stm32f4xx.o(.text)
    SPI3_IRQHandler                          0x0800045b   Thumb Code     0  startup_stm32f4xx.o(.text)
    TAMP_STAMP_IRQHandler                    0x0800045b   Thumb Code     0  startup_stm32f4xx.o(.text)
    TIM1_BRK_TIM9_IRQHandler                 0x0800045b   Thumb Code     0  startup_stm32f4xx.o(.text)
    TIM1_CC_IRQHandler                       0x0800045b   Thumb Code     0  startup_stm32f4xx.o(.text)
    TIM1_TRG_COM_TIM11_IRQHandler            0x0800045b   Thumb Code     0  startup_stm32f4xx.o(.text)
    TIM1_UP_TIM10_IRQHandler                 0x0800045b   Thumb Code     0  startup_stm32f4xx.o(.text)
    TIM6_DAC_IRQHandler                      0x0800045b   Thumb Code     0  startup_stm32f4xx.o(.text)
    TIM7_IRQHandler                          0x0800045b   Thumb Code     0  startup_stm32f4xx.o(.text)
    TIM8_BRK_TIM12_IRQHandler                0x0800045b   Thumb Code     0  startup_stm32f4xx.o(.text)
    TIM8_CC_IRQHandler                       0x0800045b   Thumb Code     0  startup_stm32f4xx.o(.text)
    TIM8_TRG_COM_TIM14_IRQHandler            0x0800045b   Thumb Code     0  startup_stm32f4xx.o(.text)
    TIM8_UP_TIM13_IRQHandler                 0x0800045b   Thumb Code     0  startup_stm32f4xx.o(.text)
    UART4_IRQHandler                         0x0800045b   Thumb Code     0  startup_stm32f4xx.o(.text)
    UART5_IRQHandler                         0x0800045b   Thumb Code     0  startup_stm32f4xx.o(.text)
    USART1_IRQHandler                        0x0800045b   Thumb Code     0  startup_stm32f4xx.o(.text)
    USART2_IRQHandler                        0x0800045b   Thumb Code     0  startup_stm32f4xx.o(.text)
    USART3_IRQHandler                        0x0800045b   Thumb Code     0  startup_stm32f4xx.o(.text)
    WWDG_IRQHandler                          0x0800045b   Thumb Code     0  startup_stm32f4xx.o(.text)
    __user_initial_stackheap                 0x0800045d   Thumb Code     0  startup_stm32f4xx.o(.text)
    main                                     0x08000481   Thumb Code    14  main.o(.text)
    NMI_Handler                              0x080004a5   Thumb Code     2  stm32f4xx_it.o(.text)
    HardFault_Handler                        0x080004a7   Thumb Code     4  stm32f4xx_it.o(.text)
    MemManage_Handler                        0x080004ab   Thumb Code     4  stm32f4xx_it.o(.text)
    BusFault_Handler                         0x080004af   Thumb Code     4  stm32f4xx_it.o(.text)
    UsageFault_Handler                       0x080004b3   Thumb Code     4  stm32f4xx_it.o(.text)
    SVC_Handler                              0x080004b7   Thumb Code     2  stm32f4xx_it.o(.text)
    DebugMon_Handler                         0x080004b9   Thumb Code     2  stm32f4xx_it.o(.text)
    PendSV_Handler                           0x080004bb   Thumb Code     2  stm32f4xx_it.o(.text)
    SysTick_Handler                          0x080004bd   Thumb Code     2  stm32f4xx_it.o(.text)
    BSP_Init                                 0x080004bf   Thumb Code    92  bsp.o(.text)
    delay_init                               0x0800051d   Thumb Code    52  delay.o(.text)
    delay_us                                 0x08000551   Thumb Code    72  delay.o(.text)
    delay_xms                                0x08000599   Thumb Code    72  delay.o(.text)
    delay_ms                                 0x080005e1   Thumb Code    56  delay.o(.text)
    _sys_exit                                0x08000621   Thumb Code     6  usart1.o(.text)
    fputc                                    0x08000627   Thumb Code    24  usart1.o(.text)
    USART1_Configuration                     0x0800063f   Thumb Code   170  usart1.o(.text)
    USART6_IRQHandler                        0x080006e9   Thumb Code   126  usart1.o(.text)
    USART3_Configuration                     0x08000779   Thumb Code   172  usart3.o(.text)
    USART3_SendChar                          0x08000825   Thumb Code    28  usart3.o(.text)
    resetIsReceive                           0x08000841   Thumb Code     8  usart3.o(.text)
    getIsReceive                             0x08000849   Thumb Code     6  usart3.o(.text)
    RS232_VisualScope                        0x08000889   Thumb Code    70  usart3.o(.text)
    USART3_DMA_Init                          0x080008cf   Thumb Code   270  usart3.o(.text)
    DMA1_Stream1_IRQHandler                  0x080009dd   Thumb Code    30  usart3.o(.text)
    TIM5_Int_Init                            0x08000a19   Thumb Code    88  timer.o(.text)
    TIM5_IRQHandler                          0x08000a71   Thumb Code    28  timer.o(.text)
    TIM2_Int_Init                            0x08000a8d   Thumb Code    88  timer.o(.text)
    TIM2_IRQHandler                          0x08000ae5   Thumb Code    38  timer.o(.text)
    Buzzer_Init                              0x08000b15   Thumb Code    54  buzzer.o(.text)
    Start                                    0x08000b4b   Thumb Code    82  buzzer.o(.text)
    Buzzer_toggle                            0x08000b9d   Thumb Code    40  buzzer.o(.text)
    Led_Configuration                        0x08000bcd   Thumb Code    96  led.o(.text)
    Laser_Configuration                      0x08000c31   Thumb Code    56  laser.o(.text)
    PWM_Configuration                        0x08000c6d   Thumb Code   444  gun.o(.text)
    TIM4_IRQHandler                          0x08000e29   Thumb Code    20  gun.o(.text)
    TIM3_IRQHandler                          0x08000e3d   Thumb Code    20  gun.o(.text)
    CAN1_Mode_Init                           0x08000e61   Thumb Code   252  can.o(.text)
    CAN1_Send_Bottom                         0x08000f5d   Thumb Code    96  can.o(.text)
    CAN2_Mode_Init                           0x08000fc5   Thumb Code   254  can2.o(.text)
    CAN2_RX0_IRQHandler                      0x080010c3   Thumb Code    92  can2.o(.text)
    Cmd_ESC                                  0x0800111f   Thumb Code    82  can2.o(.text)
    RC_Init                                  0x08001185   Thumb Code   256  rc.o(.text)
    ItoE                                     0x08001285   Thumb Code   104  rc.o(.text)
    DMA1_Stream5_IRQHandler                  0x080012ed   Thumb Code   252  rc.o(.text)
    TestRc                                   0x080013e9   Thumb Code   128  rc.o(.text)
    MotorCurrentLegalize                     0x08001521   Thumb Code    50  gimbalmotor.o(.text)
    MotorStopPit                             0x08001553   Thumb Code    34  gimbalmotor.o(.text)
    MotorRotatePit                           0x08001575   Thumb Code    78  gimbalmotor.o(.text)
    MotorSetCurrentPit                       0x080015c3   Thumb Code    46  gimbalmotor.o(.text)
    MotorStopYaw                             0x080015f1   Thumb Code    34  gimbalmotor.o(.text)
    MotorRotateYaw                           0x08001613   Thumb Code    78  gimbalmotor.o(.text)
    MotorSetCurrentYaw                       0x08001661   Thumb Code    46  gimbalmotor.o(.text)
    IIC_Delay                                0x080016a9   Thumb Code    26  mpu6050_i2c.o(.text)
    HEAT_Configuration                       0x080016c3   Thumb Code    50  mpu6050_i2c.o(.text)
    IIC_GPIO_Init                            0x080016f5   Thumb Code    42  mpu6050_i2c.o(.text)
    IIC_SDA_Out                              0x0800171f   Thumb Code    34  mpu6050_i2c.o(.text)
    IIC_SDA_In                               0x08001741   Thumb Code    38  mpu6050_i2c.o(.text)
    IIC_Start                                0x08001767   Thumb Code    60  mpu6050_i2c.o(.text)
    IIC_Stop                                 0x080017a3   Thumb Code    60  mpu6050_i2c.o(.text)
    IIC_Ack                                  0x080017df   Thumb Code    66  mpu6050_i2c.o(.text)
    IIC_WaitAck                              0x08001821   Thumb Code    88  mpu6050_i2c.o(.text)
    IIC_WriteBit                             0x08001879   Thumb Code    96  mpu6050_i2c.o(.text)
    IIC_ReadBit                              0x080018d9   Thumb Code    86  mpu6050_i2c.o(.text)
    IIC_WriteData                            0x0800192f   Thumb Code    68  mpu6050_i2c.o(.text)
    IIC_ReadData                             0x08001973   Thumb Code   122  mpu6050_i2c.o(.text)
    MPU6050_ReadData                         0x080019f1   Thumb Code   566  mpu6050_driver.o(.text)
    MPU6050_Initialization                   0x08001c27   Thumb Code   376  mpu6050_driver.o(.text)
    MPU6050_Gyro_calibration                 0x08001d9f   Thumb Code   260  mpu6050_driver.o(.text)
    MPU6050_Configuration                    0x08001eb5   Thumb Code    50  mpu6050_process.o(.text)
    MPU6050_Data_Filter                      0x08001ee7   Thumb Code   318  mpu6050_process.o(.text)
    MPU6050_Angle_Calculate                  0x08002025   Thumb Code   138  mpu6050_process.o(.text)
    CalculateAngleRateGyro                   0x080020af   Thumb Code    88  mpu6050_process.o(.text)
    CMControlInit                            0x0800215d   Thumb Code    16  cmcontrol.o(.text)
    move                                     0x0800216d   Thumb Code   578  cmcontrol.o(.text)
    keyboardmove                             0x080023af   Thumb Code   392  cmcontrol.o(.text)
    followValCal                             0x08002537   Thumb Code   148  cmcontrol.o(.text)
    CMControlLoop                            0x080025cb   Thumb Code   156  cmcontrol.o(.text)
    gearChange                               0x08002667   Thumb Code    24  cmcontrol.o(.text)
    GimbalStop                               0x08002699   Thumb Code    34  gimbalcontrol.o(.text)
    PidWholeInit                             0x080026bb   Thumb Code   164  gimbalcontrol.o(.text)
    GimbalControlInit                        0x0800275f   Thumb Code    12  gimbalcontrol.o(.text)
    GimbalSpeedControl                       0x0800276b   Thumb Code   102  gimbalcontrol.o(.text)
    GimbalPositionControl                    0x080027d1   Thumb Code    64  gimbalcontrol.o(.text)
    GimbalControl_Yaw                        0x08002811   Thumb Code   134  gimbalcontrol.o(.text)
    GimbalControl_Pitch                      0x08002897   Thumb Code   130  gimbalcontrol.o(.text)
    MotorPositionLegalize                    0x08002919   Thumb Code    46  gimbalcontrol.o(.text)
    GimbalControlValSet                      0x08002947   Thumb Code   866  gimbalcontrol.o(.text)
    GimbalControlLoop                        0x08002ca9   Thumb Code    52  gimbalcontrol.o(.text)
    PID_BitIsSet                             0x08002d0d   Thumb Code    18  pid.o(.text)
    PID_Init                                 0x08002d1f   Thumb Code    34  pid.o(.text)
    SetPIDCR                                 0x08002d41   Thumb Code    16  pid.o(.text)
    PID_PreCalc                              0x08002d51   Thumb Code   162  pid.o(.text)
    PID_Calc                                 0x08002df3   Thumb Code   366  pid.o(.text)
    IMUControlInit                           0x08002f69   Thumb Code    50  imucontrol.o(.text)
    IMUControlLoop                           0x08002f9b   Thumb Code   212  imucontrol.o(.text)
    RemoteControlInit                        0x08003099   Thumb Code    18  remotecontrol.o(.text)
    RemoteStateControl                       0x080030ab   Thumb Code    54  remotecontrol.o(.text)
    RemoteControlLoop                        0x080030e1   Thumb Code    16  remotecontrol.o(.text)
    ShootStop                                0x080030f9   Thumb Code    54  shootcontrol.o(.text)
    ShootControlInit                         0x0800312f   Thumb Code    16  shootcontrol.o(.text)
    GunShootAction                           0x0800313f   Thumb Code   130  shootcontrol.o(.text)
    GunControl                               0x080031c1   Thumb Code    38  shootcontrol.o(.text)
    FrictionControl                          0x080031e7   Thumb Code    74  shootcontrol.o(.text)
    FrictionJugg                             0x08003231   Thumb Code   138  shootcontrol.o(.text)
    ShootControlLoop                         0x080032bb   Thumb Code    72  shootcontrol.o(.text)
    NVIC_PriorityGroupConfig                 0x0800332d   Thumb Code    10  misc.o(.text)
    NVIC_Init                                0x08003337   Thumb Code   106  misc.o(.text)
    NVIC_SetVectorTable                      0x080033a1   Thumb Code    14  misc.o(.text)
    NVIC_SystemLPConfig                      0x080033af   Thumb Code    34  misc.o(.text)
    SysTick_CLKSourceConfig                  0x080033d1   Thumb Code    40  misc.o(.text)
    CAN_DeInit                               0x0800340d   Thumb Code    50  stm32f4xx_can.o(.text)
    CAN_Init                                 0x0800343f   Thumb Code   276  stm32f4xx_can.o(.text)
    CAN_FilterInit                           0x08003553   Thumb Code   258  stm32f4xx_can.o(.text)
    CAN_StructInit                           0x08003655   Thumb Code    32  stm32f4xx_can.o(.text)
    CAN_SlaveStartBank                       0x08003675   Thumb Code    48  stm32f4xx_can.o(.text)
    CAN_DBGFreeze                            0x080036a5   Thumb Code    22  stm32f4xx_can.o(.text)
    CAN_TTComModeCmd                         0x080036bb   Thumb Code   118  stm32f4xx_can.o(.text)
    CAN_Transmit                             0x08003731   Thumb Code   304  stm32f4xx_can.o(.text)
    CAN_TransmitStatus                       0x08003861   Thumb Code   138  stm32f4xx_can.o(.text)
    CAN_CancelTransmit                       0x080038eb   Thumb Code    48  stm32f4xx_can.o(.text)
    CAN_Receive                              0x0800391b   Thumb Code   240  stm32f4xx_can.o(.text)
    CAN_FIFORelease                          0x08003a0b   Thumb Code    22  stm32f4xx_can.o(.text)
    CAN_MessagePending                       0x08003a21   Thumb Code    30  stm32f4xx_can.o(.text)
    CAN_OperatingModeRequest                 0x08003a3f   Thumb Code   162  stm32f4xx_can.o(.text)
    CAN_Sleep                                0x08003ae1   Thumb Code    30  stm32f4xx_can.o(.text)
    CAN_WakeUp                               0x08003aff   Thumb Code    48  stm32f4xx_can.o(.text)
    CAN_GetLastErrorCode                     0x08003b2f   Thumb Code    12  stm32f4xx_can.o(.text)
    CAN_GetReceiveErrorCounter               0x08003b3b   Thumb Code    10  stm32f4xx_can.o(.text)
    CAN_GetLSBTransmitErrorCounter           0x08003b45   Thumb Code    12  stm32f4xx_can.o(.text)
    CAN_ITConfig                             0x08003b51   Thumb Code    18  stm32f4xx_can.o(.text)
    CAN_GetFlagStatus                        0x08003b63   Thumb Code   120  stm32f4xx_can.o(.text)
    CAN_ClearFlag                            0x08003bdb   Thumb Code    52  stm32f4xx_can.o(.text)
    CAN_GetITStatus                          0x08003c21   Thumb Code   310  stm32f4xx_can.o(.text)
    CAN_ClearITPendingBit                    0x08003d57   Thumb Code   162  stm32f4xx_can.o(.text)
    DMA_DeInit                               0x08003dfd   Thumb Code   324  stm32f4xx_dma.o(.text)
    DMA_Init                                 0x08003f41   Thumb Code    82  stm32f4xx_dma.o(.text)
    DMA_StructInit                           0x08003f93   Thumb Code    34  stm32f4xx_dma.o(.text)
    DMA_Cmd                                  0x08003fb5   Thumb Code    22  stm32f4xx_dma.o(.text)
    DMA_PeriphIncOffsetSizeConfig            0x08003fcb   Thumb Code    22  stm32f4xx_dma.o(.text)
    DMA_FlowControllerConfig                 0x08003fe1   Thumb Code    22  stm32f4xx_dma.o(.text)
    DMA_SetCurrDataCounter                   0x08003ff7   Thumb Code     4  stm32f4xx_dma.o(.text)
    DMA_GetCurrDataCounter                   0x08003ffb   Thumb Code     8  stm32f4xx_dma.o(.text)
    DMA_DoubleBufferModeConfig               0x08004003   Thumb Code    24  stm32f4xx_dma.o(.text)
    DMA_DoubleBufferModeCmd                  0x0800401b   Thumb Code    22  stm32f4xx_dma.o(.text)
    DMA_MemoryTargetConfig                   0x08004031   Thumb Code    10  stm32f4xx_dma.o(.text)
    DMA_GetCurrentMemoryTarget               0x0800403b   Thumb Code    20  stm32f4xx_dma.o(.text)
    DMA_GetCmdStatus                         0x0800404f   Thumb Code    20  stm32f4xx_dma.o(.text)
    DMA_GetFIFOStatus                        0x08004063   Thumb Code    12  stm32f4xx_dma.o(.text)
    DMA_GetFlagStatus                        0x0800406f   Thumb Code    56  stm32f4xx_dma.o(.text)
    DMA_ClearFlag                            0x080040a7   Thumb Code    40  stm32f4xx_dma.o(.text)
    DMA_ITConfig                             0x080040cf   Thumb Code    58  stm32f4xx_dma.o(.text)
    DMA_GetITStatus                          0x08004109   Thumb Code    84  stm32f4xx_dma.o(.text)
    DMA_ClearITPendingBit                    0x0800415d   Thumb Code    40  stm32f4xx_dma.o(.text)
    GPIO_DeInit                              0x080041a5   Thumb Code   220  stm32f4xx_gpio.o(.text)
    GPIO_Init                                0x08004281   Thumb Code   144  stm32f4xx_gpio.o(.text)
    GPIO_StructInit                          0x08004311   Thumb Code    18  stm32f4xx_gpio.o(.text)
    GPIO_PinLockConfig                       0x08004323   Thumb Code    34  stm32f4xx_gpio.o(.text)
    GPIO_ReadInputDataBit                    0x08004345   Thumb Code    18  stm32f4xx_gpio.o(.text)
    GPIO_ReadInputData                       0x08004357   Thumb Code     8  stm32f4xx_gpio.o(.text)
    GPIO_ReadOutputDataBit                   0x0800435f   Thumb Code    18  stm32f4xx_gpio.o(.text)
    GPIO_ReadOutputData                      0x08004371   Thumb Code     8  stm32f4xx_gpio.o(.text)
    GPIO_SetBits                             0x08004379   Thumb Code     4  stm32f4xx_gpio.o(.text)
    GPIO_ResetBits                           0x0800437d   Thumb Code     4  stm32f4xx_gpio.o(.text)
    GPIO_WriteBit                            0x08004381   Thumb Code    10  stm32f4xx_gpio.o(.text)
    GPIO_Write                               0x0800438b   Thumb Code     4  stm32f4xx_gpio.o(.text)
    GPIO_ToggleBits                          0x0800438f   Thumb Code     8  stm32f4xx_gpio.o(.text)
    GPIO_PinAFConfig                         0x08004397   Thumb Code    70  stm32f4xx_gpio.o(.text)
    RCC_DeInit                               0x08004401   Thumb Code    60  stm32f4xx_rcc.o(.text)
    RCC_HSEConfig                            0x0800443d   Thumb Code    14  stm32f4xx_rcc.o(.text)
    RCC_GetFlagStatus                        0x0800444b   Thumb Code    60  stm32f4xx_rcc.o(.text)
    RCC_WaitForHSEStartUp                    0x08004487   Thumb Code    56  stm32f4xx_rcc.o(.text)
    RCC_AdjustHSICalibrationValue            0x080044bf   Thumb Code    20  stm32f4xx_rcc.o(.text)
    RCC_HSICmd                               0x080044d3   Thumb Code     6  stm32f4xx_rcc.o(.text)
    RCC_LSEConfig                            0x080044d9   Thumb Code    46  stm32f4xx_rcc.o(.text)
    RCC_LSICmd                               0x08004507   Thumb Code     6  stm32f4xx_rcc.o(.text)
    RCC_PLLConfig                            0x0800450d   Thumb Code    32  stm32f4xx_rcc.o(.text)
    RCC_PLLCmd                               0x0800452d   Thumb Code     6  stm32f4xx_rcc.o(.text)
    RCC_PLLI2SConfig                         0x08004533   Thumb Code    14  stm32f4xx_rcc.o(.text)
    RCC_PLLI2SCmd                            0x08004541   Thumb Code     6  stm32f4xx_rcc.o(.text)
    RCC_ClockSecuritySystemCmd               0x08004547   Thumb Code     6  stm32f4xx_rcc.o(.text)
    RCC_MCO1Config                           0x0800454d   Thumb Code    28  stm32f4xx_rcc.o(.text)
    RCC_MCO2Config                           0x08004569   Thumb Code    28  stm32f4xx_rcc.o(.text)
    RCC_SYSCLKConfig                         0x08004585   Thumb Code    20  stm32f4xx_rcc.o(.text)
    RCC_GetSYSCLKSource                      0x08004599   Thumb Code    12  stm32f4xx_rcc.o(.text)
    RCC_HCLKConfig                           0x080045a5   Thumb Code    20  stm32f4xx_rcc.o(.text)
    RCC_PCLK1Config                          0x080045b9   Thumb Code    20  stm32f4xx_rcc.o(.text)
    RCC_PCLK2Config                          0x080045cd   Thumb Code    22  stm32f4xx_rcc.o(.text)
    RCC_GetClocksFreq                        0x080045e3   Thumb Code   222  stm32f4xx_rcc.o(.text)
    RCC_RTCCLKConfig                         0x080046c1   Thumb Code    54  stm32f4xx_rcc.o(.text)
    RCC_RTCCLKCmd                            0x080046f7   Thumb Code     8  stm32f4xx_rcc.o(.text)
    RCC_BackupResetCmd                       0x080046ff   Thumb Code     8  stm32f4xx_rcc.o(.text)
    RCC_I2SCLKConfig                         0x08004707   Thumb Code     6  stm32f4xx_rcc.o(.text)
    RCC_AHB1PeriphClockCmd                   0x0800470d   Thumb Code    34  stm32f4xx_rcc.o(.text)
    RCC_AHB2PeriphClockCmd                   0x0800472f   Thumb Code    34  stm32f4xx_rcc.o(.text)
    RCC_AHB3PeriphClockCmd                   0x08004751   Thumb Code    34  stm32f4xx_rcc.o(.text)
    RCC_APB1PeriphClockCmd                   0x08004773   Thumb Code    34  stm32f4xx_rcc.o(.text)
    RCC_APB2PeriphClockCmd                   0x08004795   Thumb Code    34  stm32f4xx_rcc.o(.text)
    RCC_AHB1PeriphResetCmd                   0x080047b7   Thumb Code    34  stm32f4xx_rcc.o(.text)
    RCC_AHB2PeriphResetCmd                   0x080047d9   Thumb Code    72  stm32f4xx_rcc.o(.text)
    RCC_AHB3PeriphResetCmd                   0x08004821   Thumb Code    34  stm32f4xx_rcc.o(.text)
    RCC_APB1PeriphResetCmd                   0x08004843   Thumb Code    34  stm32f4xx_rcc.o(.text)
    RCC_APB2PeriphResetCmd                   0x08004865   Thumb Code    34  stm32f4xx_rcc.o(.text)
    RCC_AHB1PeriphClockLPModeCmd             0x08004887   Thumb Code    34  stm32f4xx_rcc.o(.text)
    RCC_AHB2PeriphClockLPModeCmd             0x080048a9   Thumb Code    34  stm32f4xx_rcc.o(.text)
    RCC_AHB3PeriphClockLPModeCmd             0x080048cb   Thumb Code    34  stm32f4xx_rcc.o(.text)
    RCC_APB1PeriphClockLPModeCmd             0x080048ed   Thumb Code    34  stm32f4xx_rcc.o(.text)
    RCC_APB2PeriphClockLPModeCmd             0x0800490f   Thumb Code    34  stm32f4xx_rcc.o(.text)
    RCC_ITConfig                             0x08004931   Thumb Code    34  stm32f4xx_rcc.o(.text)
    RCC_ClearFlag                            0x08004953   Thumb Code    18  stm32f4xx_rcc.o(.text)
    RCC_GetITStatus                          0x08004965   Thumb Code    22  stm32f4xx_rcc.o(.text)
    RCC_ClearITPendingBit                    0x0800497b   Thumb Code     8  stm32f4xx_rcc.o(.text)
    TIM_DeInit                               0x08004989   Thumb Code   346  stm32f4xx_tim.o(.text)
    TIM_TimeBaseInit                         0x08004ae3   Thumb Code   104  stm32f4xx_tim.o(.text)
    TIM_TimeBaseStructInit                   0x08004b4b   Thumb Code    18  stm32f4xx_tim.o(.text)
    TIM_PrescalerConfig                      0x08004b5d   Thumb Code     6  stm32f4xx_tim.o(.text)
    TIM_CounterModeConfig                    0x08004b63   Thumb Code    18  stm32f4xx_tim.o(.text)
    TIM_SetCounter                           0x08004b75   Thumb Code     4  stm32f4xx_tim.o(.text)
    TIM_SetAutoreload                        0x08004b79   Thumb Code     4  stm32f4xx_tim.o(.text)
    TIM_GetCounter                           0x08004b7d   Thumb Code     6  stm32f4xx_tim.o(.text)
    TIM_GetPrescaler                         0x08004b83   Thumb Code     6  stm32f4xx_tim.o(.text)
    TIM_UpdateDisableConfig                  0x08004b89   Thumb Code    24  stm32f4xx_tim.o(.text)
    TIM_UpdateRequestConfig                  0x08004ba1   Thumb Code    24  stm32f4xx_tim.o(.text)
    TIM_ARRPreloadConfig                     0x08004bb9   Thumb Code    24  stm32f4xx_tim.o(.text)
    TIM_SelectOnePulseMode                   0x08004bd1   Thumb Code    18  stm32f4xx_tim.o(.text)
    TIM_SetClockDivision                     0x08004be3   Thumb Code    18  stm32f4xx_tim.o(.text)
    TIM_Cmd                                  0x08004bf5   Thumb Code    24  stm32f4xx_tim.o(.text)
    TIM_OC1Init                              0x08004c0d   Thumb Code   114  stm32f4xx_tim.o(.text)
    TIM_OC2Init                              0x08004c7f   Thumb Code   154  stm32f4xx_tim.o(.text)
    TIM_OC3Init                              0x08004d19   Thumb Code   204  stm32f4xx_tim.o(.text)
    TIM_OC4Init                              0x08004de5   Thumb Code   112  stm32f4xx_tim.o(.text)
    TIM_OCStructInit                         0x08004e55   Thumb Code    20  stm32f4xx_tim.o(.text)
    TIM_SelectOCxM                           0x08004e69   Thumb Code    86  stm32f4xx_tim.o(.text)
    TIM_SetCompare1                          0x08004ebf   Thumb Code     4  stm32f4xx_tim.o(.text)
    TIM_SetCompare2                          0x08004ec3   Thumb Code     4  stm32f4xx_tim.o(.text)
    TIM_SetCompare3                          0x08004ec7   Thumb Code     4  stm32f4xx_tim.o(.text)
    TIM_SetCompare4                          0x08004ecb   Thumb Code     4  stm32f4xx_tim.o(.text)
    TIM_ForcedOC1Config                      0x08004ecf   Thumb Code    18  stm32f4xx_tim.o(.text)
    TIM_ForcedOC2Config                      0x08004ee1   Thumb Code    26  stm32f4xx_tim.o(.text)
    TIM_ForcedOC3Config                      0x08004efb   Thumb Code    18  stm32f4xx_tim.o(.text)
    TIM_ForcedOC4Config                      0x08004f0d   Thumb Code    26  stm32f4xx_tim.o(.text)
    TIM_OC1PreloadConfig                     0x08004f27   Thumb Code    18  stm32f4xx_tim.o(.text)
    TIM_OC2PreloadConfig                     0x08004f39   Thumb Code    26  stm32f4xx_tim.o(.text)
    TIM_OC3PreloadConfig                     0x08004f53   Thumb Code    18  stm32f4xx_tim.o(.text)
    TIM_OC4PreloadConfig                     0x08004f65   Thumb Code    26  stm32f4xx_tim.o(.text)
    TIM_OC1FastConfig                        0x08004f7f   Thumb Code    18  stm32f4xx_tim.o(.text)
    TIM_OC2FastConfig                        0x08004f91   Thumb Code    26  stm32f4xx_tim.o(.text)
    TIM_OC3FastConfig                        0x08004fab   Thumb Code    18  stm32f4xx_tim.o(.text)
    TIM_OC4FastConfig                        0x08004fbd   Thumb Code    26  stm32f4xx_tim.o(.text)
    TIM_ClearOC1Ref                          0x08004fd7   Thumb Code    18  stm32f4xx_tim.o(.text)
    TIM_ClearOC2Ref                          0x08004fe9   Thumb Code    24  stm32f4xx_tim.o(.text)
    TIM_ClearOC3Ref                          0x08005001   Thumb Code    18  stm32f4xx_tim.o(.text)
    TIM_ClearOC4Ref                          0x08005013   Thumb Code    24  stm32f4xx_tim.o(.text)
    TIM_OC1PolarityConfig                    0x0800502b   Thumb Code    18  stm32f4xx_tim.o(.text)
    TIM_OC1NPolarityConfig                   0x0800503d   Thumb Code    18  stm32f4xx_tim.o(.text)
    TIM_OC2PolarityConfig                    0x0800504f   Thumb Code    26  stm32f4xx_tim.o(.text)
    TIM_OC2NPolarityConfig                   0x08005069   Thumb Code    26  stm32f4xx_tim.o(.text)
    TIM_OC3PolarityConfig                    0x08005083   Thumb Code    26  stm32f4xx_tim.o(.text)
    TIM_OC3NPolarityConfig                   0x0800509d   Thumb Code    26  stm32f4xx_tim.o(.text)
    TIM_OC4PolarityConfig                    0x080050b7   Thumb Code    26  stm32f4xx_tim.o(.text)
    TIM_CCxCmd                               0x080050d1   Thumb Code    30  stm32f4xx_tim.o(.text)
    TIM_CCxNCmd                              0x080050ef   Thumb Code    30  stm32f4xx_tim.o(.text)
    TIM_SetIC4Prescaler                      0x0800510d   Thumb Code    26  stm32f4xx_tim.o(.text)
    TIM_SetIC3Prescaler                      0x08005177   Thumb Code    18  stm32f4xx_tim.o(.text)
    TIM_SetIC2Prescaler                      0x080051d1   Thumb Code    26  stm32f4xx_tim.o(.text)
    TIM_SetIC1Prescaler                      0x08005245   Thumb Code    18  stm32f4xx_tim.o(.text)
    TIM_ICInit                               0x08005291   Thumb Code   110  stm32f4xx_tim.o(.text)
    TIM_ICStructInit                         0x080052ff   Thumb Code    18  stm32f4xx_tim.o(.text)
    TIM_PWMIConfig                           0x08005311   Thumb Code   124  stm32f4xx_tim.o(.text)
    TIM_GetCapture1                          0x0800538d   Thumb Code     6  stm32f4xx_tim.o(.text)
    TIM_GetCapture2                          0x08005393   Thumb Code     6  stm32f4xx_tim.o(.text)
    TIM_GetCapture3                          0x08005399   Thumb Code     6  stm32f4xx_tim.o(.text)
    TIM_GetCapture4                          0x0800539f   Thumb Code     6  stm32f4xx_tim.o(.text)
    TIM_BDTRConfig                           0x080053a5   Thumb Code    32  stm32f4xx_tim.o(.text)
    TIM_BDTRStructInit                       0x080053c5   Thumb Code    18  stm32f4xx_tim.o(.text)
    TIM_CtrlPWMOutputs                       0x080053d7   Thumb Code    30  stm32f4xx_tim.o(.text)
    TIM_SelectCOM                            0x080053f5   Thumb Code    24  stm32f4xx_tim.o(.text)
    TIM_CCPreloadControl                     0x0800540d   Thumb Code    24  stm32f4xx_tim.o(.text)
    TIM_ITConfig                             0x08005425   Thumb Code    18  stm32f4xx_tim.o(.text)
    TIM_GenerateEvent                        0x08005437   Thumb Code     4  stm32f4xx_tim.o(.text)
    TIM_GetFlagStatus                        0x0800543b   Thumb Code    18  stm32f4xx_tim.o(.text)
    TIM_ClearFlag                            0x0800544d   Thumb Code     6  stm32f4xx_tim.o(.text)
    TIM_GetITStatus                          0x08005453   Thumb Code    34  stm32f4xx_tim.o(.text)
    TIM_ClearITPendingBit                    0x08005475   Thumb Code     6  stm32f4xx_tim.o(.text)
    TIM_DMAConfig                            0x0800547b   Thumb Code    10  stm32f4xx_tim.o(.text)
    TIM_DMACmd                               0x08005485   Thumb Code    18  stm32f4xx_tim.o(.text)
    TIM_SelectCCDMA                          0x08005497   Thumb Code    24  stm32f4xx_tim.o(.text)
    TIM_InternalClockConfig                  0x080054af   Thumb Code    12  stm32f4xx_tim.o(.text)
    TIM_SelectInputTrigger                   0x080054bb   Thumb Code    18  stm32f4xx_tim.o(.text)
    TIM_ITRxExternalClockConfig              0x080054cd   Thumb Code    24  stm32f4xx_tim.o(.text)
    TIM_TIxExternalClockConfig               0x080054e5   Thumb Code    62  stm32f4xx_tim.o(.text)
    TIM_ETRConfig                            0x08005523   Thumb Code    28  stm32f4xx_tim.o(.text)
    TIM_ETRClockMode1Config                  0x0800553f   Thumb Code    54  stm32f4xx_tim.o(.text)
    TIM_ETRClockMode2Config                  0x08005575   Thumb Code    32  stm32f4xx_tim.o(.text)
    TIM_SelectOutputTrigger                  0x08005595   Thumb Code    18  stm32f4xx_tim.o(.text)
    TIM_SelectSlaveMode                      0x080055a7   Thumb Code    18  stm32f4xx_tim.o(.text)
    TIM_SelectMasterSlaveMode                0x080055b9   Thumb Code    18  stm32f4xx_tim.o(.text)
    TIM_EncoderInterfaceConfig               0x080055cb   Thumb Code    66  stm32f4xx_tim.o(.text)
    TIM_SelectHallSensor                     0x0800560d   Thumb Code    24  stm32f4xx_tim.o(.text)
    TIM_RemapConfig                          0x08005625   Thumb Code     6  stm32f4xx_tim.o(.text)
    USART_DeInit                             0x0800562d   Thumb Code   156  stm32f4xx_usart.o(.text)
    USART_Init                               0x080056c9   Thumb Code   204  stm32f4xx_usart.o(.text)
    USART_StructInit                         0x08005795   Thumb Code    24  stm32f4xx_usart.o(.text)
    USART_ClockInit                          0x080057ad   Thumb Code    32  stm32f4xx_usart.o(.text)
    USART_ClockStructInit                    0x080057cd   Thumb Code    12  stm32f4xx_usart.o(.text)
    USART_Cmd                                0x080057d9   Thumb Code    24  stm32f4xx_usart.o(.text)
    USART_SetPrescaler                       0x080057f1   Thumb Code    16  stm32f4xx_usart.o(.text)
    USART_OverSampling8Cmd                   0x08005801   Thumb Code    22  stm32f4xx_usart.o(.text)
    USART_OneBitMethodCmd                    0x08005817   Thumb Code    24  stm32f4xx_usart.o(.text)
    USART_SendData                           0x0800582f   Thumb Code     8  stm32f4xx_usart.o(.text)
    USART_ReceiveData                        0x08005837   Thumb Code    10  stm32f4xx_usart.o(.text)
    USART_SetAddress                         0x08005841   Thumb Code    18  stm32f4xx_usart.o(.text)
    USART_ReceiverWakeUpCmd                  0x08005853   Thumb Code    24  stm32f4xx_usart.o(.text)
    USART_WakeUpConfig                       0x0800586b   Thumb Code    18  stm32f4xx_usart.o(.text)
    USART_LINBreakDetectLengthConfig         0x0800587d   Thumb Code    18  stm32f4xx_usart.o(.text)
    USART_LINCmd                             0x0800588f   Thumb Code    24  stm32f4xx_usart.o(.text)
    USART_SendBreak                          0x080058a7   Thumb Code    10  stm32f4xx_usart.o(.text)
    USART_HalfDuplexCmd                      0x080058b1   Thumb Code    24  stm32f4xx_usart.o(.text)
    USART_SetGuardTime                       0x080058c9   Thumb Code    16  stm32f4xx_usart.o(.text)
    USART_SmartCardCmd                       0x080058d9   Thumb Code    24  stm32f4xx_usart.o(.text)
    USART_SmartCardNACKCmd                   0x080058f1   Thumb Code    24  stm32f4xx_usart.o(.text)
    USART_IrDAConfig                         0x08005909   Thumb Code    18  stm32f4xx_usart.o(.text)
    USART_IrDACmd                            0x0800591b   Thumb Code    24  stm32f4xx_usart.o(.text)
    USART_DMACmd                             0x08005933   Thumb Code    18  stm32f4xx_usart.o(.text)
    USART_ITConfig                           0x08005945   Thumb Code    74  stm32f4xx_usart.o(.text)
    USART_GetFlagStatus                      0x0800598f   Thumb Code    26  stm32f4xx_usart.o(.text)
    USART_ClearFlag                          0x080059a9   Thumb Code    18  stm32f4xx_usart.o(.text)
    USART_GetITStatus                        0x080059bb   Thumb Code   110  stm32f4xx_usart.o(.text)
    USART_ClearITPendingBit                  0x08005a29   Thumb Code    30  stm32f4xx_usart.o(.text)
    WholeInitTask                            0x08005a49   Thumb Code    24  controltask.o(.text)
    Control_Task                             0x08005a61   Thumb Code    90  controltask.o(.text)
    __use_no_semihosting                     0x08005ac1   Thumb Code     2  use_no_semi_2.o(.text)
    __2printf                                0x08005ac5   Thumb Code    20  noretval__2printf.o(.text)
    __printf                                 0x08005add   Thumb Code   104  __printf.o(.text)
    _printf_int_dec                          0x08005b45   Thumb Code   104  _printf_dec.o(.text)
    __use_two_region_memory                  0x08005bbd   Thumb Code     2  heapauxi.o(.text)
    __rt_heap_escrow$2region                 0x08005bbf   Thumb Code     2  heapauxi.o(.text)
    __rt_heap_expand$2region                 0x08005bc1   Thumb Code     2  heapauxi.o(.text)
    __I$use$semihosting                      0x08005bc3   Thumb Code     0  use_no_semi.o(.text)
    __use_no_semihosting_swi                 0x08005bc3   Thumb Code     2  use_no_semi.o(.text)
    _printf_int_common                       0x08005bc5   Thumb Code   178  _printf_intcommon.o(.text)
    _printf_char_file                        0x08005c79   Thumb Code    32  _printf_char_file.o(.text)
    _printf_char_common                      0x08005ca7   Thumb Code    32  _printf_char_common.o(.text)
    ferror                                   0x08005ccd   Thumb Code     8  ferror.o(.text)
    __user_setup_stackheap                   0x08005cd5   Thumb Code    74  sys_stackheap_outer.o(.text)
    exit                                     0x08005d1f   Thumb Code    18  exit.o(.text)
    __user_libspace                          0x08005d31   Thumb Code     8  libspace.o(.text)
    __user_perproc_libspace                  0x08005d31   Thumb Code     0  libspace.o(.text)
    __user_perthread_libspace                0x08005d31   Thumb Code     0  libspace.o(.text)
    __aeabi_d2f                              0x08005d39   Thumb Code     0  d2f.o(x$fpl$d2f)
    _d2f                                     0x08005d39   Thumb Code    98  d2f.o(x$fpl$d2f)
    __aeabi_dadd                             0x08005d9d   Thumb Code     0  daddsub_clz.o(x$fpl$dadd)
    _dadd                                    0x08005d9d   Thumb Code   332  daddsub_clz.o(x$fpl$dadd)
    __aeabi_ddiv                             0x08005eed   Thumb Code     0  ddiv.o(x$fpl$ddiv)
    _ddiv                                    0x08005eed   Thumb Code   552  ddiv.o(x$fpl$ddiv)
    __aeabi_d2iz                             0x0800619d   Thumb Code     0  dfix.o(x$fpl$dfix)
    _dfix                                    0x0800619d   Thumb Code    94  dfix.o(x$fpl$dfix)
    __aeabi_i2d                              0x080061fb   Thumb Code     0  dflt_clz.o(x$fpl$dflt)
    _dflt                                    0x080061fb   Thumb Code    46  dflt_clz.o(x$fpl$dflt)
    __aeabi_dmul                             0x08006229   Thumb Code     0  dmul.o(x$fpl$dmul)
    _dmul                                    0x08006229   Thumb Code   332  dmul.o(x$fpl$dmul)
    __fpl_dnaninf                            0x0800637d   Thumb Code   156  dnaninf.o(x$fpl$dnaninf)
    __fpl_dretinf                            0x08006419   Thumb Code    12  dretinf.o(x$fpl$dretinf)
    __aeabi_dsub                             0x08006425   Thumb Code     0  daddsub_clz.o(x$fpl$dsub)
    _dsub                                    0x08006425   Thumb Code   464  daddsub_clz.o(x$fpl$dsub)
    __aeabi_f2d                              0x080065f9   Thumb Code     0  f2d.o(x$fpl$f2d)
    _f2d                                     0x080065f9   Thumb Code    86  f2d.o(x$fpl$f2d)
    __fpl_fnaninf                            0x0800664f   Thumb Code   140  fnaninf.o(x$fpl$fnaninf)
    _fp_init                                 0x080066db   Thumb Code    10  fpinit.o(x$fpl$fpinit)
    __fplib_config_fpu_vfp                   0x080066e3   Thumb Code     0  fpinit.o(x$fpl$fpinit)
    __fplib_config_pureend_doubles           0x080066e3   Thumb Code     0  fpinit.o(x$fpl$fpinit)
    __fpl_fretinf                            0x080066e5   Thumb Code    10  fretinf.o(x$fpl$fretinf)
    __I$use$fp                               0x080066ee   Number         0  usenofp.o(x$fpl$usenofp)
    Region$$Table$$Base                      0x080066f0   Number         0  anon$$obj.o(Region$$Table)
    Region$$Table$$Limit                     0x08006710   Number         0  anon$$obj.o(Region$$Table)
    SystemCoreClock                          0x20000000   Data           4  system_stm32f4xx.o(.data)
    AHBPrescTable                            0x20000004   Data          16  system_stm32f4xx.o(.data)
    __stdout                                 0x20000018   Data           4  usart1.o(.data)
    USART_RX_STA                             0x2000001c   Data           2  usart1.o(.data)
    USART_RX_STA3                            0x2000001e   Data           2  usart3.o(.data)
    RxCnt                                    0x20000020   Data           1  usart3.o(.data)
    TIM2Timeout                              0x20000028   Data           1  timer.o(.data)
    BoPandir_count                           0x2000002a   Data           2  timer.o(.data)
    BoPan_flag                               0x2000002c   Data           1  timer.o(.data)
    current_position_201                     0x2000002e   Data           2  can2.o(.data)
    current_position_203                     0x20000030   Data           2  can2.o(.data)
    can2rx_received                          0x20000032   Data           1  can2.o(.data)
    flag2                                    0x20000033   Data           1  can2.o(.data)
    MotorState201                            0x20000034   Data           1  gimbalmotor.o(.data)
    MotorState203                            0x20000035   Data           1  gimbalmotor.o(.data)
    MotorCurrent201                          0x20000036   Data           2  gimbalmotor.o(.data)
    MotorCurrent203                          0x20000038   Data           2  gimbalmotor.o(.data)
    AngleGyro                                0x2000003c   Data           4  mpu6050_driver.o(.data)
    gyroADC_X_offset                         0x20000040   Data           4  mpu6050_driver.o(.data)
    gyroADC_Y_offset                         0x20000044   Data           4  mpu6050_driver.o(.data)
    gyroADC_Z_offset                         0x20000048   Data           4  mpu6050_driver.o(.data)
    q0                                       0x2000004c   Data           4  mpu6050_process.o(.data)
    q1                                       0x20000050   Data           4  mpu6050_process.o(.data)
    q2                                       0x20000054   Data           4  mpu6050_process.o(.data)
    q3                                       0x20000058   Data           4  mpu6050_process.o(.data)
    exInt                                    0x2000005c   Data           4  mpu6050_process.o(.data)
    eyInt                                    0x20000060   Data           4  mpu6050_process.o(.data)
    ezInt                                    0x20000064   Data           4  mpu6050_process.o(.data)
    speedA                                   0x20000070   Data           2  cmcontrol.o(.data)
    speedB                                   0x20000072   Data           2  cmcontrol.o(.data)
    speedC                                   0x20000074   Data           2  cmcontrol.o(.data)
    speedD                                   0x20000076   Data           2  cmcontrol.o(.data)
    CMFollowVal                              0x20000078   Data           2  cmcontrol.o(.data)
    gears                                    0x2000007a   Data           1  cmcontrol.o(.data)
    move_count                               0x2000007b   Data           1  cmcontrol.o(.data)
    PIDOut_Position_Pit                      0x2000007c   Data           4  gimbalcontrol.o(.data)
    PIDOut_Speed_Pit                         0x20000080   Data           4  gimbalcontrol.o(.data)
    PIDOut_Whole_Pit                         0x20000084   Data           4  gimbalcontrol.o(.data)
    PIDOut_Position_Yaw                      0x20000088   Data           4  gimbalcontrol.o(.data)
    PIDOut_Speed_Yaw                         0x2000008c   Data           4  gimbalcontrol.o(.data)
    PIDOut_Whole_Yaw                         0x20000090   Data           4  gimbalcontrol.o(.data)
    remoteState                              0x20000098   Data           1  remotecontrol.o(.data)
    frictionState                            0x2000009c   Data           1  shootcontrol.o(.data)
    flag_IsFrtctionOn                        0x200000ac   Data           1  shootcontrol.o(.data)
    flag_FrtctionReady                       0x200000ad   Data           1  shootcontrol.o(.data)
    USART_RX_BUF                             0x200000c4   Data         200  usart1.o(.bss)
    USART_RX_BUF3                            0x2000018c   Data          30  usart3.o(.bss)
    USART_RX_BUF3_CP                         0x200001aa   Data          30  usart3.o(.bss)
    RxBuf                                    0x200001c8   Data          10  usart3.o(.bss)
    can2rx_message                           0x200001d4   Data          20  can2.o(.bss)
    rx_message                               0x200001e8   Data          20  can2.o(.bss)
    RC_Ctl                                   0x200001fc   Data          22  rc.o(.bss)
    RC_Ex_Ctl                                0x20000212   Data          22  rc.o(.bss)
    sbus_rx_buffer                           0x20000228   Data          18  rc.o(.bss)
    MPU6050_Raw_Data                         0x2000023c   Data          14  mpu6050_driver.o(.bss)
    MPU6050_Real_Data                        0x2000024c   Data          28  mpu6050_driver.o(.bss)
    MPU6050_AVG_Data                         0x20000268   Data          28  mpu6050_driver.o(.bss)
    MPU_OFFSET                               0x20000284   Data          28  mpu6050_driver.o(.bss)
    Accel_Raw_Average_Data                   0x200002a0   Data          12  mpu6050_process.o(.bss)
    Gyro_Radian_Data                         0x200002ac   Data          12  mpu6050_process.o(.bss)
    MPU6050_Angle                            0x200002b8   Data          12  mpu6050_process.o(.bss)
    Gimbal_control                           0x200002e4   Data          24  gimbalcontrol.o(.bss)
    MotorPID_pitch                           0x200002fc   Data         112  gimbalcontrol.o(.bss)
    MotorPID_yaw                             0x2000036c   Data         112  gimbalcontrol.o(.bss)
    __libspace_start                         0x200003dc   Data          96  libspace.o(.bss)
    __temporary_stack_top$libspace           0x2000043c   Data           0  libspace.o(.bss)



==============================================================================

Memory Map of the image

  Image Entry point : 0x08000189

  Load Region LR_IROM1 (Base: 0x08000000, Size: 0x000067d4, Max: 0x00080000, ABSOLUTE)

    Execution Region ER_IROM1 (Base: 0x08000000, Size: 0x00006710, Max: 0x00080000, ABSOLUTE)

    Base Addr    Size         Type   Attr      Idx    E Section Name        Object

    0x08000000   0x00000188   Data   RO          106    RESET               startup_stm32f4xx.o
    0x08000188   0x00000008   Code   RO         1801  * !!!main             c_w.l(__main.o)
    0x08000190   0x00000034   Code   RO         2004    !!!scatter          c_w.l(__scatter.o)
    0x080001c4   0x0000001a   Code   RO         2006    !!handler_copy      c_w.l(__scatter_copy.o)
    0x080001de   0x00000002   PAD
    0x080001e0   0x0000001c   Code   RO         2008    !!handler_zi        c_w.l(__scatter_zi.o)
    0x080001fc   0x00000000   Code   RO         1798    .ARM.Collect$$_printf_percent$$00000000  c_w.l(_printf_percent.o)
    0x080001fc   0x00000006   Code   RO         1797    .ARM.Collect$$_printf_percent$$00000009  c_w.l(_printf_d.o)
    0x08000202   0x00000004   Code   RO         1836    .ARM.Collect$$_printf_percent$$00000017  c_w.l(_printf_percent_end.o)
    0x08000206   0x00000002   Code   RO         1878    .ARM.Collect$$libinit$$00000000  c_w.l(libinit.o)
    0x08000208   0x00000004   Code   RO         1884    .ARM.Collect$$libinit$$00000001  c_w.l(libinit2.o)
    0x0800020c   0x00000000   Code   RO         1887    .ARM.Collect$$libinit$$00000004  c_w.l(libinit2.o)
    0x0800020c   0x00000000   Code   RO         1890    .ARM.Collect$$libinit$$0000000A  c_w.l(libinit2.o)
    0x0800020c   0x00000000   Code   RO         1892    .ARM.Collect$$libinit$$0000000C  c_w.l(libinit2.o)
    0x0800020c   0x00000000   Code   RO         1894    .ARM.Collect$$libinit$$0000000E  c_w.l(libinit2.o)
    0x0800020c   0x00000000   Code   RO         1897    .ARM.Collect$$libinit$$00000011  c_w.l(libinit2.o)
    0x0800020c   0x00000000   Code   RO         1899    .ARM.Collect$$libinit$$00000013  c_w.l(libinit2.o)
    0x0800020c   0x00000000   Code   RO         1901    .ARM.Collect$$libinit$$00000015  c_w.l(libinit2.o)
    0x0800020c   0x00000000   Code   RO         1903    .ARM.Collect$$libinit$$00000017  c_w.l(libinit2.o)
    0x0800020c   0x00000000   Code   RO         1905    .ARM.Collect$$libinit$$00000019  c_w.l(libinit2.o)
    0x0800020c   0x00000000   Code   RO         1907    .ARM.Collect$$libinit$$0000001B  c_w.l(libinit2.o)
    0x0800020c   0x00000000   Code   RO         1909    .ARM.Collect$$libinit$$0000001D  c_w.l(libinit2.o)
    0x0800020c   0x00000000   Code   RO         1911    .ARM.Collect$$libinit$$0000001F  c_w.l(libinit2.o)
    0x0800020c   0x00000000   Code   RO         1913    .ARM.Collect$$libinit$$00000021  c_w.l(libinit2.o)
    0x0800020c   0x00000000   Code   RO         1915    .ARM.Collect$$libinit$$00000023  c_w.l(libinit2.o)
    0x0800020c   0x00000000   Code   RO         1917    .ARM.Collect$$libinit$$00000025  c_w.l(libinit2.o)
    0x0800020c   0x00000000   Code   RO         1921    .ARM.Collect$$libinit$$0000002C  c_w.l(libinit2.o)
    0x0800020c   0x00000000   Code   RO         1923    .ARM.Collect$$libinit$$0000002E  c_w.l(libinit2.o)
    0x0800020c   0x00000000   Code   RO         1925    .ARM.Collect$$libinit$$00000030  c_w.l(libinit2.o)
    0x0800020c   0x00000000   Code   RO         1927    .ARM.Collect$$libinit$$00000032  c_w.l(libinit2.o)
    0x0800020c   0x00000002   Code   RO         1928    .ARM.Collect$$libinit$$00000033  c_w.l(libinit2.o)
    0x0800020e   0x00000002   Code   RO         1946    .ARM.Collect$$libshutdown$$00000000  c_w.l(libshutdown.o)
    0x08000210   0x00000000   Code   RO         1956    .ARM.Collect$$libshutdown$$00000002  c_w.l(libshutdown2.o)
    0x08000210   0x00000000   Code   RO         1958    .ARM.Collect$$libshutdown$$00000004  c_w.l(libshutdown2.o)
    0x08000210   0x00000000   Code   RO         1961    .ARM.Collect$$libshutdown$$00000007  c_w.l(libshutdown2.o)
    0x08000210   0x00000000   Code   RO         1964    .ARM.Collect$$libshutdown$$0000000A  c_w.l(libshutdown2.o)
    0x08000210   0x00000000   Code   RO         1966    .ARM.Collect$$libshutdown$$0000000C  c_w.l(libshutdown2.o)
    0x08000210   0x00000000   Code   RO         1969    .ARM.Collect$$libshutdown$$0000000F  c_w.l(libshutdown2.o)
    0x08000210   0x00000002   Code   RO         1970    .ARM.Collect$$libshutdown$$00000010  c_w.l(libshutdown2.o)
    0x08000212   0x00000000   Code   RO         1831    .ARM.Collect$$rtentry$$00000000  c_w.l(__rtentry.o)
    0x08000212   0x00000000   Code   RO         1847    .ARM.Collect$$rtentry$$00000002  c_w.l(__rtentry2.o)
    0x08000212   0x00000006   Code   RO         1859    .ARM.Collect$$rtentry$$00000004  c_w.l(__rtentry4.o)
    0x08000218   0x00000000   Code   RO         1849    .ARM.Collect$$rtentry$$00000009  c_w.l(__rtentry2.o)
    0x08000218   0x00000004   Code   RO         1850    .ARM.Collect$$rtentry$$0000000A  c_w.l(__rtentry2.o)
    0x0800021c   0x00000000   Code   RO         1852    .ARM.Collect$$rtentry$$0000000C  c_w.l(__rtentry2.o)
    0x0800021c   0x00000008   Code   RO         1853    .ARM.Collect$$rtentry$$0000000D  c_w.l(__rtentry2.o)
    0x08000224   0x00000002   Code   RO         1882    .ARM.Collect$$rtexit$$00000000  c_w.l(rtexit.o)
    0x08000226   0x00000000   Code   RO         1930    .ARM.Collect$$rtexit$$00000002  c_w.l(rtexit2.o)
    0x08000226   0x00000004   Code   RO         1931    .ARM.Collect$$rtexit$$00000003  c_w.l(rtexit2.o)
    0x0800022a   0x00000006   Code   RO         1932    .ARM.Collect$$rtexit$$00000004  c_w.l(rtexit2.o)
    0x08000230   0x00000210   Code   RO            4    .text               system_stm32f4xx.o
    0x08000440   0x00000040   Code   RO          107    .text               startup_stm32f4xx.o
    0x08000480   0x00000024   Code   RO          114    .text               main.o
    0x080004a4   0x0000001a   Code   RO          247    .text               stm32f4xx_it.o
    0x080004be   0x0000005c   Code   RO          274    .text               bsp.o
    0x0800051a   0x00000002   PAD
    0x0800051c   0x00000104   Code   RO          320    .text               delay.o
    0x08000620   0x00000158   Code   RO          346    .text               usart1.o
    0x08000778   0x000002a0   Code   RO          384    .text               usart3.o
    0x08000a18   0x000000fc   Code   RO          419    .text               timer.o
    0x08000b14   0x000000b8   Code   RO          446    .text               buzzer.o
    0x08000bcc   0x00000064   Code   RO          470    .text               led.o
    0x08000c30   0x0000003c   Code   RO          494    .text               laser.o
    0x08000c6c   0x000001f4   Code   RO          518    .text               gun.o
    0x08000e60   0x00000164   Code   RO          542    .text               can.o
    0x08000fc4   0x000001c0   Code   RO          577    .text               can2.o
    0x08001184   0x0000039c   Code   RO          637    .text               rc.o
    0x08001520   0x00000188   Code   RO          669    .text               gimbalmotor.o
    0x080016a8   0x00000348   Code   RO          699    .text               mpu6050_i2c.o
    0x080019f0   0x000004c4   Code   RO          723    .text               mpu6050_driver.o
    0x08001eb4   0x000002a8   Code   RO          754    .text               mpu6050_process.o
    0x0800215c   0x0000053c   Code   RO          785    .text               cmcontrol.o
    0x08002698   0x00000674   Code   RO          822    .text               gimbalcontrol.o
    0x08002d0c   0x0000025c   Code   RO          853    .text               pid.o
    0x08002f68   0x00000130   Code   RO          877    .text               imucontrol.o
    0x08003098   0x00000060   Code   RO          903    .text               remotecontrol.o
    0x080030f8   0x00000234   Code   RO          933    .text               shootcontrol.o
    0x0800332c   0x000000e0   Code   RO          963    .text               misc.o
    0x0800340c   0x000009f0   Code   RO         1014    .text               stm32f4xx_can.o
    0x08003dfc   0x000003a8   Code   RO         1239    .text               stm32f4xx_dma.o
    0x080041a4   0x0000025c   Code   RO         1341    .text               stm32f4xx_gpio.o
    0x08004400   0x00000588   Code   RO         1515    .text               stm32f4xx_rcc.o
    0x08004988   0x00000ca2   Code   RO         1667    .text               stm32f4xx_tim.o
    0x0800562a   0x00000002   PAD
    0x0800562c   0x0000041a   Code   RO         1691    .text               stm32f4xx_usart.o
    0x08005a46   0x00000002   PAD
    0x08005a48   0x00000078   Code   RO         1742    .text               controltask.o
    0x08005ac0   0x00000002   Code   RO         1767    .text               c_w.l(use_no_semi_2.o)
    0x08005ac2   0x00000002   PAD
    0x08005ac4   0x00000018   Code   RO         1771    .text               c_w.l(noretval__2printf.o)
    0x08005adc   0x00000068   Code   RO         1773    .text               c_w.l(__printf.o)
    0x08005b44   0x00000078   Code   RO         1775    .text               c_w.l(_printf_dec.o)
    0x08005bbc   0x00000006   Code   RO         1799    .text               c_w.l(heapauxi.o)
    0x08005bc2   0x00000002   Code   RO         1829    .text               c_w.l(use_no_semi.o)
    0x08005bc4   0x000000b2   Code   RO         1832    .text               c_w.l(_printf_intcommon.o)
    0x08005c76   0x00000002   PAD
    0x08005c78   0x00000024   Code   RO         1834    .text               c_w.l(_printf_char_file.o)
    0x08005c9c   0x00000030   Code   RO         1861    .text               c_w.l(_printf_char_common.o)
    0x08005ccc   0x00000008   Code   RO         1863    .text               c_w.l(ferror.o)
    0x08005cd4   0x0000004a   Code   RO         1867    .text               c_w.l(sys_stackheap_outer.o)
    0x08005d1e   0x00000012   Code   RO         1871    .text               c_w.l(exit.o)
    0x08005d30   0x00000008   Code   RO         1879    .text               c_w.l(libspace.o)
    0x08005d38   0x00000062   Code   RO         1803    x$fpl$d2f           fz_wm.l(d2f.o)
    0x08005d9a   0x00000002   PAD
    0x08005d9c   0x00000150   Code   RO         1805    x$fpl$dadd          fz_wm.l(daddsub_clz.o)
    0x08005eec   0x000002b0   Code   RO         1812    x$fpl$ddiv          fz_wm.l(ddiv.o)
    0x0800619c   0x0000005e   Code   RO         1815    x$fpl$dfix          fz_wm.l(dfix.o)
    0x080061fa   0x0000002e   Code   RO         1820    x$fpl$dflt          fz_wm.l(dflt_clz.o)
    0x08006228   0x00000154   Code   RO         1825    x$fpl$dmul          fz_wm.l(dmul.o)
    0x0800637c   0x0000009c   Code   RO         1837    x$fpl$dnaninf       fz_wm.l(dnaninf.o)
    0x08006418   0x0000000c   Code   RO         1839    x$fpl$dretinf       fz_wm.l(dretinf.o)
    0x08006424   0x000001d4   Code   RO         1807    x$fpl$dsub          fz_wm.l(daddsub_clz.o)
    0x080065f8   0x00000056   Code   RO         1827    x$fpl$f2d           fz_wm.l(f2d.o)
    0x0800664e   0x0000008c   Code   RO         1841    x$fpl$fnaninf       fz_wm.l(fnaninf.o)
    0x080066da   0x0000000a   Code   RO         1938    x$fpl$fpinit        fz_wm.l(fpinit.o)
    0x080066e4   0x0000000a   Code   RO         1843    x$fpl$fretinf       fz_wm.l(fretinf.o)
    0x080066ee   0x00000000   Code   RO         1845    x$fpl$usenofp       fz_wm.l(usenofp.o)
    0x080066ee   0x00000002   PAD
    0x080066f0   0x00000020   Data   RO         2002    Region$$Table       anon$$obj.o


    Execution Region RW_IRAM1 (Base: 0x20000000, Size: 0x00000a40, Max: 0x00020000, ABSOLUTE)

    Base Addr    Size         Type   Attr      Idx    E Section Name        Object

    0x20000000   0x00000014   Data   RW            5    .data               system_stm32f4xx.o
    0x20000014   0x00000004   Data   RW          321    .data               delay.o
    0x20000018   0x00000006   Data   RW          348    .data               usart1.o
    0x2000001e   0x00000009   Data   RW          386    .data               usart3.o
    0x20000027   0x00000001   PAD
    0x20000028   0x00000005   Data   RW          420    .data               timer.o
    0x2000002d   0x00000001   PAD
    0x2000002e   0x00000006   Data   RW          579    .data               can2.o
    0x20000034   0x00000006   Data   RW          670    .data               gimbalmotor.o
    0x2000003a   0x00000002   PAD
    0x2000003c   0x00000010   Data   RW          725    .data               mpu6050_driver.o
    0x2000004c   0x00000024   Data   RW          756    .data               mpu6050_process.o
    0x20000070   0x0000000c   Data   RW          786    .data               cmcontrol.o
    0x2000007c   0x00000018   Data   RW          824    .data               gimbalcontrol.o
    0x20000094   0x00000004   Data   RW          878    .data               imucontrol.o
    0x20000098   0x00000001   Data   RW          904    .data               remotecontrol.o
    0x20000099   0x00000003   PAD
    0x2000009c   0x00000012   Data   RW          934    .data               shootcontrol.o
    0x200000ae   0x00000010   Data   RW         1516    .data               stm32f4xx_rcc.o
    0x200000be   0x00000002   PAD
    0x200000c0   0x00000004   Data   RW         1743    .data               controltask.o
    0x200000c4   0x000000c8   Zero   RW          347    .bss                usart1.o
    0x2000018c   0x00000046   Zero   RW          385    .bss                usart3.o
    0x200001d2   0x00000002   PAD
    0x200001d4   0x00000028   Zero   RW          578    .bss                can2.o
    0x200001fc   0x0000003e   Zero   RW          638    .bss                rc.o
    0x2000023a   0x00000002   PAD
    0x2000023c   0x00000064   Zero   RW          724    .bss                mpu6050_driver.o
    0x200002a0   0x00000042   Zero   RW          755    .bss                mpu6050_process.o
    0x200002e2   0x00000002   PAD
    0x200002e4   0x000000f8   Zero   RW          823    .bss                gimbalcontrol.o
    0x200003dc   0x00000060   Zero   RW         1880    .bss                c_w.l(libspace.o)
    0x2000043c   0x00000004   PAD
    0x20000440   0x00000200   Zero   RW          105    HEAP                startup_stm32f4xx.o
    0x20000640   0x00000400   Zero   RW          104    STACK               startup_stm32f4xx.o


==============================================================================

Image component sizes


      Code (inc. data)   RO Data    RW Data    ZI Data      Debug   Object Name

        92          0          0          0          0        587   bsp.o
       184          8          0          0          0        910   buzzer.o
       356          8          0          0          0       1554   can.o
       448         20          0          6         40       2133   can2.o
      1340         94          0         12          0       2451   cmcontrol.o
       120          6          0          4          0       1001   controltask.o
       260          8          0          4          0       1609   delay.o
      1652        168          0         24        248       5808   gimbalcontrol.o
       392         26          0          6          0       2275   gimbalmotor.o
       500         16          0          0          0       1236   gun.o
       304         42          0          4          0       1120   imucontrol.o
        60          4          0          0          0        626   laser.o
       100          4          0          0          0        636   led.o
        36         22          0          0          0       1291   main.o
       224         20          0          0          0       2105   misc.o
      1220         82          0         16        100       3545   mpu6050_driver.o
       840          4          0          0          0       4111   mpu6050_i2c.o
       680         86          0         36         66       3649   mpu6050_process.o
       604          8          0          0          0       2722   pid.o
       924        184          0          0         62       3561   rc.o
        96          8          0          1          0       1835   remotecontrol.o
       564         42          0         18          0       2786   shootcontrol.o
        64         26        392          0       1536        984   startup_stm32f4xx.o
      2544         38          0          0          0       8432   stm32f4xx_can.o
       936         32          0          0          0       6681   stm32f4xx_dma.o
       604         36          0          0          0       4417   stm32f4xx_gpio.o
        26          0          0          0          0       1302   stm32f4xx_it.o
      1416         48          0         16          0      11423   stm32f4xx_rcc.o
      3234         60          0          0          0      23300   stm32f4xx_tim.o
      1050         26          0          0          0       8144   stm32f4xx_usart.o
       528         46          0         20          0     282691   system_stm32f4xx.o
       252         10          0          5          0       1538   timer.o
       344         18          0          6        200       3709   usart1.o
       672         30          0          9         70       3548   usart3.o

    ----------------------------------------------------------------------
     22672       1230        424        196       2328     403720   Object Totals
         0          0         32          0          0          0   (incl. Generated)
         6          0          0          9          6          0   (incl. Padding)

    ----------------------------------------------------------------------

      Code (inc. data)   RO Data    RW Data    ZI Data      Debug   Library Member Name

         8          0          0          0          0         68   __main.o
       104          0          0          0          0         84   __printf.o
         0          0          0          0          0          0   __rtentry.o
        12          0          0          0          0          0   __rtentry2.o
         6          0          0          0          0          0   __rtentry4.o
        52          8          0          0          0          0   __scatter.o
        26          0          0          0          0          0   __scatter_copy.o
        28          0          0          0          0          0   __scatter_zi.o
        48          6          0          0          0         96   _printf_char_common.o
        36          4          0          0          0         80   _printf_char_file.o
         6          0          0          0          0          0   _printf_d.o
       120         16          0          0          0         92   _printf_dec.o
       178          0          0          0          0         88   _printf_intcommon.o
         0          0          0          0          0          0   _printf_percent.o
         4          0          0          0          0          0   _printf_percent_end.o
        18          0          0          0          0         80   exit.o
         8          0          0          0          0         68   ferror.o
         6          0          0          0          0        152   heapauxi.o
         2          0          0          0          0          0   libinit.o
         6          0          0          0          0          0   libinit2.o
         2          0          0          0          0          0   libshutdown.o
         2          0          0          0          0          0   libshutdown2.o
         8          4          0          0         96         68   libspace.o
        24          4          0          0          0         84   noretval__2printf.o
         2          0          0          0          0          0   rtexit.o
        10          0          0          0          0          0   rtexit2.o
        74          0          0          0          0         80   sys_stackheap_outer.o
         2          0          0          0          0         68   use_no_semi.o
         2          0          0          0          0         68   use_no_semi_2.o
        98          4          0          0          0        140   d2f.o
       804         16          0          0          0        368   daddsub_clz.o
       688        140          0          0          0        256   ddiv.o
        94          4          0          0          0        140   dfix.o
        46          0          0          0          0        116   dflt_clz.o
       340         12          0          0          0        152   dmul.o
       156          4          0          0          0        140   dnaninf.o
        12          0          0          0          0        116   dretinf.o
        86          4          0          0          0        132   f2d.o
       140          4          0          0          0        132   fnaninf.o
        10          0          0          0          0        116   fpinit.o
        10          0          0          0          0        116   fretinf.o
         0          0          0          0          0          0   usenofp.o

    ----------------------------------------------------------------------
      3288        230          0          0        100       3100   Library Totals
        10          0          0          0          4          0   (incl. Padding)

    ----------------------------------------------------------------------

      Code (inc. data)   RO Data    RW Data    ZI Data      Debug   Library Name

       794         42          0          0         96       1176   c_w.l
      2484        188          0          0          0       1924   fz_wm.l

    ----------------------------------------------------------------------
      3288        230          0          0        100       3100   Library Totals

    ----------------------------------------------------------------------

==============================================================================


      Code (inc. data)   RO Data    RW Data    ZI Data      Debug   

     25960       1460        424        196       2428     399600   Grand Totals
     25960       1460        424        196       2428     399600   ELF Image Totals
     25960       1460        424        196          0          0   ROM Totals

==============================================================================

    Total RO  Size (Code + RO Data)                26384 (  25.77kB)
    Total RW  Size (RW Data + ZI Data)              2624 (   2.56kB)
    Total ROM Size (Code + RO Data + RW Data)      26580 (  25.96kB)

==============================================================================

