Product: MDK-ARM Professional 5.10
Component: ARM Compiler 5.04 update 1 (build 49)
Tool: armlink [5040049]

==============================================================================

Section Cross References

    system_stm32f4xx.o(.text) refers to system_stm32f4xx.o(.data) for SystemCoreClock
    startup_stm32f4xx.o(STACK) refers (Special) to heapauxi.o(.text) for __use_two_region_memory
    startup_stm32f4xx.o(HEAP) refers (Special) to heapauxi.o(.text) for __use_two_region_memory
    startup_stm32f4xx.o(RESET) refers (Special) to heapauxi.o(.text) for __use_two_region_memory
    startup_stm32f4xx.o(RESET) refers to startup_stm32f4xx.o(STACK) for __initial_sp
    startup_stm32f4xx.o(RESET) refers to startup_stm32f4xx.o(.text) for Reset_Handler
    startup_stm32f4xx.o(RESET) refers to stm32f4xx_it.o(.text) for NMI_Handler
    startup_stm32f4xx.o(RESET) refers to usart3.o(.text) for DMA1_Stream1_IRQHandler
    startup_stm32f4xx.o(RESET) refers to rc.o(.text) for DMA1_Stream5_IRQHandler
    startup_stm32f4xx.o(RESET) refers to mpu6050_interrupt.o(.text) for EXTI9_5_IRQHandler
    startup_stm32f4xx.o(RESET) refers to timer.o(.text) for TIM2_IRQHandler
    startup_stm32f4xx.o(RESET) refers to pwm.o(.text) for TIM4_IRQHandler
    startup_stm32f4xx.o(RESET) refers to can2.o(.text) for CAN2_RX0_IRQHandler
    startup_stm32f4xx.o(RESET) refers to usart.o(.text) for USART6_IRQHandler
    startup_stm32f4xx.o(.text) refers (Special) to heapauxi.o(.text) for __use_two_region_memory
    startup_stm32f4xx.o(.text) refers to system_stm32f4xx.o(.text) for SystemInit
    startup_stm32f4xx.o(.text) refers to __main.o(!!!main) for __main
    startup_stm32f4xx.o(.text) refers to startup_stm32f4xx.o(HEAP) for Heap_Mem
    startup_stm32f4xx.o(.text) refers to startup_stm32f4xx.o(STACK) for Stack_Mem
    main.o(.text) refers to led.o(.text) for GPIO_ALL_Init
    main.o(.text) refers to misc.o(.text) for NVIC_PriorityGroupConfig
    main.o(.text) refers to delay.o(.text) for delay_init
    main.o(.text) refers to usart.o(.text) for uart_init
    main.o(.text) refers to usart3.o(.text) for USART3_DMA_Init
    main.o(.text) refers to pwm.o(.text) for TIM4_PWM_Init
    main.o(.text) refers to buzzer.o(.text) for Buzzer_Init
    main.o(.text) refers to rc.o(.text) for RC_Init
    main.o(.text) refers to motorcontrol.o(.text) for MotorPositionControlPitInit
    main.o(.text) refers to can.o(.text) for CAN1_Mode_Init
    main.o(.text) refers to can2.o(.text) for CAN2_Mode_Init
    main.o(.text) refers to main.o(i.frame_init) for frame_init
    main.o(.text) refers to stm32f4xx_gpio.o(.text) for GPIO_SetBits
    main.o(.text) refers to stm32f4xx_tim.o(.text) for TIM_SetCompare1
    main.o(.text) refers to noretval__2printf.o(.text) for __2printf
    main.o(.text) refers to mpu6050_driver.o(.text) for MPU6050_Initialization
    main.o(.text) refers to timer.o(.text) for TIM2_Int_Init
    main.o(.text) refers to rt_memclr.o(.text) for __aeabi_memclr
    main.o(.text) refers to controltask.o(.bss) for can_pack
    main.o(.text) refers to main.o(.data) for rx_received
    main.o(.text) refers to usart3.o(.bss) for USART_RX_BUF3
    main.o(.text) refers to controltask.o(.data) for MotorSetPositionPit
    main.o(.text) refers to rc.o(.bss) for RC_Ex_Ctl
    buzzer.o(.text) refers to stm32f4xx_rcc.o(.text) for RCC_AHB1PeriphClockCmd
    buzzer.o(.text) refers to stm32f4xx_gpio.o(.text) for GPIO_Init
    buzzer.o(.text) refers to delay.o(.text) for delay_ms
    buzzer.o(.text) refers to rc.o(.bss) for RC_Ex_Ctl
    can.o(.text) refers to stm32f4xx_rcc.o(.text) for RCC_AHB1PeriphClockCmd
    can.o(.text) refers to stm32f4xx_gpio.o(.text) for GPIO_Init
    can.o(.text) refers to stm32f4xx_can.o(.text) for CAN_Init
    can.o(.text) refers to misc.o(.text) for NVIC_Init
    can2.o(.text) refers to stm32f4xx_rcc.o(.text) for RCC_AHB1PeriphClockCmd
    can2.o(.text) refers to stm32f4xx_gpio.o(.text) for GPIO_PinAFConfig
    can2.o(.text) refers to misc.o(.text) for NVIC_Init
    can2.o(.text) refers to stm32f4xx_can.o(.text) for CAN_DeInit
    can2.o(.text) refers to can2.o(.bss) for rx_message
    can2.o(.text) refers to can2.o(.data) for current_position_201
    com2mani.o(.text) refers to main.o(i.CRC8) for CRC8
    com2mani.o(.text) refers to usart3.o(.bss) for USART_RX_BUF3
    key.o(.text) refers to stm32f4xx_rcc.o(.text) for RCC_AHB1PeriphClockCmd
    key.o(.text) refers to stm32f4xx_gpio.o(.text) for GPIO_Init
    key.o(.text) refers to delay.o(.text) for delay_ms
    key.o(.text) refers to key.o(.data) for key_up
    led.o(.text) refers to stm32f4xx_rcc.o(.text) for RCC_AHB1PeriphClockCmd
    led.o(.text) refers to stm32f4xx_gpio.o(.text) for GPIO_Init
    motor.o(.text) refers to can2.o(.text) for Cmd_ESC
    motor.o(.text) refers to delay.o(.text) for delay_ms
    motor.o(.text) refers to motor.o(.data) for MotorCurrent201
    motorcontrol.o(.text) refers to pid.o(.text) for PID_Init
[...]
    x$fpl$usenofp                            0x0800759a   Section        0  usenofp.o(x$fpl$usenofp)
    .data                                    0x20000000   Section       20  system_stm32f4xx.o(.data)
    .data                                    0x20000018   Section       44  main.o(.data)
    .data                                    0x20000044   Section        6  can2.o(.data)
    .data                                    0x2000004a   Section        6  motor.o(.data)
    .data                                    0x20000050   Section       24  motorcontrol.o(.data)
    .data                                    0x20000068   Section       18  move.o(.data)
    .data                                    0x2000007c   Section       16  mpu6050_driver.o(.data)
    .data                                    0x2000008c   Section       36  mpu6050_process.o(.data)
    first_flag                               0x200000a8   Data           4  mpu6050_process.o(.data)
    filter_cnt                               0x200000ac   Data           4  mpu6050_process.o(.data)
    .data                                    0x200000b0   Section        5  timer.o(.data)
    .data                                    0x200000b6   Section        9  usart3.o(.data)
    Yaw_adjust                               0x200000ba   Data           2  usart3.o(.data)
    Pitch_adjust                             0x200000bc   Data           2  usart3.o(.data)
    isReceived                               0x200000be   Data           1  usart3.o(.data)
    .data                                    0x200000bf   Section       16  stm32f4xx_rcc.o(.data)
    APBAHBPrescTable                         0x200000bf   Data          16  stm32f4xx_rcc.o(.data)
    .data                                    0x200000d0   Section      112  controltask.o(.data)
    time_tick_1ms                            0x200000d0   Data           4  controltask.o(.data)
    .data                                    0x20000140   Section        4  delay.o(.data)
    fac_us                                   0x20000140   Data           1  delay.o(.data)
    fac_ms                                   0x20000142   Data           2  delay.o(.data)
    .data                                    0x20000144   Section        6  usart.o(.data)
    .bss                                     0x2000014c   Section       18  main.o(.bss)
    .bss                                     0x20000160   Section       40  can2.o(.bss)
    .bss                                     0x20000188   Section      224  motorcontrol.o(.bss)
    .bss                                     0x20000268   Section      100  mpu6050_driver.o(.bss)
    .bss                                     0x200002cc   Section       66  mpu6050_process.o(.bss)
    gyro_x_buffer                            0x200002f0   Data          10  mpu6050_process.o(.bss)
    gyro_y_buffer                            0x200002fa   Data          10  mpu6050_process.o(.bss)
    gyro_z_buffer                            0x20000304   Data          10  mpu6050_process.o(.bss)
    .bss                                     0x2000030e   Section       44  rc.o(.bss)
    .bss                                     0x2000033a   Section       70  usart3.o(.bss)
    .bss                                     0x20000380   Section       52  controltask.o(.bss)
    .bss                                     0x200003b4   Section      200  usart.o(.bss)
    .bss                                     0x2000047c   Section       96  libspace.o(.bss)
    HEAP                                     0x200004e0   Section      512  startup_stm32f4xx.o(HEAP)
    Heap_Mem                                 0x200004e0   Data         512  startup_stm32f4xx.o(HEAP)
    STACK                                    0x200006e0   Section     1024  startup_stm32f4xx.o(STACK)
    Stack_Mem                                0x200006e0   Data        1024  startup_stm32f4xx.o(STACK)
    __initial_sp                             0x20000ae0   Data           0  startup_stm32f4xx.o(STACK)

    Global Symbols

    Symbol Name                              Value     Ov Type        Size  Object(Section)

    BuildAttributes$$THM_ISAv4$E$P$D$K$B$S$7EM$VFPi3$EXTD16$VFPS$VFMA$PE$A:L22UL41UL21$X:L11$S22US41US21$IEEE1$IW$USESV6$~STKCKD$USESV7$~SHL$OSPACE$ROPI$EBA8$UX$STANDARDLIB$REQ8$PRES8$EABIv2 0x00000000   Number         0  anon$$obj.o ABSOLUTE
    __ARM_use_no_argv                        0x00000000   Number         0  main.o ABSOLUTE
    __ARM_exceptions_init                     - Undefined Weak Reference
    __alloca_initialize                       - Undefined Weak Reference
    __cpp_initialize__aeabi_                  - Undefined Weak Reference
    __cxa_finalize                            - Undefined Weak Reference
    __rt_locale                               - Undefined Weak Reference
    __sigvec_lookup                           - Undefined Weak Reference
    _atexit_init                              - Undefined Weak Reference
    _call_atexit_fns                          - Undefined Weak Reference
    _clock_init                               - Undefined Weak Reference
    _fp_trap_init                             - Undefined Weak Reference
    _fp_trap_shutdown                         - Undefined Weak Reference
    _get_lc_collate                           - Undefined Weak Reference
    _get_lc_ctype                             - Undefined Weak Reference
    _get_lc_monetary                          - Undefined Weak Reference
    _get_lc_numeric                           - Undefined Weak Reference
    _get_lc_time                              - Undefined Weak Reference
    _getenv_init                              - Undefined Weak Reference
    _handle_redirection                       - Undefined Weak Reference
    _init_alloc                               - Undefined Weak Reference
    _init_user_alloc                          - Undefined Weak Reference
    _initio                                   - Undefined Weak Reference
    _mutex_acquire                            - Undefined Weak Reference
    _mutex_release                            - Undefined Weak Reference
    _printf_post_padding                      - Undefined Weak Reference
    _printf_pre_padding                       - Undefined Weak Reference
    _printf_truncate_signed                   - Undefined Weak Reference
    _printf_truncate_unsigned                 - Undefined Weak Reference
    _rand_init                                - Undefined Weak Reference
    _signal_finish                            - Undefined Weak Reference
    _signal_init                              - Undefined Weak Reference
    _terminate_alloc                          - Undefined Weak Reference
    _terminate_user_alloc                     - Undefined Weak Reference
    _terminateio                              - Undefined Weak Reference
    __Vectors_Size                           0x00000188   Number         0  startup_stm32f4xx.o ABSOLUTE
    __Vectors                                0x08000000   Data           4  startup_stm32f4xx.o(RESET)
    __Vectors_End                            0x08000188   Data           0  startup_stm32f4xx.o(RESET)
    __main                                   0x08000189   Thumb Code     8  __main.o(!!!main)
    __scatterload                            0x08000191   Thumb Code     0  __scatter.o(!!!scatter)
    __scatterload_rt2                        0x08000191   Thumb Code    44  __scatter.o(!!!scatter)
    __scatterload_rt2_thumb_only             0x08000191   Thumb Code     0  __scatter.o(!!!scatter)
    __scatterload_null                       0x0800019f   Thumb Code     0  __scatter.o(!!!scatter)
    __decompress                             0x080001c5   Thumb Code    90  __dczerorl2.o(!!dczerorl2)
    __decompress1                            0x080001c5   Thumb Code     0  __dczerorl2.o(!!dczerorl2)
    __scatterload_zeroinit                   0x08000221   Thumb Code    28  __scatter_zi.o(!!handler_zi)
    _printf_d                                0x0800023d   Thumb Code     0  _printf_d.o(.ARM.Collect$$_printf_percent$$00000009)
    _printf_percent                          0x0800023d   Thumb Code     0  _printf_percent.o(.ARM.Collect$$_printf_percent$$00000000)
    _printf_percent_end                      0x08000243   Thumb Code     0  _printf_percent_end.o(.ARM.Collect$$_printf_percent$$00000017)
    __rt_lib_init                            0x08000247   Thumb Code     0  libinit.o(.ARM.Collect$$libinit$$00000000)
    __rt_lib_init_fp_1                       0x08000249   Thumb Code     0  libinit2.o(.ARM.Collect$$libinit$$00000001)
    __rt_lib_init_alloca_1                   0x0800024d   Thumb Code     0  libinit2.o(.ARM.Collect$$libinit$$0000002C)
    __rt_lib_init_argv_1                     0x0800024d   Thumb Code     0  libinit2.o(.ARM.Collect$$libinit$$0000002A)
    __rt_lib_init_atexit_1                   0x0800024d   Thumb Code     0  libinit2.o(.ARM.Collect$$libinit$$00000019)
    __rt_lib_init_clock_1                    0x0800024d   Thumb Code     0  libinit2.o(.ARM.Collect$$libinit$$0000001F)
    __rt_lib_init_cpp_1                      0x0800024d   Thumb Code     0  libinit2.o(.ARM.Collect$$libinit$$00000030)
    __rt_lib_init_exceptions_1               0x0800024d   Thumb Code     0  libinit2.o(.ARM.Collect$$libinit$$0000002E)
    __rt_lib_init_fp_trap_1                  0x0800024d   Thumb Code     0  libinit2.o(.ARM.Collect$$libinit$$0000001D)
    __rt_lib_init_getenv_1                   0x0800024d   Thumb Code     0  libinit2.o(.ARM.Collect$$libinit$$00000021)
    __rt_lib_init_heap_1                     0x0800024d   Thumb Code     0  libinit2.o(.ARM.Collect$$libinit$$00000008)
    __rt_lib_init_lc_collate_1               0x0800024d   Thumb Code     0  libinit2.o(.ARM.Collect$$libinit$$0000000F)
    __rt_lib_init_lc_ctype_1                 0x0800024d   Thumb Code     0  libinit2.o(.ARM.Collect$$libinit$$00000011)
    __rt_lib_init_lc_monetary_1              0x0800024d   Thumb Code     0  libinit2.o(.ARM.Collect$$libinit$$00000013)
    __rt_lib_init_lc_numeric_1               0x0800024d   Thumb Code     0  libinit2.o(.ARM.Collect$$libinit$$00000015)
    __rt_lib_init_lc_time_1                  0x0800024d   Thumb Code     0  libinit2.o(.ARM.Collect$$libinit$$00000017)
    __rt_lib_init_rand_1                     0x0800024d   Thumb Code     0  libinit2.o(.ARM.Collect$$libinit$$0000000C)
    __rt_lib_init_return                     0x0800024d   Thumb Code     0  libinit2.o(.ARM.Collect$$libinit$$00000031)
    __rt_lib_init_signal_1                   0x0800024d   Thumb Code     0  libinit2.o(.ARM.Collect$$libinit$$0000001B)
    __rt_lib_init_stdio_1                    0x0800024d   Thumb Code     0  libinit2.o(.ARM.Collect$$libinit$$00000023)
    __rt_lib_init_user_alloc_1               0x0800024d   Thumb Code     0  libinit2.o(.ARM.Collect$$libinit$$0000000A)
    __rt_lib_shutdown                        0x0800024f   Thumb Code     0  libshutdown.o(.ARM.Collect$$libshutdown$$00000000)
    __rt_lib_shutdown_fp_trap_1              0x08000251   Thumb Code     0  libshutdown2.o(.ARM.Collect$$libshutdown$$00000006)
    __rt_lib_shutdown_heap_1                 0x08000251   Thumb Code     0  libshutdown2.o(.ARM.Collect$$libshutdown$$0000000E)
    __rt_lib_shutdown_return                 0x08000251   Thumb Code     0  libshutdown2.o(.ARM.Collect$$libshutdown$$0000000F)
    __rt_lib_shutdown_signal_1               0x08000251   Thumb Code     0  libshutdown2.o(.ARM.Collect$$libshutdown$$00000009)
    __rt_lib_shutdown_stdio_1                0x08000251   Thumb Code     0  libshutdown2.o(.ARM.Collect$$libshutdown$$00000003)
    __rt_lib_shutdown_user_alloc_1           0x08000251   Thumb Code     0  libshutdown2.o(.ARM.Collect$$libshutdown$$0000000B)
    __rt_entry                               0x08000253   Thumb Code     0  rtentry.o(.ARM.Collect$$rtentry$$00000000)
    __rt_entry_presh_1                       0x08000253   Thumb Code     0  rtentry2.o(.ARM.Collect$$rtentry$$00000002)
    __rt_entry_sh                            0x08000253   Thumb Code     0  rtentry4.o(.ARM.Collect$$rtentry$$00000004)
    __rt_entry_li                            0x08000259   Thumb Code     0  rtentry2.o(.ARM.Collect$$rtentry$$0000000A)
    __rt_entry_postsh_1                      0x08000259   Thumb Code     0  rtentry2.o(.ARM.Collect$$rtentry$$00000009)
    __rt_entry_main                          0x0800025d   Thumb Code     0  rtentry2.o(.ARM.Collect$$rtentry$$0000000D)
    __rt_entry_postli_1                      0x0800025d   Thumb Code     0  rtentry2.o(.ARM.Collect$$rtentry$$0000000C)
    __rt_exit                                0x08000265   Thumb Code     0  rtexit.o(.ARM.Collect$$rtexit$$00000000)
    __rt_exit_ls                             0x08000267   Thumb Code     0  rtexit2.o(.ARM.Collect$$rtexit$$00000003)
    __rt_exit_prels_1                        0x08000267   Thumb Code     0  rtexit2.o(.ARM.Collect$$rtexit$$00000002)
    __rt_exit_exit                           0x0800026b   Thumb Code     0  rtexit2.o(.ARM.Collect$$rtexit$$00000004)
    SystemInit                               0x0800034d   Thumb Code    88  system_stm32f4xx.o(.text)
    SystemCoreClockUpdate                    0x080003a5   Thumb Code   174  system_stm32f4xx.o(.text)
    Reset_Handler                            0x08000481   Thumb Code     8  startup_stm32f4xx.o(.text)
    ADC_IRQHandler                           0x0800049b   Thumb Code     0  startup_stm32f4xx.o(.text)
    CAN1_RX0_IRQHandler                      0x0800049b   Thumb Code     0  startup_stm32f4xx.o(.text)
    CAN1_RX1_IRQHandler                      0x0800049b   Thumb Code     0  startup_stm32f4xx.o(.text)
    CAN1_SCE_IRQHandler                      0x0800049b   Thumb Code     0  startup_stm32f4xx.o(.text)
    CAN1_TX_IRQHandler                       0x0800049b   Thumb Code     0  startup_stm32f4xx.o(.text)
    CAN2_RX1_IRQHandler                      0x0800049b   Thumb Code     0  startup_stm32f4xx.o(.text)
    CAN2_SCE_IRQHandler                      0x0800049b   Thumb Code     0  startup_stm32f4xx.o(.text)
    CAN2_TX_IRQHandler                       0x0800049b   Thumb Code     0  startup_stm32f4xx.o(.text)
    CRYP_IRQHandler                          0x0800049b   Thumb Code     0  startup_stm32f4xx.o(.text)
    DCMI_IRQHandler                          0x0800049b   Thumb Code     0  startup_stm32f4xx.o(.text)
    DMA1_Stream0_IRQHandler                  0x0800049b   Thumb Code     0  startup_stm32f4xx.o(.text)
    DMA1_Stream2_IRQHandler                  0x0800049b   Thumb Code     0  startup_stm32f4xx.o(.text)
    DMA1_Stream3_IRQHandler                  0x0800049b   Thumb Code     0  startup_stm32f4xx.o(.text)
    DMA1_Stream4_IRQHandler                  0x0800049b   Thumb Code     0  startup_stm32f4xx.o(.text)
    DMA1_Stream6_IRQHandler                  0x0800049b   Thumb Code     0  startup_stm32f4xx.o(.text)
    DMA1_Stream7_IRQHandler                  0x0800049b   Thumb Code     0  startup_stm32f4xx.o(.text)
    DMA2_Stream0_IRQHandler                  0x0800049b   Thumb Code     0  startup_stm32f4xx.o(.text)
    DMA2_Stream1_IRQHandler                  0x0800049b   Thumb Code     0  startup_stm32f4xx.o(.text)
    DMA2_Stream2_IRQHandler                  0x0800049b   Thumb Code     0  startup_stm32f4xx.o(.text)
    DMA2_Stream3_IRQHandler                  0x0800049b   Thumb Code     0  startup_stm32f4xx.o(.text)
    DMA2_Stream4_IRQHandler                  0x0800049b   Thumb Code     0  startup_stm32f4xx.o(.text)
    DMA2_Stream5_IRQHandler                  0x0800049b   Thumb Code     0  startup_stm32f4xx.o(.text)
    DMA2_Stream6_IRQHandler                  0x0800049b   Thumb Code     0  startup_stm32f4xx.o(.text)
    DMA2_Stream7_IRQHandler                  0x0800049b   Thumb Code     0  startup_stm32f4xx.o(.text)
    ETH_IRQHandler                           0x0800049b   Thumb Code     0  startup_stm32f4xx.o(.text)
    ETH_WKUP_IRQHandler                      0x0800049b   Thumb Code     0  startup_stm32f4xx.o(.text)
    EXTI0_IRQHandler                         0x0800049b   Thumb Code     0  startup_stm32f4xx.o(.text)
    EXTI15_10_IRQHandler                     0x0800049b   Thumb Code     0  startup_stm32f4xx.o(.text)
    EXTI1_IRQHandler                         0x0800049b   Thumb Code     0  startup_stm32f4xx.o(.text)
    EXTI2_IRQHandler                         0x0800049b   Thumb Code     0  startup_stm32f4xx.o(.text)
    EXTI3_IRQHandler                         0x0800049b   Thumb Code     0  startup_stm32f4xx.o(.text)
    EXTI4_IRQHandler                         0x0800049b   Thumb Code     0  startup_stm32f4xx.o(.text)
    FLASH_IRQHandler                         0x0800049b   Thumb Code     0  startup_stm32f4xx.o(.text)
    FPU_IRQHandler                           0x0800049b   Thumb Code     0  startup_stm32f4xx.o(.text)
    FSMC_IRQHandler                          0x0800049b   Thumb Code     0  startup_stm32f4xx.o(.text)
    HASH_RNG_IRQHandler                      0x0800049b   Thumb Code     0  startup_stm32f4xx.o(.text)
    I2C1_ER_IRQHandler                       0x0800049b   Thumb Code     0  startup_stm32f4xx.o(.text)
    I2C1_EV_IRQHandler                       0x0800049b   Thumb Code     0  startup_stm32f4xx.o(.text)
    I2C2_ER_IRQHandler                       0x0800049b   Thumb Code     0  startup_stm32f4xx.o(.text)
    I2C2_EV_IRQHandler                       0x0800049b   Thumb Code     0  startup_stm32f4xx.o(.text)
    I2C3_ER_IRQHandler                       0x0800049b   Thumb Code     0  startup_stm32f4xx.o(.text)
    I2C3_EV_IRQHandler                       0x0800049b   Thumb Code     0  startup_stm32f4xx.o(.text)
    OTG_FS_IRQHandler                        0x0800049b   Thumb Code     0  startup_stm32f4xx.o(.text)
    OTG_FS_WKUP_IRQHandler                   0x0800049b   Thumb Code     0  startup_stm32f4xx.o(.text)
    OTG_HS_EP1_IN_IRQHandler                 0x0800049b   Thumb Code     0  startup_stm32f4xx.o(.text)
    OTG_HS_EP1_OUT_IRQHandler                0x0800049b   Thumb Code     0  startup_stm32f4xx.o(.text)
    OTG_HS_IRQHandler                        0x0800049b   Thumb Code     0  startup_stm32f4xx.o(.text)
    OTG_HS_WKUP_IRQHandler                   0x0800049b   Thumb Code     0  startup_stm32f4xx.o(.text)
    PVD_IRQHandler                           0x0800049b   Thumb Code     0  startup_stm32f4xx.o(.text)
    RCC_IRQHandler                           0x0800049b   Thumb Code     0  startup_stm32f4xx.o(.text)
    RTC_Alarm_IRQHandler                     0x0800049b   Thumb Code     0  startup_stm32f4xx.o(.text)
    RTC_WKUP_IRQHandler                      0x0800049b   Thumb Code     0  startup_stm32f4xx.o(.text)
    SDIO_IRQHandler                          0x0800049b   Thumb Code     0  startup_stm32f4xx.o(.text)
    SPI1_IRQHandler                          0x0800049b   Thumb Code     0  startup_stm32f4xx.o(.text)
    SPI2_IRQHandler                          0x0800049b   Thumb Code     0  startup_stm32f4xx.o(.text)
    SPI3_IRQHandler                          0x0800049b   Thumb Code     0  startup_stm32f4xx.o(.text)
    TAMP_STAMP_IRQHandler                    0x0800049b   Thumb Code     0  startup_stm32f4xx.o(.text)
    TIM1_BRK_TIM9_IRQHandler                 0x0800049b   Thumb Code     0  startup_stm32f4xx.o(.text)
    TIM1_CC_IRQHandler                       0x0800049b   Thumb Code     0  startup_stm32f4xx.o(.text)
    TIM1_TRG_COM_TIM11_IRQHandler            0x0800049b   Thumb Code     0  startup_stm32f4xx.o(.text)
    TIM1_UP_TIM10_IRQHandler                 0x0800049b   Thumb Code     0  startup_stm32f4xx.o(.text)
    TIM5_IRQHandler                          0x0800049b   Thumb Code     0  startup_stm32f4xx.o(.text)
    TIM6_DAC_IRQHandler                      0x0800049b   Thumb Code     0  startup_stm32f4xx.o(.text)
    TIM7_IRQHandler                          0x0800049b   Thumb Code     0  startup_stm32f4xx.o(.text)
    TIM8_BRK_TIM12_IRQHandler                0x0800049b   Thumb Code     0  startup_stm32f4xx.o(.text)
    TIM8_CC_IRQHandler                       0x0800049b   Thumb Code     0  startup_stm32f4xx.o(.text)
    TIM8_TRG_COM_TIM14_IRQHandler            0x0800049b   Thumb Code     0  startup_stm32f4xx.o(.text)
    TIM8_UP_TIM13_IRQHandler                 0x0800049b   Thumb Code     0  startup_stm32f4xx.o(.text)
    UART4_IRQHandler                         0x0800049b   Thumb Code     0  startup_stm32f4xx.o(.text)
    UART5_IRQHandler                         0x0800049b   Thumb Code     0  startup_stm32f4xx.o(.text)
    USART1_IRQHandler                        0x0800049b   Thumb Code     0  startup_stm32f4xx.o(.text)
    USART2_IRQHandler                        0x0800049b   Thumb Code     0  startup_stm32f4xx.o(.text)
    USART3_IRQHandler                        0x0800049b   Thumb Code     0  startup_stm32f4xx.o(.text)
    WWDG_IRQHandler                          0x0800049b   Thumb Code     0  startup_stm32f4xx.o(.text)
    __user_initial_stackheap                 0x0800049d   Thumb Code     0  startup_stm32f4xx.o(.text)
    main                                     0x080004c1   Thumb Code   322  main.o(.text)
    NMI_Handler                              0x08000659   Thumb Code     2  stm32f4xx_it.o(.text)
    HardFault_Handler                        0x0800065b   Thumb Code     4  stm32f4xx_it.o(.text)
    MemManage_Handler                        0x0800065f   Thumb Code     4  stm32f4xx_it.o(.text)
    BusFault_Handler                         0x08000663   Thumb Code     4  stm32f4xx_it.o(.text)
    UsageFault_Handler                       0x08000667   Thumb Code     4  stm32f4xx_it.o(.text)
    SVC_Handler                              0x0800066b   Thumb Code     2  stm32f4xx_it.o(.text)
    DebugMon_Handler                         0x0800066d   Thumb Code     2  stm32f4xx_it.o(.text)
    PendSV_Handler                           0x0800066f   Thumb Code     2  stm32f4xx_it.o(.text)
    SysTick_Handler                          0x08000671   Thumb Code     2  stm32f4xx_it.o(.text)
    Buzzer_Init                              0x08000675   Thumb Code    54  buzzer.o(.text)
    Start                                    0x080006ab   Thumb Code    82  buzzer.o(.text)
    Buzzer_toggle                            0x080006fd   Thumb Code    40  buzzer.o(.text)
    CAN1_Mode_Init                           0x0800072d   Thumb Code   252  can.o(.text)
    CAN1_Send_Bottom                         0x08000829   Thumb Code    96  can.o(.text)
    CAN2_Mode_Init                           0x08000891   Thumb Code   254  can2.o(.text)
    CAN2_RX0_IRQHandler                      0x0800098f   Thumb Code    92  can2.o(.text)
    Cmd_ESC                                  0x080009eb   Thumb Code    82  can2.o(.text)
    frame_catch                              0x08000a51   Thumb Code    98  com2mani.o(.text)
    GPIO_ALL_Init                            0x08000ab9   Thumb Code   140  led.o(.text)
    MotorCurrentLegalize                     0x08000b4d   Thumb Code    50  motor.o(.text)
    MotorStopPit                             0x08000b7f   Thumb Code    34  motor.o(.text)
    MotorRotatePit                           0x08000ba1   Thumb Code    78  motor.o(.text)
    MotorSetCurrentPit                       0x08000bef   Thumb Code    46  motor.o(.text)
    MotorStopYaw                             0x08000c1d   Thumb Code    34  motor.o(.text)
    MotorRotateYaw                           0x08000c3f   Thumb Code    78  motor.o(.text)
    MotorSetCurrentYaw                       0x08000c8d   Thumb Code    46  motor.o(.text)
    MotorPositionLegalize                    0x08000cd5   Thumb Code    28  motorcontrol.o(.text)
    MotorPositionControlPitInit              0x08000cf1   Thumb Code    42  motorcontrol.o(.text)
    MotorPositionControlPitInit_test         0x08000d1b   Thumb Code    62  motorcontrol.o(.text)
    MotorSpeedControlPitInit                 0x08000d59   Thumb Code    42  motorcontrol.o(.text)
    MotorSpeedControlPitInit_test            0x08000d83   Thumb Code    62  motorcontrol.o(.text)
    MotorPositionControlPit                  0x08000dc1   Thumb Code    64  motorcontrol.o(.text)
    MotorSpeedControlPit                     0x08000e01   Thumb Code   104  motorcontrol.o(.text)
    MotorPositionControlYawInit              0x08000e69   Thumb Code    42  motorcontrol.o(.text)
    MotorPositionControlYawInit_test         0x08000e93   Thumb Code    62  motorcontrol.o(.text)
    MotorSpeedControlYawInit                 0x08000ed1   Thumb Code    42  motorcontrol.o(.text)
    MotorSpeedControlYawInit_test            0x08000efb   Thumb Code    62  motorcontrol.o(.text)
    MotorPositionControlYaw                  0x08000f39   Thumb Code    64  motorcontrol.o(.text)
    MotorSpeedControlYaw                     0x08000f79   Thumb Code   104  motorcontrol.o(.text)
    move                                     0x08001029   Thumb Code   546  move.o(.text)
    keyboardmove                             0x0800124b   Thumb Code  1328  move.o(.text)
    gear                                     0x0800177b   Thumb Code   134  move.o(.text)
    MPU6050_ReadData                         0x08001819   Thumb Code   566  mpu6050_driver.o(.text)
    MPU6050_Initialization                   0x08001a4f   Thumb Code   374  mpu6050_driver.o(.text)
    MPU6050_Gyro_calibration                 0x08001bc5   Thumb Code   262  mpu6050_driver.o(.text)
    IIC_Delay                                0x08001cdd   Thumb Code    26  mpu6050_i2c.o(.text)
    HEAT_Configuration                       0x08001cf7   Thumb Code    50  mpu6050_i2c.o(.text)
    IIC_GPIO_Init                            0x08001d29   Thumb Code    42  mpu6050_i2c.o(.text)
    IIC_SDA_Out                              0x08001d53   Thumb Code    34  mpu6050_i2c.o(.text)
    IIC_SDA_In                               0x08001d75   Thumb Code    38  mpu6050_i2c.o(.text)
    IIC_Start                                0x08001d9b   Thumb Code    60  mpu6050_i2c.o(.text)
    IIC_Stop                                 0x08001dd7   Thumb Code    60  mpu6050_i2c.o(.text)
    IIC_Ack                                  0x08001e13   Thumb Code    66  mpu6050_i2c.o(.text)
    IIC_WaitAck                              0x08001e55   Thumb Code    88  mpu6050_i2c.o(.text)
    IIC_WriteBit                             0x08001ead   Thumb Code    96  mpu6050_i2c.o(.text)
    IIC_ReadBit                              0x08001f0d   Thumb Code    86  mpu6050_i2c.o(.text)
    IIC_WriteData                            0x08001f63   Thumb Code    68  mpu6050_i2c.o(.text)
    IIC_ReadData                             0x08001fa7   Thumb Code   122  mpu6050_i2c.o(.text)
    MPU6050_Interrupt_Configuration          0x08002025   Thumb Code   122  mpu6050_interrupt.o(.text)
    EXTI9_5_IRQHandler                       0x0800209f   Thumb Code    30  mpu6050_interrupt.o(.text)
    MPU6050_Data_Filter                      0x080020c1   Thumb Code   318  mpu6050_process.o(.text)
    MPU6050_Angle_Calculate                  0x080021ff   Thumb Code   138  mpu6050_process.o(.text)
    CalculateAngleRateGyro                   0x08002289   Thumb Code    92  mpu6050_process.o(.text)
    PID_BitIsSet                             0x08002329   Thumb Code    18  pid.o(.text)
    PID_Init                                 0x0800233b   Thumb Code    34  pid.o(.text)
    SetPIDCR                                 0x0800235d   Thumb Code    16  pid.o(.text)
    PID_PreCalc                              0x0800236d   Thumb Code   162  pid.o(.text)
    PID_Calc                                 0x0800240f   Thumb Code   366  pid.o(.text)
    TIM4_PWM_Init                            0x08002585   Thumb Code   232  pwm.o(.text)
    TIM4_IRQHandler                          0x0800266d   Thumb Code    20  pwm.o(.text)
    RC_Init                                  0x08002689   Thumb Code   256  rc.o(.text)
    ItoE                                     0x08002789   Thumb Code   104  rc.o(.text)
    DMA1_Stream5_IRQHandler                  0x080027f1   Thumb Code   252  rc.o(.text)
    TestRc                                   0x080028ed   Thumb Code   128  rc.o(.text)
    TIM3_Int_Init                            0x08002a25   Thumb Code   234  timer.o(.text)
    TIM3_IRQHandler                          0x08002b0f   Thumb Code    28  timer.o(.text)
    TIM2_Int_Init                            0x08002b2b   Thumb Code    86  timer.o(.text)
    TIM2_IRQHandler                          0x08002b81   Thumb Code   240  timer.o(.text)
    BoPanON_function                         0x08002c71   Thumb Code    96  timer.o(.text)
    BoPanOFF_function                        0x08002cd1   Thumb Code    20  timer.o(.text)
    USART3_Configuration                     0x08002d0d   Thumb Code   172  usart3.o(.text)
    USART3_SendChar                          0x08002db9   Thumb Code    28  usart3.o(.text)
    resetIsReceive                           0x08002dd5   Thumb Code     8  usart3.o(.text)
    getIsReceive                             0x08002ddd   Thumb Code     6  usart3.o(.text)
    RS232_VisualScope                        0x08002e1d   Thumb Code    70  usart3.o(.text)
    USART3_DMA_Init                          0x08002e63   Thumb Code   270  usart3.o(.text)
    DMA1_Stream1_IRQHandler                  0x08002f71   Thumb Code    30  usart3.o(.text)
    NVIC_PriorityGroupConfig                 0x08002fad   Thumb Code    10  misc.o(.text)
    NVIC_Init                                0x08002fb7   Thumb Code   106  misc.o(.text)
    NVIC_SetVectorTable                      0x08003021   Thumb Code    14  misc.o(.text)
    NVIC_SystemLPConfig                      0x0800302f   Thumb Code    34  misc.o(.text)
    SysTick_CLKSourceConfig                  0x08003051   Thumb Code    40  misc.o(.text)
    CAN_DeInit                               0x0800308d   Thumb Code    50  stm32f4xx_can.o(.text)
    CAN_Init                                 0x080030bf   Thumb Code   276  stm32f4xx_can.o(.text)
    CAN_FilterInit                           0x080031d3   Thumb Code   258  stm32f4xx_can.o(.text)
    CAN_StructInit                           0x080032d5   Thumb Code    32  stm32f4xx_can.o(.text)
    CAN_SlaveStartBank                       0x080032f5   Thumb Code    48  stm32f4xx_can.o(.text)
    CAN_DBGFreeze                            0x08003325   Thumb Code    22  stm32f4xx_can.o(.text)
    CAN_TTComModeCmd                         0x0800333b   Thumb Code   118  stm32f4xx_can.o(.text)
    CAN_Transmit                             0x080033b1   Thumb Code   304  stm32f4xx_can.o(.text)
    CAN_TransmitStatus                       0x080034e1   Thumb Code   138  stm32f4xx_can.o(.text)
    CAN_CancelTransmit                       0x0800356b   Thumb Code    48  stm32f4xx_can.o(.text)
    CAN_Receive                              0x0800359b   Thumb Code   240  stm32f4xx_can.o(.text)
    CAN_FIFORelease                          0x0800368b   Thumb Code    22  stm32f4xx_can.o(.text)
    CAN_MessagePending                       0x080036a1   Thumb Code    30  stm32f4xx_can.o(.text)
    CAN_OperatingModeRequest                 0x080036bf   Thumb Code   162  stm32f4xx_can.o(.text)
    CAN_Sleep                                0x08003761   Thumb Code    30  stm32f4xx_can.o(.text)
    CAN_WakeUp                               0x0800377f   Thumb Code    48  stm32f4xx_can.o(.text)
    CAN_GetLastErrorCode                     0x080037af   Thumb Code    12  stm32f4xx_can.o(.text)
    CAN_GetReceiveErrorCounter               0x080037bb   Thumb Code    10  stm32f4xx_can.o(.text)
    CAN_GetLSBTransmitErrorCounter           0x080037c5   Thumb Code    12  stm32f4xx_can.o(.text)
    CAN_ITConfig                             0x080037d1   Thumb Code    18  stm32f4xx_can.o(.text)
    CAN_GetFlagStatus                        0x080037e3   Thumb Code   120  stm32f4xx_can.o(.text)
    CAN_ClearFlag                            0x0800385b   Thumb Code    52  stm32f4xx_can.o(.text)
    CAN_GetITStatus                          0x080038a1   Thumb Code   310  stm32f4xx_can.o(.text)
    CAN_ClearITPendingBit                    0x080039d7   Thumb Code   162  stm32f4xx_can.o(.text)
    DMA_DeInit                               0x08003a7d   Thumb Code   324  stm32f4xx_dma.o(.text)
    DMA_Init                                 0x08003bc1   Thumb Code    82  stm32f4xx_dma.o(.text)
    DMA_StructInit                           0x08003c13   Thumb Code    34  stm32f4xx_dma.o(.text)
    DMA_Cmd                                  0x08003c35   Thumb Code    22  stm32f4xx_dma.o(.text)
    DMA_PeriphIncOffsetSizeConfig            0x08003c4b   Thumb Code    22  stm32f4xx_dma.o(.text)
    DMA_FlowControllerConfig                 0x08003c61   Thumb Code    22  stm32f4xx_dma.o(.text)
    DMA_SetCurrDataCounter                   0x08003c77   Thumb Code     4  stm32f4xx_dma.o(.text)
    DMA_GetCurrDataCounter                   0x08003c7b   Thumb Code     8  stm32f4xx_dma.o(.text)
    DMA_DoubleBufferModeConfig               0x08003c83   Thumb Code    24  stm32f4xx_dma.o(.text)
    DMA_DoubleBufferModeCmd                  0x08003c9b   Thumb Code    22  stm32f4xx_dma.o(.text)
    DMA_MemoryTargetConfig                   0x08003cb1   Thumb Code    10  stm32f4xx_dma.o(.text)
    DMA_GetCurrentMemoryTarget               0x08003cbb   Thumb Code    20  stm32f4xx_dma.o(.text)
    DMA_GetCmdStatus                         0x08003ccf   Thumb Code    20  stm32f4xx_dma.o(.text)
    DMA_GetFIFOStatus                        0x08003ce3   Thumb Code    12  stm32f4xx_dma.o(.text)
    DMA_GetFlagStatus                        0x08003cef   Thumb Code    56  stm32f4xx_dma.o(.text)
    DMA_ClearFlag                            0x08003d27   Thumb Code    40  stm32f4xx_dma.o(.text)
    DMA_ITConfig                             0x08003d4f   Thumb Code    58  stm32f4xx_dma.o(.text)
    DMA_GetITStatus                          0x08003d89   Thumb Code    84  stm32f4xx_dma.o(.text)
    DMA_ClearITPendingBit                    0x08003ddd   Thumb Code    40  stm32f4xx_dma.o(.text)
    EXTI_DeInit                              0x08003e25   Thumb Code    28  stm32f4xx_exti.o(.text)
    EXTI_Init                                0x08003e41   Thumb Code   142  stm32f4xx_exti.o(.text)
    EXTI_StructInit                          0x08003ecf   Thumb Code    16  stm32f4xx_exti.o(.text)
    EXTI_GenerateSWInterrupt                 0x08003edf   Thumb Code    16  stm32f4xx_exti.o(.text)
    EXTI_GetFlagStatus                       0x08003eef   Thumb Code    22  stm32f4xx_exti.o(.text)
    EXTI_ClearFlag                           0x08003f05   Thumb Code     8  stm32f4xx_exti.o(.text)
    EXTI_GetITStatus                         0x08003f0d   Thumb Code    34  stm32f4xx_exti.o(.text)
    EXTI_ClearITPendingBit                   0x08003f2f   Thumb Code     8  stm32f4xx_exti.o(.text)
    GPIO_DeInit                              0x08003f41   Thumb Code   220  stm32f4xx_gpio.o(.text)
    GPIO_Init                                0x0800401d   Thumb Code   144  stm32f4xx_gpio.o(.text)
    GPIO_StructInit                          0x080040ad   Thumb Code    18  stm32f4xx_gpio.o(.text)
    GPIO_PinLockConfig                       0x080040bf   Thumb Code    34  stm32f4xx_gpio.o(.text)
    GPIO_ReadInputDataBit                    0x080040e1   Thumb Code    18  stm32f4xx_gpio.o(.text)
    GPIO_ReadInputData                       0x080040f3   Thumb Code     8  stm32f4xx_gpio.o(.text)
    GPIO_ReadOutputDataBit                   0x080040fb   Thumb Code    18  stm32f4xx_gpio.o(.text)
    GPIO_ReadOutputData                      0x0800410d   Thumb Code     8  stm32f4xx_gpio.o(.text)
    GPIO_SetBits                             0x08004115   Thumb Code     4  stm32f4xx_gpio.o(.text)
    GPIO_ResetBits                           0x08004119   Thumb Code     4  stm32f4xx_gpio.o(.text)
    GPIO_WriteBit                            0x0800411d   Thumb Code    10  stm32f4xx_gpio.o(.text)
    GPIO_Write                               0x08004127   Thumb Code     4  stm32f4xx_gpio.o(.text)
    GPIO_ToggleBits                          0x0800412b   Thumb Code     8  stm32f4xx_gpio.o(.text)
    GPIO_PinAFConfig                         0x08004133   Thumb Code    70  stm32f4xx_gpio.o(.text)
    RCC_DeInit                               0x0800419d   Thumb Code    60  stm32f4xx_rcc.o(.text)
    RCC_HSEConfig                            0x080041d9   Thumb Code    14  stm32f4xx_rcc.o(.text)
    RCC_GetFlagStatus                        0x080041e7   Thumb Code    60  stm32f4xx_rcc.o(.text)
    RCC_WaitForHSEStartUp                    0x08004223   Thumb Code    56  stm32f4xx_rcc.o(.text)
    RCC_AdjustHSICalibrationValue            0x0800425b   Thumb Code    20  stm32f4xx_rcc.o(.text)
    RCC_HSICmd                               0x0800426f   Thumb Code     6  stm32f4xx_rcc.o(.text)
    RCC_LSEConfig                            0x08004275   Thumb Code    46  stm32f4xx_rcc.o(.text)
    RCC_LSICmd                               0x080042a3   Thumb Code     6  stm32f4xx_rcc.o(.text)
    RCC_PLLConfig                            0x080042a9   Thumb Code    32  stm32f4xx_rcc.o(.text)
    RCC_PLLCmd                               0x080042c9   Thumb Code     6  stm32f4xx_rcc.o(.text)
    RCC_PLLI2SConfig                         0x080042cf   Thumb Code    14  stm32f4xx_rcc.o(.text)
    RCC_PLLI2SCmd                            0x080042dd   Thumb Code     6  stm32f4xx_rcc.o(.text)
    RCC_ClockSecuritySystemCmd               0x080042e3   Thumb Code     6  stm32f4xx_rcc.o(.text)
    RCC_MCO1Config                           0x080042e9   Thumb Code    28  stm32f4xx_rcc.o(.text)
    RCC_MCO2Config                           0x08004305   Thumb Code    28  stm32f4xx_rcc.o(.text)
    RCC_SYSCLKConfig                         0x08004321   Thumb Code    20  stm32f4xx_rcc.o(.text)
    RCC_GetSYSCLKSource                      0x08004335   Thumb Code    12  stm32f4xx_rcc.o(.text)
    RCC_HCLKConfig                           0x08004341   Thumb Code    20  stm32f4xx_rcc.o(.text)
    RCC_PCLK1Config                          0x08004355   Thumb Code    20  stm32f4xx_rcc.o(.text)
    RCC_PCLK2Config                          0x08004369   Thumb Code    22  stm32f4xx_rcc.o(.text)
    RCC_GetClocksFreq                        0x0800437f   Thumb Code   222  stm32f4xx_rcc.o(.text)
    RCC_RTCCLKConfig                         0x0800445d   Thumb Code    54  stm32f4xx_rcc.o(.text)
    RCC_RTCCLKCmd                            0x08004493   Thumb Code     8  stm32f4xx_rcc.o(.text)
    RCC_BackupResetCmd                       0x0800449b   Thumb Code     8  stm32f4xx_rcc.o(.text)
    RCC_I2SCLKConfig                         0x080044a3   Thumb Code     6  stm32f4xx_rcc.o(.text)
    RCC_AHB1PeriphClockCmd                   0x080044a9   Thumb Code    34  stm32f4xx_rcc.o(.text)
    RCC_AHB2PeriphClockCmd                   0x080044cb   Thumb Code    34  stm32f4xx_rcc.o(.text)
    RCC_AHB3PeriphClockCmd                   0x080044ed   Thumb Code    34  stm32f4xx_rcc.o(.text)
    RCC_APB1PeriphClockCmd                   0x0800450f   Thumb Code    34  stm32f4xx_rcc.o(.text)
    RCC_APB2PeriphClockCmd                   0x08004531   Thumb Code    34  stm32f4xx_rcc.o(.text)
    RCC_AHB1PeriphResetCmd                   0x08004553   Thumb Code    34  stm32f4xx_rcc.o(.text)
    RCC_AHB2PeriphResetCmd                   0x08004575   Thumb Code    72  stm32f4xx_rcc.o(.text)
    RCC_AHB3PeriphResetCmd                   0x080045bd   Thumb Code    34  stm32f4xx_rcc.o(.text)
    RCC_APB1PeriphResetCmd                   0x080045df   Thumb Code    34  stm32f4xx_rcc.o(.text)
    RCC_APB2PeriphResetCmd                   0x08004601   Thumb Code    34  stm32f4xx_rcc.o(.text)
    RCC_AHB1PeriphClockLPModeCmd             0x08004623   Thumb Code    34  stm32f4xx_rcc.o(.text)
    RCC_AHB2PeriphClockLPModeCmd             0x08004645   Thumb Code    34  stm32f4xx_rcc.o(.text)
    RCC_AHB3PeriphClockLPModeCmd             0x08004667   Thumb Code    34  stm32f4xx_rcc.o(.text)
    RCC_APB1PeriphClockLPModeCmd             0x08004689   Thumb Code    34  stm32f4xx_rcc.o(.text)
    RCC_APB2PeriphClockLPModeCmd             0x080046ab   Thumb Code    34  stm32f4xx_rcc.o(.text)
    RCC_ITConfig                             0x080046cd   Thumb Code    34  stm32f4xx_rcc.o(.text)
    RCC_ClearFlag                            0x080046ef   Thumb Code    18  stm32f4xx_rcc.o(.text)
    RCC_GetITStatus                          0x08004701   Thumb Code    22  stm32f4xx_rcc.o(.text)
    RCC_ClearITPendingBit                    0x08004717   Thumb Code     8  stm32f4xx_rcc.o(.text)
    SYSCFG_DeInit                            0x08004725   Thumb Code    22  stm32f4xx_syscfg.o(.text)
    SYSCFG_MemoryRemapConfig                 0x0800473b   Thumb Code     6  stm32f4xx_syscfg.o(.text)
    SYSCFG_EXTILineConfig                    0x08004741   Thumb Code    66  stm32f4xx_syscfg.o(.text)
    SYSCFG_ETH_MediaInterfaceConfig          0x08004783   Thumb Code     6  stm32f4xx_syscfg.o(.text)
    SYSCFG_CompensationCellCmd               0x08004789   Thumb Code     6  stm32f4xx_syscfg.o(.text)
    SYSCFG_GetCompensationCellStatus         0x0800478f   Thumb Code    22  stm32f4xx_syscfg.o(.text)
    TIM_DeInit                               0x080047b1   Thumb Code   346  stm32f4xx_tim.o(.text)
    TIM_TimeBaseInit                         0x0800490b   Thumb Code   104  stm32f4xx_tim.o(.text)
    TIM_TimeBaseStructInit                   0x08004973   Thumb Code    18  stm32f4xx_tim.o(.text)
    TIM_PrescalerConfig                      0x08004985   Thumb Code     6  stm32f4xx_tim.o(.text)
    TIM_CounterModeConfig                    0x0800498b   Thumb Code    18  stm32f4xx_tim.o(.text)
    TIM_SetCounter                           0x0800499d   Thumb Code     4  stm32f4xx_tim.o(.text)
    TIM_SetAutoreload                        0x080049a1   Thumb Code     4  stm32f4xx_tim.o(.text)
    TIM_GetCounter                           0x080049a5   Thumb Code     6  stm32f4xx_tim.o(.text)
    TIM_GetPrescaler                         0x080049ab   Thumb Code     6  stm32f4xx_tim.o(.text)
    TIM_UpdateDisableConfig                  0x080049b1   Thumb Code    24  stm32f4xx_tim.o(.text)
    TIM_UpdateRequestConfig                  0x080049c9   Thumb Code    24  stm32f4xx_tim.o(.text)
    TIM_ARRPreloadConfig                     0x080049e1   Thumb Code    24  stm32f4xx_tim.o(.text)
    TIM_SelectOnePulseMode                   0x080049f9   Thumb Code    18  stm32f4xx_tim.o(.text)
    TIM_SetClockDivision                     0x08004a0b   Thumb Code    18  stm32f4xx_tim.o(.text)
    TIM_Cmd                                  0x08004a1d   Thumb Code    24  stm32f4xx_tim.o(.text)
    TIM_OC1Init                              0x08004a35   Thumb Code   114  stm32f4xx_tim.o(.text)
    TIM_OC2Init                              0x08004aa7   Thumb Code   154  stm32f4xx_tim.o(.text)
    TIM_OC3Init                              0x08004b41   Thumb Code   204  stm32f4xx_tim.o(.text)
    TIM_OC4Init                              0x08004c0d   Thumb Code   112  stm32f4xx_tim.o(.text)
    TIM_OCStructInit                         0x08004c7d   Thumb Code    20  stm32f4xx_tim.o(.text)
    TIM_SelectOCxM                           0x08004c91   Thumb Code    86  stm32f4xx_tim.o(.text)
    TIM_SetCompare1                          0x08004ce7   Thumb Code     4  stm32f4xx_tim.o(.text)
    TIM_SetCompare2                          0x08004ceb   Thumb Code     4  stm32f4xx_tim.o(.text)
    TIM_SetCompare3                          0x08004cef   Thumb Code     4  stm32f4xx_tim.o(.text)
    TIM_SetCompare4                          0x08004cf3   Thumb Code     4  stm32f4xx_tim.o(.text)
    TIM_ForcedOC1Config                      0x08004cf7   Thumb Code    18  stm32f4xx_tim.o(.text)
    TIM_ForcedOC2Config                      0x08004d09   Thumb Code    26  stm32f4xx_tim.o(.text)
    TIM_ForcedOC3Config                      0x08004d23   Thumb Code    18  stm32f4xx_tim.o(.text)
    TIM_ForcedOC4Config                      0x08004d35   Thumb Code    26  stm32f4xx_tim.o(.text)
    TIM_OC1PreloadConfig                     0x08004d4f   Thumb Code    18  stm32f4xx_tim.o(.text)
    TIM_OC2PreloadConfig                     0x08004d61   Thumb Code    26  stm32f4xx_tim.o(.text)
    TIM_OC3PreloadConfig                     0x08004d7b   Thumb Code    18  stm32f4xx_tim.o(.text)
    TIM_OC4PreloadConfig                     0x08004d8d   Thumb Code    26  stm32f4xx_tim.o(.text)
    TIM_OC1FastConfig                        0x08004da7   Thumb Code    18  stm32f4xx_tim.o(.text)
    TIM_OC2FastConfig                        0x08004db9   Thumb Code    26  stm32f4xx_tim.o(.text)
    TIM_OC3FastConfig                        0x08004dd3   Thumb Code    18  stm32f4xx_tim.o(.text)
    TIM_OC4FastConfig                        0x08004de5   Thumb Code    26  stm32f4xx_tim.o(.text)
    TIM_ClearOC1Ref                          0x08004dff   Thumb Code    18  stm32f4xx_tim.o(.text)
    TIM_ClearOC2Ref                          0x08004e11   Thumb Code    24  stm32f4xx_tim.o(.text)
    TIM_ClearOC3Ref                          0x08004e29   Thumb Code    18  stm32f4xx_tim.o(.text)
    TIM_ClearOC4Ref                          0x08004e3b   Thumb Code    24  stm32f4xx_tim.o(.text)
    TIM_OC1PolarityConfig                    0x08004e53   Thumb Code    18  stm32f4xx_tim.o(.text)
    TIM_OC1NPolarityConfig                   0x08004e65   Thumb Code    18  stm32f4xx_tim.o(.text)
    TIM_OC2PolarityConfig                    0x08004e77   Thumb Code    26  stm32f4xx_tim.o(.text)
    TIM_OC2NPolarityConfig                   0x08004e91   Thumb Code    26  stm32f4xx_tim.o(.text)
    TIM_OC3PolarityConfig                    0x08004eab   Thumb Code    26  stm32f4xx_tim.o(.text)
    TIM_OC3NPolarityConfig                   0x08004ec5   Thumb Code    26  stm32f4xx_tim.o(.text)
    TIM_OC4PolarityConfig                    0x08004edf   Thumb Code    26  stm32f4xx_tim.o(.text)
    TIM_CCxCmd                               0x08004ef9   Thumb Code    30  stm32f4xx_tim.o(.text)
    TIM_CCxNCmd                              0x08004f17   Thumb Code    30  stm32f4xx_tim.o(.text)
    TIM_SetIC4Prescaler                      0x08004f35   Thumb Code    26  stm32f4xx_tim.o(.text)
    TIM_SetIC3Prescaler                      0x08004f9f   Thumb Code    18  stm32f4xx_tim.o(.text)
    TIM_SetIC2Prescaler                      0x08004ff9   Thumb Code    26  stm32f4xx_tim.o(.text)
    TIM_SetIC1Prescaler                      0x0800506d   Thumb Code    18  stm32f4xx_tim.o(.text)
    TIM_ICInit                               0x080050b9   Thumb Code   110  stm32f4xx_tim.o(.text)
    TIM_ICStructInit                         0x08005127   Thumb Code    18  stm32f4xx_tim.o(.text)
    TIM_PWMIConfig                           0x08005139   Thumb Code   124  stm32f4xx_tim.o(.text)
    TIM_GetCapture1                          0x080051b5   Thumb Code     6  stm32f4xx_tim.o(.text)
    TIM_GetCapture2                          0x080051bb   Thumb Code     6  stm32f4xx_tim.o(.text)
    TIM_GetCapture3                          0x080051c1   Thumb Code     6  stm32f4xx_tim.o(.text)
    TIM_GetCapture4                          0x080051c7   Thumb Code     6  stm32f4xx_tim.o(.text)
    TIM_BDTRConfig                           0x080051cd   Thumb Code    32  stm32f4xx_tim.o(.text)
    TIM_BDTRStructInit                       0x080051ed   Thumb Code    18  stm32f4xx_tim.o(.text)
    TIM_CtrlPWMOutputs                       0x080051ff   Thumb Code    30  stm32f4xx_tim.o(.text)
    TIM_SelectCOM                            0x0800521d   Thumb Code    24  stm32f4xx_tim.o(.text)
    TIM_CCPreloadControl                     0x08005235   Thumb Code    24  stm32f4xx_tim.o(.text)
    TIM_ITConfig                             0x0800524d   Thumb Code    18  stm32f4xx_tim.o(.text)
    TIM_GenerateEvent                        0x0800525f   Thumb Code     4  stm32f4xx_tim.o(.text)
    TIM_GetFlagStatus                        0x08005263   Thumb Code    18  stm32f4xx_tim.o(.text)
    TIM_ClearFlag                            0x08005275   Thumb Code     6  stm32f4xx_tim.o(.text)
    TIM_GetITStatus                          0x0800527b   Thumb Code    34  stm32f4xx_tim.o(.text)
    TIM_ClearITPendingBit                    0x0800529d   Thumb Code     6  stm32f4xx_tim.o(.text)
    TIM_DMAConfig                            0x080052a3   Thumb Code    10  stm32f4xx_tim.o(.text)
    TIM_DMACmd                               0x080052ad   Thumb Code    18  stm32f4xx_tim.o(.text)
    TIM_SelectCCDMA                          0x080052bf   Thumb Code    24  stm32f4xx_tim.o(.text)
    TIM_InternalClockConfig                  0x080052d7   Thumb Code    12  stm32f4xx_tim.o(.text)
    TIM_SelectInputTrigger                   0x080052e3   Thumb Code    18  stm32f4xx_tim.o(.text)
    TIM_ITRxExternalClockConfig              0x080052f5   Thumb Code    24  stm32f4xx_tim.o(.text)
    TIM_TIxExternalClockConfig               0x0800530d   Thumb Code    62  stm32f4xx_tim.o(.text)
    TIM_ETRConfig                            0x0800534b   Thumb Code    28  stm32f4xx_tim.o(.text)
    TIM_ETRClockMode1Config                  0x08005367   Thumb Code    54  stm32f4xx_tim.o(.text)
    TIM_ETRClockMode2Config                  0x0800539d   Thumb Code    32  stm32f4xx_tim.o(.text)
    TIM_SelectOutputTrigger                  0x080053bd   Thumb Code    18  stm32f4xx_tim.o(.text)
    TIM_SelectSlaveMode                      0x080053cf   Thumb Code    18  stm32f4xx_tim.o(.text)
    TIM_SelectMasterSlaveMode                0x080053e1   Thumb Code    18  stm32f4xx_tim.o(.text)
    TIM_EncoderInterfaceConfig               0x080053f3   Thumb Code    66  stm32f4xx_tim.o(.text)
    TIM_SelectHallSensor                     0x08005435   Thumb Code    24  stm32f4xx_tim.o(.text)
    TIM_RemapConfig                          0x0800544d   Thumb Code     6  stm32f4xx_tim.o(.text)
    USART_DeInit                             0x08005455   Thumb Code   156  stm32f4xx_usart.o(.text)
    USART_Init                               0x080054f1   Thumb Code   204  stm32f4xx_usart.o(.text)
    USART_StructInit                         0x080055bd   Thumb Code    24  stm32f4xx_usart.o(.text)
    USART_ClockInit                          0x080055d5   Thumb Code    32  stm32f4xx_usart.o(.text)
    USART_ClockStructInit                    0x080055f5   Thumb Code    12  stm32f4xx_usart.o(.text)
    USART_Cmd                                0x08005601   Thumb Code    24  stm32f4xx_usart.o(.text)
    USART_SetPrescaler                       0x08005619   Thumb Code    16  stm32f4xx_usart.o(.text)
    USART_OverSampling8Cmd                   0x08005629   Thumb Code    22  stm32f4xx_usart.o(.text)
    USART_OneBitMethodCmd                    0x0800563f   Thumb Code    24  stm32f4xx_usart.o(.text)
    USART_SendData                           0x08005657   Thumb Code     8  stm32f4xx_usart.o(.text)
    USART_ReceiveData                        0x0800565f   Thumb Code    10  stm32f4xx_usart.o(.text)
    USART_SetAddress                         0x08005669   Thumb Code    18  stm32f4xx_usart.o(.text)
    USART_ReceiverWakeUpCmd                  0x0800567b   Thumb Code    24  stm32f4xx_usart.o(.text)
    USART_WakeUpConfig                       0x08005693   Thumb Code    18  stm32f4xx_usart.o(.text)
    USART_LINBreakDetectLengthConfig         0x080056a5   Thumb Code    18  stm32f4xx_usart.o(.text)
    USART_LINCmd                             0x080056b7   Thumb Code    24  stm32f4xx_usart.o(.text)
    USART_SendBreak                          0x080056cf   Thumb Code    10  stm32f4xx_usart.o(.text)
    USART_HalfDuplexCmd                      0x080056d9   Thumb Code    24  stm32f4xx_usart.o(.text)
    USART_SetGuardTime                       0x080056f1   Thumb Code    16  stm32f4xx_usart.o(.text)
    USART_SmartCardCmd                       0x08005701   Thumb Code    24  stm32f4xx_usart.o(.text)
    USART_SmartCardNACKCmd                   0x08005719   Thumb Code    24  stm32f4xx_usart.o(.text)
    USART_IrDAConfig                         0x08005731   Thumb Code    18  stm32f4xx_usart.o(.text)
    USART_IrDACmd                            0x08005743   Thumb Code    24  stm32f4xx_usart.o(.text)
    USART_DMACmd                             0x0800575b   Thumb Code    18  stm32f4xx_usart.o(.text)
    USART_ITConfig                           0x0800576d   Thumb Code    74  stm32f4xx_usart.o(.text)
    USART_GetFlagStatus                      0x080057b7   Thumb Code    26  stm32f4xx_usart.o(.text)
    USART_ClearFlag                          0x080057d1   Thumb Code    18  stm32f4xx_usart.o(.text)
    USART_GetITStatus                        0x080057e3   Thumb Code   110  stm32f4xx_usart.o(.text)
    USART_ClearITPendingBit                  0x08005851   Thumb Code    30  stm32f4xx_usart.o(.text)
    FrictionJugg                             0x08005871   Thumb Code   130  controltask.o(.text)
    Relative_Cal_view                        0x080058f3   Thumb Code   990  controltask.o(.text)
    Relative_Cal_key                         0x08005cd1   Thumb Code   400  controltask.o(.text)
    Relative_Cal                             0x08005e61   Thumb Code   396  controltask.o(.text)
    Control_Task                             0x08005fed   Thumb Code  1048  controltask.o(.text)
    delay_init                               0x08006495   Thumb Code    52  delay.o(.text)
    delay_us                                 0x080064c9   Thumb Code    72  delay.o(.text)
    delay_xms                                0x08006511   Thumb Code    72  delay.o(.text)
    delay_ms                                 0x08006559   Thumb Code    56  delay.o(.text)
    _sys_exit                                0x08006599   Thumb Code     6  usart.o(.text)
    fputc                                    0x0800659f   Thumb Code    24  usart.o(.text)
    uart_init                                0x080065b7   Thumb Code   170  usart.o(.text)
    USART6_IRQHandler                        0x08006661   Thumb Code   138  usart.o(.text)
    __use_no_semihosting                     0x08006705   Thumb Code     2  use_no_semi_2.o(.text)
    __2printf                                0x08006709   Thumb Code    20  noretval__2printf.o(.text)
    __printf                                 0x08006721   Thumb Code   104  __printf.o(.text)
    _printf_int_dec                          0x08006789   Thumb Code   100  _printf_dec.o(.text)
    __aeabi_memclr                           0x080067fd   Thumb Code     0  rt_memclr.o(.text)
    __rt_memclr                              0x080067fd   Thumb Code    68  rt_memclr.o(.text)
    _memset                                  0x08006801   Thumb Code     0  rt_memclr.o(.text)
    __use_two_region_memory                  0x08006841   Thumb Code     2  heapauxi.o(.text)
    __rt_heap_escrow$2region                 0x08006843   Thumb Code     2  heapauxi.o(.text)
    __rt_heap_expand$2region                 0x08006845   Thumb Code     2  heapauxi.o(.text)
    __I$use$semihosting                      0x08006847   Thumb Code     0  use_no_semi.o(.text)
    __use_no_semihosting_swi                 0x08006847   Thumb Code     2  use_no_semi.o(.text)
    _printf_int_common                       0x08006849   Thumb Code   178  _printf_intcommon.o(.text)
    _printf_char_file                        0x080068fd   Thumb Code    32  _printf_char_file.o(.text)
    __aeabi_memclr4                          0x08006921   Thumb Code     0  rt_memclr_w.o(.text)
    __aeabi_memclr8                          0x08006921   Thumb Code     0  rt_memclr_w.o(.text)
    __rt_memclr_w                            0x08006921   Thumb Code    78  rt_memclr_w.o(.text)
    _memset_w                                0x08006925   Thumb Code     0  rt_memclr_w.o(.text)
    _printf_char_common                      0x0800697b   Thumb Code    32  _printf_char_common.o(.text)
    ferror                                   0x080069a1   Thumb Code     8  ferror.o(.text)
    __user_setup_stackheap                   0x080069a9   Thumb Code    74  sys_stackheap_outer.o(.text)
    exit                                     0x080069f3   Thumb Code    12  exit.o(.text)
    __user_libspace                          0x08006a01   Thumb Code     8  libspace.o(.text)
    __user_perproc_libspace                  0x08006a01   Thumb Code     0  libspace.o(.text)
    __user_perthread_libspace                0x08006a01   Thumb Code     0  libspace.o(.text)
    CRC8                                     0x08006a09   Thumb Code    44  main.o(i.CRC8)
    frame_init                               0x08006a39   Thumb Code    62  main.o(i.frame_init)
    frame_pack                               0x08006a77   Thumb Code    52  controltask.o(i.frame_pack)
    frame_send                               0x08006aab   Thumb Code    60  controltask.o(i.frame_send)
    __aeabi_d2f                              0x08006ae9   Thumb Code     0  d2f.o(x$fpl$d2f)
    _d2f                                     0x08006ae9   Thumb Code    98  d2f.o(x$fpl$d2f)
    __aeabi_dadd                             0x08006b4d   Thumb Code     0  daddsub_clz.o(x$fpl$dadd)
    _dadd                                    0x08006b4d   Thumb Code   332  daddsub_clz.o(x$fpl$dadd)
    __fpl_dcmp_Inf                           0x08006c9d   Thumb Code    24  dcmpi.o(x$fpl$dcmpinf)
    __aeabi_ddiv                             0x08006cb5   Thumb Code     0  ddiv.o(x$fpl$ddiv)
    _ddiv                                    0x08006cb5   Thumb Code   552  ddiv.o(x$fpl$ddiv)
    __aeabi_d2iz                             0x08006f65   Thumb Code     0  dfix.o(x$fpl$dfix)
    _dfix                                    0x08006f65   Thumb Code    94  dfix.o(x$fpl$dfix)
    __aeabi_i2d                              0x08006fc3   Thumb Code     0  dflt_clz.o(x$fpl$dflt)
    _dflt                                    0x08006fc3   Thumb Code    46  dflt_clz.o(x$fpl$dflt)
    __aeabi_cdcmple                          0x08006ff1   Thumb Code     0  dleqf.o(x$fpl$dleqf)
    _dcmple                                  0x08006ff1   Thumb Code   120  dleqf.o(x$fpl$dleqf)
    __fpl_dcmple_InfNaN                      0x08007053   Thumb Code     0  dleqf.o(x$fpl$dleqf)
    __aeabi_dmul                             0x08007069   Thumb Code     0  dmul.o(x$fpl$dmul)
    _dmul                                    0x08007069   Thumb Code   332  dmul.o(x$fpl$dmul)
    __fpl_dnaninf                            0x080071bd   Thumb Code   156  dnaninf.o(x$fpl$dnaninf)
    __fpl_dretinf                            0x08007259   Thumb Code    12  dretinf.o(x$fpl$dretinf)
    __aeabi_cdrcmple                         0x08007265   Thumb Code     0  drleqf.o(x$fpl$drleqf)
    _drcmple                                 0x08007265   Thumb Code   108  drleqf.o(x$fpl$drleqf)
    __aeabi_dsub                             0x080072d1   Thumb Code     0  daddsub_clz.o(x$fpl$dsub)
    _dsub                                    0x080072d1   Thumb Code   464  daddsub_clz.o(x$fpl$dsub)
    __aeabi_f2d                              0x080074a5   Thumb Code     0  f2d.o(x$fpl$f2d)
    _f2d                                     0x080074a5   Thumb Code    86  f2d.o(x$fpl$f2d)
    __fpl_fnaninf                            0x080074fb   Thumb Code   140  fnaninf.o(x$fpl$fnaninf)
    _fp_init                                 0x08007587   Thumb Code    10  fpinit.o(x$fpl$fpinit)
    __fplib_config_fpu_vfp                   0x0800758f   Thumb Code     0  fpinit.o(x$fpl$fpinit)
    __fplib_config_pureend_doubles           0x0800758f   Thumb Code     0  fpinit.o(x$fpl$fpinit)
    __fpl_fretinf                            0x08007591   Thumb Code    10  fretinf.o(x$fpl$fretinf)
    CRC8Table                                0x0800759a   Data         256  com2mani.o(.constdata)
    __I$use$fp                               0x0800759a   Number         0  usenofp.o(x$fpl$usenofp)
    Region$$Table$$Base                      0x0800769c   Number         0  anon$$obj.o(Region$$Table)
    Region$$Table$$Limit                     0x080076bc   Number         0  anon$$obj.o(Region$$Table)
    SystemCoreClock                          0x20000000   Data           4  system_stm32f4xx.o(.data)
    AHBPrescTable                            0x20000004   Data          16  system_stm32f4xx.o(.data)
    testpid_p                                0x20000018   Data           8  main.o(.data)
    testpid_i                                0x20000020   Data           8  main.o(.data)
    testpid_d                                0x20000028   Data           8  main.o(.data)
    rx_received                              0x20000030   Data           4  main.o(.data)
    ch0                                      0x20000034   Data           2  main.o(.data)
    ch1                                      0x20000036   Data           2  main.o(.data)
    ch2                                      0x20000038   Data           2  main.o(.data)
    ch3                                      0x2000003a   Data           2  main.o(.data)
    s1                                       0x2000003c   Data           1  main.o(.data)
    s2                                       0x2000003d   Data           1  main.o(.data)
    press_l                                  0x2000003e   Data           1  main.o(.data)
    press_r                                  0x2000003f   Data           1  main.o(.data)
    mouse_y                                  0x20000040   Data           2  main.o(.data)
    mouse_x                                  0x20000042   Data           2  main.o(.data)
    current_position_201                     0x20000044   Data           2  can2.o(.data)
    current_position_203                     0x20000046   Data           2  can2.o(.data)
    can2rx_received                          0x20000048   Data           1  can2.o(.data)
    flag2                                    0x20000049   Data           1  can2.o(.data)
    MotorState201                            0x2000004a   Data           1  motor.o(.data)
    MotorState203                            0x2000004b   Data           1  motor.o(.data)
    MotorCurrent201                          0x2000004c   Data           2  motor.o(.data)
    MotorCurrent203                          0x2000004e   Data           2  motor.o(.data)
    MotorPIDOutPit                           0x20000050   Data           4  motorcontrol.o(.data)
    SpeedPIDoutPit                           0x20000054   Data           4  motorcontrol.o(.data)
    MotorPIDOutYaw                           0x20000058   Data           4  motorcontrol.o(.data)
    SpeedPIDoutYaw                           0x2000005c   Data           4  motorcontrol.o(.data)
    WholePIDOutPit                           0x20000060   Data           4  motorcontrol.o(.data)
    WholePIDOutYaw                           0x20000064   Data           4  motorcontrol.o(.data)
    speedA                                   0x20000068   Data           2  move.o(.data)
    speedB                                   0x2000006a   Data           2  move.o(.data)
    speedC                                   0x2000006c   Data           2  move.o(.data)
    speedD                                   0x2000006e   Data           2  move.o(.data)
    gears                                    0x20000070   Data           4  move.o(.data)
    move_count                               0x20000074   Data           1  move.o(.data)
    key_press_ex_Q                           0x20000075   Data           1  move.o(.data)
    key_press_ex_E                           0x20000076   Data           1  move.o(.data)
    key_press_ex_CTRL                        0x20000077   Data           1  move.o(.data)
    mode_SLOW_flag                           0x20000078   Data           1  move.o(.data)
    mode_SWING_flag                          0x20000079   Data           1  move.o(.data)
    AngleGyro                                0x2000007c   Data           4  mpu6050_driver.o(.data)
    gyroADC_X_offset                         0x20000080   Data           4  mpu6050_driver.o(.data)
    gyroADC_Y_offset                         0x20000084   Data           4  mpu6050_driver.o(.data)
    gyroADC_Z_offset                         0x20000088   Data           4  mpu6050_driver.o(.data)
    q0                                       0x2000008c   Data           4  mpu6050_process.o(.data)
    q1                                       0x20000090   Data           4  mpu6050_process.o(.data)
    q2                                       0x20000094   Data           4  mpu6050_process.o(.data)
    q3                                       0x20000098   Data           4  mpu6050_process.o(.data)
    exInt                                    0x2000009c   Data           4  mpu6050_process.o(.data)
    eyInt                                    0x200000a0   Data           4  mpu6050_process.o(.data)
    ezInt                                    0x200000a4   Data           4  mpu6050_process.o(.data)
    TIM3Timeout                              0x200000b0   Data           1  timer.o(.data)
    TIM2Timeout                              0x200000b1   Data           1  timer.o(.data)
    BoPandir_count                           0x200000b2   Data           2  timer.o(.data)
    BoPan_flag                               0x200000b4   Data           1  timer.o(.data)
    USART_RX_STA3                            0x200000b6   Data           2  usart3.o(.data)
    RxCnt                                    0x200000b8   Data           1  usart3.o(.data)
    relative_yaw                             0x200000d4   Data           4  controltask.o(.data)
    relative_pitch                           0x200000d8   Data           4  controltask.o(.data)
    MotorPositionPit                         0x200000dc   Data           4  controltask.o(.data)
    MotorSpeedPit                            0x200000e0   Data           4  controltask.o(.data)
    MotorPositionYaw                         0x200000e4   Data           4  controltask.o(.data)
    MotorSpeedYaw                            0x200000e8   Data           4  controltask.o(.data)
    AngleYaw_set                             0x200000f0   Data           8  controltask.o(.data)
    AngleYaw_now                             0x200000f8   Data           8  controltask.o(.data)
    AngleYaw_mid                             0x20000100   Data           8  controltask.o(.data)
    move_round                               0x20000108   Data           2  controltask.o(.data)
    move_round_swing                         0x2000010a   Data           2  controltask.o(.data)
    isFrictionON                             0x2000010c   Data           1  controltask.o(.data)
    FrictionFlag                             0x2000010d   Data           1  controltask.o(.data)
    BoPanFlag                                0x2000010e   Data           1  controltask.o(.data)
    Friction_s1_Ex                           0x2000010f   Data           1  controltask.o(.data)
    BoPan_s2_Ex                              0x20000110   Data           1  controltask.o(.data)
    BoPan_count                              0x20000111   Data           1  controltask.o(.data)
    view_control_count                       0x20000112   Data           1  controltask.o(.data)
    BoPan_continue_flag                      0x20000113   Data           1  controltask.o(.data)
    view_patrol_value                        0x20000114   Data           4  controltask.o(.data)
    view_patrol_jugg                         0x20000118   Data           4  controltask.o(.data)
    view_patrol_count                        0x2000011c   Data           4  controltask.o(.data)
    view_color_jugg                          0x20000120   Data           4  controltask.o(.data)
    pid_control_test                         0x20000124   Data           1  controltask.o(.data)
    pid_test_mode                            0x20000128   Data           4  controltask.o(.data)
    view_setposition_pitch                   0x2000012c   Data           4  controltask.o(.data)
    view_setposition_yaw                     0x20000130   Data           4  controltask.o(.data)
    MotorSetPositionPit                      0x20000134   Data           4  controltask.o(.data)
    MotorSetPositionYaw                      0x20000138   Data           4  controltask.o(.data)
    mode_SWING_count                         0x2000013c   Data           4  controltask.o(.data)
    __stdout                                 0x20000144   Data           4  usart.o(.data)
    USART_RX_STA                             0x20000148   Data           2  usart.o(.data)
    sbus_rx_buffer                           0x2000014c   Data          18  main.o(.bss)
    can2rx_message                           0x20000160   Data          20  can2.o(.bss)
    rx_message                               0x20000174   Data          20  can2.o(.bss)
    MotorPositionPIDPit                      0x20000188   Data          56  motorcontrol.o(.bss)
    MotorSpeedPIDPit                         0x200001c0   Data          56  motorcontrol.o(.bss)
    MotorPositionPIDYaw                      0x200001f8   Data          56  motorcontrol.o(.bss)
    MotorSpeedPIDYaw                         0x20000230   Data          56  motorcontrol.o(.bss)
    MPU6050_Raw_Data                         0x20000268   Data          14  mpu6050_driver.o(.bss)
    MPU6050_Real_Data                        0x20000278   Data          28  mpu6050_driver.o(.bss)
    MPU6050_AVG_Data                         0x20000294   Data          28  mpu6050_driver.o(.bss)
    MPU_OFFSET                               0x200002b0   Data          28  mpu6050_driver.o(.bss)
    Accel_Raw_Average_Data                   0x200002cc   Data          12  mpu6050_process.o(.bss)
    Gyro_Radian_Data                         0x200002d8   Data          12  mpu6050_process.o(.bss)
    MPU6050_Angle                            0x200002e4   Data          12  mpu6050_process.o(.bss)
    RC_Ctl                                   0x2000030e   Data          22  rc.o(.bss)
    RC_Ex_Ctl                                0x20000324   Data          22  rc.o(.bss)
    USART_RX_BUF3                            0x2000033a   Data          30  usart3.o(.bss)
    USART_RX_BUF3_CP                         0x20000358   Data          30  usart3.o(.bss)
    RxBuf                                    0x20000376   Data          10  usart3.o(.bss)
    PIDdata                                  0x20000380   Data          20  controltask.o(.bss)
    can_pack                                 0x20000394   Data           9  controltask.o(.bss)
    can_pack_receive                         0x2000039d   Data           9  controltask.o(.bss)
    dat_pack                                 0x200003a8   Data          12  controltask.o(.bss)
    USART_RX_BUF                             0x200003b4   Data         200  usart.o(.bss)
    __libspace_start                         0x2000047c   Data          96  libspace.o(.bss)
    __temporary_stack_top$libspace           0x200004dc   Data           0  libspace.o(.bss)



==============================================================================

Memory Map of the image

  Image Entry point : 0x08000189

  Load Region LR_IROM1 (Base: 0x08000000, Size: 0x00007808, Max: 0x00080000, ABSOLUTE, COMPRESSED[0x000076e8])

    Execution Region ER_IROM1 (Base: 0x08000000, Size: 0x000076bc, Max: 0x00080000, ABSOLUTE)

    Base Addr    Size         Type   Attr      Idx    E Section Name        Object

    0x08000000   0x00000188   Data   RO          132    RESET               startup_stm32f4xx.o
    0x08000188   0x00000008   Code   RO         1591  * !!!main             c_w.l(__main.o)
    0x08000190   0x00000034   Code   RO         1801    !!!scatter          c_w.l(__scatter.o)
    0x080001c4   0x0000005a   Code   RO         1799    !!dczerorl2         c_w.l(__dczerorl2.o)
    0x0800021e   0x00000002   PAD
    0x08000220   0x0000001c   Code   RO         1803    !!handler_zi        c_w.l(__scatter_zi.o)
    0x0800023c   0x00000000   Code   RO         1586    .ARM.Collect$$_printf_percent$$00000000  c_w.l(_printf_percent.o)
    0x0800023c   0x00000006   Code   RO         1585    .ARM.Collect$$_printf_percent$$00000009  c_w.l(_printf_d.o)
    0x08000242   0x00000004   Code   RO         1630    .ARM.Collect$$_printf_percent$$00000017  c_w.l(_printf_percent_end.o)
    0x08000246   0x00000002   Code   RO         1676    .ARM.Collect$$libinit$$00000000  c_w.l(libinit.o)
    0x08000248   0x00000004   Code   RO         1682    .ARM.Collect$$libinit$$00000001  c_w.l(libinit2.o)
    0x0800024c   0x00000000   Code   RO         1686    .ARM.Collect$$libinit$$00000008  c_w.l(libinit2.o)
    0x0800024c   0x00000000   Code   RO         1688    .ARM.Collect$$libinit$$0000000A  c_w.l(libinit2.o)
    0x0800024c   0x00000000   Code   RO         1690    .ARM.Collect$$libinit$$0000000C  c_w.l(libinit2.o)
    0x0800024c   0x00000000   Code   RO         1693    .ARM.Collect$$libinit$$0000000F  c_w.l(libinit2.o)
    0x0800024c   0x00000000   Code   RO         1695    .ARM.Collect$$libinit$$00000011  c_w.l(libinit2.o)
    0x0800024c   0x00000000   Code   RO         1697    .ARM.Collect$$libinit$$00000013  c_w.l(libinit2.o)
    0x0800024c   0x00000000   Code   RO         1699    .ARM.Collect$$libinit$$00000015  c_w.l(libinit2.o)
    0x0800024c   0x00000000   Code   RO         1701    .ARM.Collect$$libinit$$00000017  c_w.l(libinit2.o)
    0x0800024c   0x00000000   Code   RO         1703    .ARM.Collect$$libinit$$00000019  c_w.l(libinit2.o)
    0x0800024c   0x00000000   Code   RO         1705    .ARM.Collect$$libinit$$0000001B  c_w.l(libinit2.o)
    0x0800024c   0x00000000   Code   RO         1707    .ARM.Collect$$libinit$$0000001D  c_w.l(libinit2.o)
    0x0800024c   0x00000000   Code   RO         1709    .ARM.Collect$$libinit$$0000001F  c_w.l(libinit2.o)
    0x0800024c   0x00000000   Code   RO         1711    .ARM.Collect$$libinit$$00000021  c_w.l(libinit2.o)
    0x0800024c   0x00000000   Code   RO         1713    .ARM.Collect$$libinit$$00000023  c_w.l(libinit2.o)
    0x0800024c   0x00000000   Code   RO         1717    .ARM.Collect$$libinit$$0000002A  c_w.l(libinit2.o)
    0x0800024c   0x00000000   Code   RO         1719    .ARM.Collect$$libinit$$0000002C  c_w.l(libinit2.o)
    0x0800024c   0x00000000   Code   RO         1721    .ARM.Collect$$libinit$$0000002E  c_w.l(libinit2.o)
    0x0800024c   0x00000000   Code   RO         1723    .ARM.Collect$$libinit$$00000030  c_w.l(libinit2.o)
    0x0800024c   0x00000002   Code   RO         1724    .ARM.Collect$$libinit$$00000031  c_w.l(libinit2.o)
    0x0800024e   0x00000002   Code   RO         1742    .ARM.Collect$$libshutdown$$00000000  c_w.l(libshutdown.o)
    0x08000250   0x00000000   Code   RO         1753    .ARM.Collect$$libshutdown$$00000003  c_w.l(libshutdown2.o)
    0x08000250   0x00000000   Code   RO         1756    .ARM.Collect$$libshutdown$$00000006  c_w.l(libshutdown2.o)
    0x08000250   0x00000000   Code   RO         1759    .ARM.Collect$$libshutdown$$00000009  c_w.l(libshutdown2.o)
    0x08000250   0x00000000   Code   RO         1761    .ARM.Collect$$libshutdown$$0000000B  c_w.l(libshutdown2.o)
    0x08000250   0x00000000   Code   RO         1764    .ARM.Collect$$libshutdown$$0000000E  c_w.l(libshutdown2.o)
    0x08000250   0x00000002   Code   RO         1765    .ARM.Collect$$libshutdown$$0000000F  c_w.l(libshutdown2.o)
    0x08000252   0x00000000   Code   RO         1625    .ARM.Collect$$rtentry$$00000000  c_w.l(rtentry.o)
    0x08000252   0x00000000   Code   RO         1645    .ARM.Collect$$rtentry$$00000002  c_w.l(rtentry2.o)
    0x08000252   0x00000006   Code   RO         1657    .ARM.Collect$$rtentry$$00000004  c_w.l(rtentry4.o)
    0x08000258   0x00000000   Code   RO         1647    .ARM.Collect$$rtentry$$00000009  c_w.l(rtentry2.o)
    0x08000258   0x00000004   Code   RO         1648    .ARM.Collect$$rtentry$$0000000A  c_w.l(rtentry2.o)
    0x0800025c   0x00000000   Code   RO         1650    .ARM.Collect$$rtentry$$0000000C  c_w.l(rtentry2.o)
    0x0800025c   0x00000008   Code   RO         1651    .ARM.Collect$$rtentry$$0000000D  c_w.l(rtentry2.o)
    0x08000264   0x00000002   Code   RO         1680    .ARM.Collect$$rtexit$$00000000  c_w.l(rtexit.o)
    0x08000266   0x00000000   Code   RO         1726    .ARM.Collect$$rtexit$$00000002  c_w.l(rtexit2.o)
    0x08000266   0x00000004   Code   RO         1727    .ARM.Collect$$rtexit$$00000003  c_w.l(rtexit2.o)
    0x0800026a   0x00000006   Code   RO         1728    .ARM.Collect$$rtexit$$00000004  c_w.l(rtexit2.o)
    0x08000270   0x00000210   Code   RO            3    .text               system_stm32f4xx.o
    0x08000480   0x00000040   Code   RO          133    .text               startup_stm32f4xx.o
    0x080004c0   0x00000198   Code   RO          139    .text               main.o
    0x08000658   0x0000001a   Code   RO          279    .text               stm32f4xx_it.o
    0x08000672   0x00000002   PAD
    0x08000674   0x000000b8   Code   RO          302    .text               buzzer.o
    0x0800072c   0x00000164   Code   RO          326    .text               can.o
    0x08000890   0x000001c0   Code   RO          361    .text               can2.o
    0x08000a50   0x00000068   Code   RO          392    .text               com2mani.o
    0x08000ab8   0x00000094   Code   RO          447    .text               led.o
    0x08000b4c   0x00000188   Code   RO          467    .text               motor.o
    0x08000cd4   0x00000354   Code   RO          497    .text               motorcontrol.o
    0x08001028   0x000007f0   Code   RO          525    .text               move.o
    0x08001818   0x000004c4   Code   RO          569    .text               mpu6050_driver.o
    0x08001cdc   0x00000348   Code   RO          596    .text               mpu6050_i2c.o
    0x08002024   0x0000009c   Code   RO          616    .text               mpu6050_interrupt.o
    0x080020c0   0x00000268   Code   RO          636    .text               mpu6050_process.o
    0x08002328   0x0000025c   Code   RO          663    .text               pid.o
    0x08002584   0x00000104   Code   RO          683    .text               pwm.o
    0x08002688   0x0000039c   Code   RO          709    .text               rc.o
    0x08002a24   0x000002e8   Code   RO          737    .text               timer.o
    0x08002d0c   0x000002a0   Code   RO          763    .text               usart3.o
    0x08002fac   0x000000e0   Code   RO          814    .text               misc.o
    0x0800308c   0x000009f0   Code   RO          854    .text               stm32f4xx_can.o
    0x08003a7c   0x000003a8   Code   RO         1034    .text               stm32f4xx_dma.o
    0x08003e24   0x0000011c   Code   RO         1054    .text               stm32f4xx_exti.o
    0x08003f40   0x0000025c   Code   RO         1114    .text               stm32f4xx_gpio.o
    0x0800419c   0x00000588   Code   RO         1254    .text               stm32f4xx_rcc.o
    0x08004724   0x0000008c   Code   RO         1356    .text               stm32f4xx_syscfg.o
    0x080047b0   0x00000ca2   Code   RO         1376    .text               stm32f4xx_tim.o
    0x08005452   0x00000002   PAD
    0x08005454   0x0000041a   Code   RO         1396    .text               stm32f4xx_usart.o
    0x0800586e   0x00000002   PAD
    0x08005870   0x00000c24   Code   RO         1436    .text               controltask.o
    0x08006494   0x00000104   Code   RO         1483    .text               delay.o
    0x08006598   0x0000016c   Code   RO         1523    .text               usart.o
    0x08006704   0x00000002   Code   RO         1555    .text               c_w.l(use_no_semi_2.o)
    0x08006706   0x00000002   PAD
    0x08006708   0x00000018   Code   RO         1559    .text               c_w.l(noretval__2printf.o)
    0x08006720   0x00000068   Code   RO         1561    .text               c_w.l(__printf.o)
    0x08006788   0x00000074   Code   RO         1563    .text               c_w.l(_printf_dec.o)
    0x080067fc   0x00000044   Code   RO         1587    .text               c_w.l(rt_memclr.o)
    0x08006840   0x00000006   Code   RO         1589    .text               c_w.l(heapauxi.o)
    0x08006846   0x00000002   Code   RO         1623    .text               c_w.l(use_no_semi.o)
    0x08006848   0x000000b2   Code   RO         1626    .text               c_w.l(_printf_intcommon.o)
    0x080068fa   0x00000002   PAD
    0x080068fc   0x00000024   Code   RO         1628    .text               c_w.l(_printf_char_file.o)
    0x08006920   0x0000004e   Code   RO         1631    .text               c_w.l(rt_memclr_w.o)
    0x0800696e   0x00000002   PAD
    0x08006970   0x00000030   Code   RO         1659    .text               c_w.l(_printf_char_common.o)
    0x080069a0   0x00000008   Code   RO         1661    .text               c_w.l(ferror.o)
    0x080069a8   0x0000004a   Code   RO         1665    .text               c_w.l(sys_stackheap_outer.o)
    0x080069f2   0x0000000c   Code   RO         1669    .text               c_w.l(exit.o)
    0x080069fe   0x00000002   PAD
    0x08006a00   0x00000008   Code   RO         1677    .text               c_w.l(libspace.o)
    0x08006a08   0x00000030   Code   RO          164    i.CRC8              main.o
    0x08006a38   0x0000003e   Code   RO          158    i.frame_init        main.o
    0x08006a76   0x00000034   Code   RO         1455    i.frame_pack        controltask.o
    0x08006aaa   0x0000003c   Code   RO         1461    i.frame_send        controltask.o
    0x08006ae6   0x00000002   PAD
    0x08006ae8   0x00000062   Code   RO         1593    x$fpl$d2f           fz_wm.l(d2f.o)
    0x08006b4a   0x00000002   PAD
    0x08006b4c   0x00000150   Code   RO         1595    x$fpl$dadd          fz_wm.l(daddsub_clz.o)
    0x08006c9c   0x00000018   Code   RO         1633    x$fpl$dcmpinf       fz_wm.l(dcmpi.o)
    0x08006cb4   0x000002b0   Code   RO         1602    x$fpl$ddiv          fz_wm.l(ddiv.o)
    0x08006f64   0x0000005e   Code   RO         1605    x$fpl$dfix          fz_wm.l(dfix.o)
    0x08006fc2   0x0000002e   Code   RO         1610    x$fpl$dflt          fz_wm.l(dflt_clz.o)
    0x08006ff0   0x00000078   Code   RO         1615    x$fpl$dleqf         fz_wm.l(dleqf.o)
    0x08007068   0x00000154   Code   RO         1617    x$fpl$dmul          fz_wm.l(dmul.o)
    0x080071bc   0x0000009c   Code   RO         1635    x$fpl$dnaninf       fz_wm.l(dnaninf.o)
    0x08007258   0x0000000c   Code   RO         1637    x$fpl$dretinf       fz_wm.l(dretinf.o)
    0x08007264   0x0000006c   Code   RO         1619    x$fpl$drleqf        fz_wm.l(drleqf.o)
    0x080072d0   0x000001d4   Code   RO         1597    x$fpl$dsub          fz_wm.l(daddsub_clz.o)
    0x080074a4   0x00000056   Code   RO         1621    x$fpl$f2d           fz_wm.l(f2d.o)
    0x080074fa   0x0000008c   Code   RO         1639    x$fpl$fnaninf       fz_wm.l(fnaninf.o)
    0x08007586   0x0000000a   Code   RO         1734    x$fpl$fpinit        fz_wm.l(fpinit.o)
    0x08007590   0x0000000a   Code   RO         1641    x$fpl$fretinf       fz_wm.l(fretinf.o)
    0x0800759a   0x00000000   Code   RO         1643    x$fpl$usenofp       fz_wm.l(usenofp.o)
    0x0800759a   0x00000100   Data   RO          393    .constdata          com2mani.o
    0x0800769a   0x00000002   PAD
    0x0800769c   0x00000020   Data   RO         1797    Region$$Table       anon$$obj.o


    Execution Region RW_IRAM1 (Base: 0x20000000, Size: 0x00000ae0, Max: 0x00020000, ABSOLUTE, COMPRESSED[0x0000002c])

    Base Addr    Size         Type   Attr      Idx    E Section Name        Object

    0x20000000   0x00000014   Data   RW            4    .data               system_stm32f4xx.o
    0x20000014   0x00000004   PAD
    0x20000018   0x0000002c   Data   RW          141    .data               main.o
    0x20000044   0x00000006   Data   RW          363    .data               can2.o
    0x2000004a   0x00000006   Data   RW          468    .data               motor.o
    0x20000050   0x00000018   Data   RW          499    .data               motorcontrol.o
    0x20000068   0x00000012   Data   RW          526    .data               move.o
    0x2000007a   0x00000002   PAD
    0x2000007c   0x00000010   Data   RW          571    .data               mpu6050_driver.o
    0x2000008c   0x00000024   Data   RW          638    .data               mpu6050_process.o
    0x200000b0   0x00000005   Data   RW          738    .data               timer.o
    0x200000b5   0x00000001   PAD
    0x200000b6   0x00000009   Data   RW          765    .data               usart3.o
    0x200000bf   0x00000010   Data   RW         1255    .data               stm32f4xx_rcc.o
    0x200000cf   0x00000001   PAD
    0x200000d0   0x00000070   Data   RW         1438    .data               controltask.o
    0x20000140   0x00000004   Data   RW         1484    .data               delay.o
    0x20000144   0x00000006   Data   RW         1525    .data               usart.o
    0x2000014a   0x00000002   PAD
    0x2000014c   0x00000012   Zero   RW          140    .bss                main.o
    0x2000015e   0x00000002   PAD
    0x20000160   0x00000028   Zero   RW          362    .bss                can2.o
    0x20000188   0x000000e0   Zero   RW          498    .bss                motorcontrol.o
    0x20000268   0x00000064   Zero   RW          570    .bss                mpu6050_driver.o
    0x200002cc   0x00000042   Zero   RW          637    .bss                mpu6050_process.o
    0x2000030e   0x0000002c   Zero   RW          710    .bss                rc.o
    0x2000033a   0x00000046   Zero   RW          764    .bss                usart3.o
    0x20000380   0x00000034   Zero   RW         1437    .bss                controltask.o
    0x200003b4   0x000000c8   Zero   RW         1524    .bss                usart.o
    0x2000047c   0x00000060   Zero   RW         1678    .bss                c_w.l(libspace.o)
    0x200004dc   0x00000004   PAD
    0x200004e0   0x00000200   Zero   RW          131    HEAP                startup_stm32f4xx.o
    0x200006e0   0x00000400   Zero   RW          130    STACK               startup_stm32f4xx.o


==============================================================================

Image component sizes


      Code (inc. data)   RO Data    RW Data    ZI Data      Debug   Object Name

       184          8          0          0          0        910   buzzer.o
       356          8          0          0          0       1466   can.o
       448         20          0          6         40       2053   can2.o
       104          6        256          0          0       2427   com2mani.o
      3220        368          0        112         52       6832   controltask.o
       260          8          0          4          0       1557   delay.o
       148          8          0          0          0        660   led.o
       518         90          0         44         18       6569   main.o
       224         20          0          0          0       2101   misc.o
       392         26          0          6          0       2195   motor.o
       852         72          0         24        224       4484   motorcontrol.o
      2032        128          0         18          0       2231   move.o
      1220         84          0         16        100       3533   mpu6050_driver.o
       840          4          0          0          0       4003   mpu6050_i2c.o
       156          4          0          0          0        913   mpu6050_interrupt.o
       616         68          0         36         66       3291   mpu6050_process.o
       604          8          0          0          0       2698   pid.o
       260          8          0          0          0       1028   pwm.o
       924        184          0          0         44       2986   rc.o
        64         26        392          0       1536        968   startup_stm32f4xx.o
      2544         38          0          0          0       8248   stm32f4xx_can.o
       936         32          0          0          0       6573   stm32f4xx_dma.o
       284         10          0          0          0       2575   stm32f4xx_exti.o
       604         36          0          0          0       4345   stm32f4xx_gpio.o
        26          0          0          0          0       1302   stm32f4xx_it.o
      1416         48          0         16          0      11323   stm32f4xx_rcc.o
       140         12          0          0          0       1807   stm32f4xx_syscfg.o
      3234         60          0          0          0      22580   stm32f4xx_tim.o
      1050         26          0          0          0       8052   stm32f4xx_usart.o
       528         46          0         20          0     284935   system_stm32f4xx.o
       744         40          0          5          0       2289   timer.o
       364         26          0          6        200       3965   usart.o
       672         30          0          9         70       3480   usart3.o

    ----------------------------------------------------------------------
     25972       1552        682        332       2352     414379   Object Totals
         0          0         32          0          0          0   (incl. Generated)
         8          0          2         10          2          0   (incl. Padding)

    ----------------------------------------------------------------------

      Code (inc. data)   RO Data    RW Data    ZI Data      Debug   Library Member Name

        90          0          0          0          0          0   __dczerorl2.o
         8          0          0          0          0         68   __main.o
       104          0          0          0          0         84   __printf.o
        52          8          0          0          0          0   __scatter.o
        28          0          0          0          0          0   __scatter_zi.o
        48          6          0          0          0         96   _printf_char_common.o
        36          4          0          0          0         80   _printf_char_file.o
         6          0          0          0          0          0   _printf_d.o
       116         16          0          0          0         92   _printf_dec.o
       178          0          0          0          0         88   _printf_intcommon.o
         0          0          0          0          0          0   _printf_percent.o
         4          0          0          0          0          0   _printf_percent_end.o
        12          0          0          0          0         72   exit.o
         8          0          0          0          0         68   ferror.o
         6          0          0          0          0        152   heapauxi.o
         2          0          0          0          0          0   libinit.o
         6          0          0          0          0          0   libinit2.o
         2          0          0          0          0          0   libshutdown.o
         2          0          0          0          0          0   libshutdown2.o
         8          4          0          0         96         68   libspace.o
        24          4          0          0          0         84   noretval__2printf.o
        68          0          0          0          0         68   rt_memclr.o
        78          0          0          0          0         80   rt_memclr_w.o
         0          0          0          0          0          0   rtentry.o
        12          0          0          0          0          0   rtentry2.o
         6          0          0          0          0          0   rtentry4.o
         2          0          0          0          0          0   rtexit.o
        10          0          0          0          0          0   rtexit2.o
        74          0          0          0          0         80   sys_stackheap_outer.o
         2          0          0          0          0         68   use_no_semi.o
         2          0          0          0          0         68   use_no_semi_2.o
        98          4          0          0          0        140   d2f.o
       804         16          0          0          0        368   daddsub_clz.o
        24          0          0          0          0        116   dcmpi.o
       688        140          0          0          0        256   ddiv.o
        94          4          0          0          0        140   dfix.o
        46          0          0          0          0        116   dflt_clz.o
       120          4          0          0          0        140   dleqf.o
       340         12          0          0          0        152   dmul.o
       156          4          0          0          0        140   dnaninf.o
        12          0          0          0          0        116   dretinf.o
       108          0          0          0          0        128   drleqf.o
        86          4          0          0          0        132   f2d.o
       140          4          0          0          0        132   fnaninf.o
        10          0          0          0          0        116   fpinit.o
        10          0          0          0          0        116   fretinf.o
         0          0          0          0          0          0   usenofp.o

    ----------------------------------------------------------------------
      3742        234          0          0        100       3624   Library Totals
        12          0          0          0          4          0   (incl. Padding)

    ----------------------------------------------------------------------

      Code (inc. data)   RO Data    RW Data    ZI Data      Debug   Library Name

       994         42          0          0         96       1316   c_w.l
      2736        192          0          0          0       2308   fz_wm.l

    ----------------------------------------------------------------------
      3742        234          0          0        100       3624   Library Totals

    ----------------------------------------------------------------------

==============================================================================


      Code (inc. data)   RO Data    RW Data    ZI Data      Debug   

     29714       1786        682        332       2452     409679   Grand Totals
     29714       1786        682         44       2452     409679   ELF Image Totals (compressed)
     29714       1786        682         44          0          0   ROM Totals

==============================================================================

    Total RO  Size (Code + RO Data)                30396 (  29.68kB)
    Total RW  Size (RW Data + ZI Data)              2784 (   2.72kB)
    Total ROM Size (Code + RO Data + RW Data)      30440 (  29.73kB)

==============================================================================

