<html>
<body>
<pre>
<h1>礦ision Build Log</h1>
<h2>Tool Versions:</h2>
IDE-Version: μVision V5.21.1.0
Copyright (C) 2016 ARM Ltd and ARM Germany GmbH. All rights reserved.
License Information: 11 Mao, 11, LIC=X1E56-DGJB3-YDTK5-GNFSU-3FT83-DBIMF
 
Tool Versions:
Toolchain:       MDK-ARM Professional  Version: 5.21a
Toolchain Path:  G:\Soft_Work\Keil ARM\ARM\ARMCC\Bin
C Compiler:      Armcc.exe V5.06 update 3 (build 300)
Assembler:       Armasm.exe V5.06 update 3 (build 300)
Linker/Locator:  ArmLink.exe V5.06 update 3 (build 300)
Library Manager: ArmAr.exe V5.06 update 3 (build 300)
Hex Converter:   FromElf.exe V5.06 update 3 (build 300)
CPU DLL:         SARMCM3.DLL V5.21a
Dialog DLL:      DCM.DLL V1.13.8.0
Target DLL:      Segger\JL2CM3.dll V2.99.23.0
Dialog DLL:      TCM.DLL V1.14.14.0
 
<h2>Project:</h2>
C:\Users\Mao\Desktop\RM程序优化\RM复原\RM17步兵主控\步车主控 v0.3-20161215\Project\MDK-ARM\RM17_INFANTRY.uvprojx
Project File Date:  12/15/2016

<h2>Output:</h2>
*** Using Compiler 'V5.06 update 3 (build 300)', folder: 'G:\Soft_Work\Keil ARM\ARM\ARMCC\Bin'
Build target 'Test'
compiling ShootControl.c...
linking...
Program Size: Code=25960 RO-data=424 RW-data=196 ZI-data=2428  
FromELF: creating hex file...
".\Obj\RM17_INFANTRY.axf" - 0 Error(s), 0 Warning(s).

<h2>Software Packages used:</h2>

Package Vendor: ARM
                http://www.keil.com/pack/ARM.CMSIS.4.5.0.pack
                ARM::CMSIS:CORE:4.3.0
                CMSIS (Cortex Microcontroller Software Interface Standard)
   * Component: CORE Version: 4.3.0

<h2>Collection of Component include folders:</h2>
  C:\Users\Mao\Desktop\RM程序优化\RM复原\RM17步兵主控\步车主控 v0.3-20161215\Project\MDK-ARM\RTE
  G:\Soft_Work\Keil ARM\ARM\PACK\ARM\CMSIS\4.5.0\CMSIS\Include
  G:\Soft_Work\Keil ARM\ARM\PACK\Keil\STM32F4xx_DFP\2.10.0\Drivers\CMSIS\Device\ST\STM32F4xx\Include

<h2>Collection of Component Files used:</h2>

   * Component: ARM::CMSIS:CORE:4.3.0
Build Time Elapsed:  00:00:02
</pre>
</body>
</html>
