<html>
<body>
<pre>
<h1>礦ision Build Log</h1>
<h2>Project:</h2>
C:\Users\Mao\Desktop\RM程序优化\RM复原\步车主控 - 更改框架\Project\MDK-ARM\RM17_INFANTRY.uvprojx
Project File Date:  11/30/2016

<h2>Output:</h2>
Build target 'Test'
linking...
Program Size: Code=29714 RO-data=682 RW-data=332 ZI-data=2452  
FromELF: creating hex file...
".\Obj\RM17_INFANTRY.axf" - 0 Error(s), 0 Warning(s).

<h2>Software Packages used:</h2>

Package Vendor: ARM
                http://www.keil.com/pack/ARM.CMSIS.4.1.0.pack
                ARM::CMSIS:CORE:3.30.0
                CMSIS (Cortex Microcontroller Software Interface Standard)
   * Component: CORE Version: 3.30.0

<h2>Collection of Component include folders:</h2>
  C:\Users\Mao\Desktop\RM程序优化\RM复原\步车主控 - 更改框架\Project\MDK-ARM\RTE
  G:\Soft_Work\Keil ARM\ARM\PACK\ARM\CMSIS\4.1.0\CMSIS\Include

<h2>Collection of Component Files used:</h2>

   * Component: ARM::CMSIS:CORE:3.30.0
      Source file:   CMSIS\UserCodeTemplates\ARM\ITM_Retarget.c
move.c...
compiling mpu6050_driver.c...
compiling mpu6050_i2c.c...
compiling mpu6050_interrupt.c...
compiling mpu6050_process.c...
..\..\HARDWARE\MPU6050\mpu6050_process.c(132): warning:  #1035-D: single-precision operand implicitly converted to double-precision
        gz_input=gz/Gyro_Gr*AtR;
..\..\HARDWARE\MPU6050\mpu6050_process.c(191): warning:  #1035-D: single-precision operand implicitly converted to double-precision
        AngleGyro += AngleRateGyro * dt;
..\..\HARDWARE\MPU6050\mpu6050_process.c: 2 warnings, 0 errors
compiling pid.c...
compiling pwm.c...
compiling rc.c...
compiling timer.c...
..\..\HARDWARE\TIMR\timer.c(125): warning:  #1035-D: single-precision operand implicitly converted to double-precision
                MPU6050_Angle_Calculate(MPU6050_Real_Data.Gyro_X*Gyro_Gr,
..\..\HARDWARE\TIMR\timer.c(126): warning:  #1035-D: single-precision operand implicitly converted to double-precision
                                                                                                                MPU6050_Real_Data.Gyro_Y*Gyro_Gr,
..\..\HARDWARE\TIMR\timer.c(127): warning:  #1035-D: single-precision operand implicitly converted to double-precision
                                                                                                                MPU6050_Real_Data.Gyro_Z*Gyro_G,
..\..\HARDWARE\TIMR\timer.c: 3 warnings, 0 errors
compiling usart3.c...
..\..\HARDWARE\UART3\usart3.c(63): warning:  #177-D: variable "Yaw_adjust" was declared but never referenced
  static int16_t Yaw_adjust   = 0;
..\..\HARDWARE\UART3\usart3.c(64): warning:  #177-D: variable "Pitch_adjust" was declared but never referenced
  static int16_t Pitch_adjust = 0;
..\..\HARDWARE\UART3\usart3.c: 2 warnings, 0 errors
compiling view.c...
compiling misc.c...
compiling stm32f4xx_adc.c...
compiling stm32f4xx_can.c...
compiling stm32f4xx_crc.c...
compiling stm32f4xx_cryp.c...
compiling stm32f4xx_cryp_aes.c...
compiling stm32f4xx_cryp_des.c...
compiling stm32f4xx_cryp_tdes.c...
compiling stm32f4xx_dac.c...
compiling stm32f4xx_dbgmcu.c...
compiling stm32f4xx_dcmi.c...
compiling stm32f4xx_dma.c...
compiling stm32f4xx_exti.c...
compiling stm32f4xx_flash.c...
compiling stm32f4xx_fsmc.c...
compiling stm32f4xx_gpio.c...
compiling stm32f4xx_hash.c...
compiling stm32f4xx_hash_md5.c...
compiling stm32f4xx_hash_sha1.c...
compiling stm32f4xx_i2c.c...
compiling stm32f4xx_iwdg.c...
compiling stm32f4xx_pwr.c...
compiling stm32f4xx_rcc.c...
compiling stm32f4xx_rng.c...
compiling stm32f4xx_rtc.c...
compiling stm32f4xx_sdio.c...
compiling stm32f4xx_spi.c...
compiling stm32f4xx_syscfg.c...
compiling stm32f4xx_tim.c...
compiling stm32f4xx_usart.c...
compiling stm32f4xx_wwdg.c...
compiling ControlTask.c...
..\..\SYSTEM\Controltask\ControlTask.c(126): warning:  #1035-D: single-precision operand implicitly converted to double-precision
                        move_round =  -( MotorPositionYaw - MIDDLE_YAW )* 1.5;                                  //底盘跟随
..\..\SYSTEM\Controltask\ControlTask.c(238): warning:  #1035-D: single-precision operand implicitly converted to double-precision
        relative_yaw = (float)(AngleYaw_set - AngleYaw_now)*22.76;//8192/360;
..\..\SYSTEM\Controltask\ControlTask.c(293): warning:  #1035-D: single-precision operand implicitly converted to double-precision
                                relative_yaw = (float)(AngleYaw_set - AngleYaw_now)*22.76;//8192/360;
..\..\SYSTEM\Controltask\ControlTask.c(313): warning:  #1035-D: single-precision operand implicitly converted to double-precision
                                relative_yaw = (float)(AngleYaw_set - AngleYaw_now)*22.76;//8192/360;
..\..\SYSTEM\Controltask\ControlTask.c: 4 warnings, 0 errors
compiling delay.c...
compiling sys.c...
compiling usart.c...
linking...
Program Size: Code=29714 RO-data=682 RW-data=332 ZI-data=2452  
FromELF: creating hex file...
".\Obj\Test.axf" - 0 Error(s), 13 Warning(s).

<h2>Software Packages used:</h2>

Package Vendor: ARM
                http://www.keil.com/pack/ARM.CMSIS.4.1.0.pack
                ARM::CMSIS:CORE:3.30.0
                CMSIS (Cortex Microcontroller Software Interface Standard)
   * Component: CORE Version: 3.30.0

<h2>Collection of Component include folders:</h2>
  C:\Users\Mao\Desktop\RM程序优化\RM复原\步车主控 - 更改框架\Project\MDK-ARM\RTE
  G:\Soft_Work\Keil ARM\ARM\PACK\ARM\CMSIS\4.1.0\CMSIS\Include

<h2>Collection of Component Files used:</h2>

   * Component: ARM::CMSIS:CORE:3.30.0
      Source file:   CMSIS\UserCodeTemplates\ARM\ITM_Retarget.c
